2026-10-05T07:02:03.070176+00:00 SEGGER J-Link Commander V9.66 (Compiled Aug  5 2026 12:20:09)
2026-10-05T07:02:03.074242+00:00 DLL version V9.66, compiled Aug  5 2026 12:19:06
2026-10-05T07:02:03.074326+00:00 
2026-10-05T07:02:03.074383+00:00 
2026-10-05T07:02:03.074421+00:00 J-Link Command File read successfully.
2026-10-05T07:02:03.074450+00:00 Processing script file...
2026-10-05T07:02:03.074476+00:00 J-Link>connect
2026-10-05T07:02:03.074501+00:00 J-Link connection not established yet but required for command.
2026-10-05T07:02:03.393330+00:00 Connecting to J-Link ...O.K.
2026-10-05T07:02:03.393421+00:00 Firmware: J-Link OB-SAM3U128-V2-NordicSemi compiled Jul  8 2025 10:14:41
2026-10-05T07:02:03.393439+00:00 Hardware version: V1.00
2026-10-05T07:02:03.393601+00:00 J-Link uptime (since boot): 0d 07h 11m 48s
2026-10-05T07:02:03.393633+00:00 S/N: 683833660
2026-10-05T07:02:03.398580+00:00 License(s): RDI,FlashBP,FlashDL,JFlash,GDB
2026-10-05T07:02:03.398709+00:00 USB speed mode: High speed (480 MBit/s)
2026-10-05T07:02:03.398940+00:00 VTref=3.300V
2026-10-05T07:02:03.406872+00:00 Device "NRF52840_XXAA" selected.
2026-10-05T07:02:03.407241+00:00 
2026-10-05T07:02:03.407261+00:00 
2026-10-05T07:02:03.407828+00:00 Connecting to target via SWD
2026-10-05T07:02:03.408206+00:00 InitTarget() start
2026-10-05T07:02:03.410743+00:00 InitTarget() end - Took 2.45ms
2026-10-05T07:02:03.411232+00:00 Found SW-DP with ID 0x2BA01477
2026-10-05T07:02:03.413117+00:00 DPIDR: 0x2BA01477
2026-10-05T07:02:03.413178+00:00 CoreSight SoC-400 or earlier
2026-10-05T07:02:03.413191+00:00 Scanning AP map to find all available APs
2026-10-05T07:02:03.414018+00:00 AP[2]: Stopped AP scan as end of AP map has been reached
2026-10-05T07:02:03.414085+00:00 AP[0]: AHB-AP (IDR: 0x24770011, ADDR: 0x00000000)
2026-10-05T07:02:03.414099+00:00 AP[1]: JTAG-AP (IDR: 0x02880000, ADDR: 0x01000000)
2026-10-05T07:02:03.414110+00:00 Iterating through AP map to find AHB-AP to use
2026-10-05T07:02:03.414879+00:00 AP[0]: Core found
2026-10-05T07:02:03.414938+00:00 AP[0]: AHB-AP ROM base: 0xE00FF000
2026-10-05T07:02:03.415429+00:00 CPUID register: 0x410FC241. Implementer code: 0x41 (ARM)
2026-10-05T07:02:03.415464+00:00 Found Cortex-M4 r0p1, Little endian.
2026-10-05T07:02:03.417113+00:00 FPUnit: 6 code (BP) slots and 2 literal slots
2026-10-05T07:02:03.420527+00:00 CoreSight components:
2026-10-05T07:02:03.420596+00:00 ROMTbl[0] @ E00FF000
2026-10-05T07:02:03.422653+00:00 [0][0]: E000E000 CID B105E00D PID 000BB00C SCS-M7
2026-10-05T07:02:03.423483+00:00 [0][1]: E0001000 CID B105E00D PID 003BB002 DWT
2026-10-05T07:02:03.424242+00:00 [0][2]: E0002000 CID B105E00D PID 002BB003 FPB
2026-10-05T07:02:03.425035+00:00 [0][3]: E0000000 CID B105E00D PID 003BB001 ITM
2026-10-05T07:02:03.425816+00:00 [0][4]: E0040000 CID B105900D PID 000BB9A1 TPIU
2026-10-05T07:02:03.426636+00:00 [0][5]: E0041000 CID B105900D PID 000BB925 ETM
2026-10-05T07:02:03.427333+00:00 Memory zones:
2026-10-05T07:02:03.427352+00:00   Zone: "Default" Description: Default access mode
2026-10-05T07:02:03.427362+00:00 Cortex-M4 identified.
2026-10-05T07:02:03.427368+00:00 J-Link>go
2026-10-05T07:02:03.427838+00:00 
2026-10-05T07:02:03.427891+00:00 ****** Error: CPU is not halted
2026-10-05T07:02:03.427905+00:00 J-Link>mem32 0x200009C0, 10
2026-10-05T07:02:03.429081+00:00 200009C0 = 00000000 00000100 00000001 00010001 
2026-10-05T07:02:03.429147+00:00 200009D0 = 00000000 00000000 05D28E08 00000000 
2026-10-05T07:02:03.429170+00:00 200009E0 = 07580910 00000000 00000000 00000000 
2026-10-05T07:02:03.429184+00:00 200009F0 = 00000000 00000000 00000000 00000000 
2026-10-05T07:02:03.429196+00:00 J-Link>mem32 0x2000FC00, 5
2026-10-05T07:02:03.430075+00:00 2000FC00 = 00000000 00000000 00000000 00000000 
2026-10-05T07:02:03.430096+00:00 2000FC10 = 00000000 
2026-10-05T07:02:03.430102+00:00 J-Link>mem32 0xE000ED28, 3
2026-10-05T07:02:03.430660+00:00 E000ED28 = 00000000 00000000 00000000 
2026-10-05T07:02:03.430713+00:00 J-Link>mem32 0xE000EDF0, 1
2026-10-05T07:02:03.431118+00:00 E000EDF0 = 01010001 
2026-10-05T07:02:03.431172+00:00 J-Link>sleep 100
2026-10-05T07:02:03.431214+00:00 Sleep(100)
2026-10-05T07:02:03.541176+00:00 J-Link>mem32 0x200009C0, 10
2026-10-05T07:02:03.542508+00:00 200009C0 = 00000000 00000100 00000001 00010001 
2026-10-05T07:02:03.542568+00:00 200009D0 = 00000000 00000000 05D28E08 00000000 
2026-10-05T07:02:03.542610+00:00 200009E0 = 075A5300 00000000 00000000 00000000 
2026-10-05T07:02:03.542637+00:00 200009F0 = 00000000 00000000 00000000 00000000 
2026-10-05T07:02:03.542649+00:00 J-Link>mem32 0x2000FC00, 5
2026-10-05T07:02:03.543378+00:00 2000FC00 = 00000000 00000000 00000000 00000000 
2026-10-05T07:02:03.543428+00:00 2000FC10 = 00000000 
2026-10-05T07:02:03.543439+00:00 J-Link>mem32 0xE000ED28, 3
2026-10-05T07:02:03.543994+00:00 E000ED28 = 00000000 00000000 00000000 
2026-10-05T07:02:03.544040+00:00 J-Link>mem32 0xE000EDF0, 1
2026-10-05T07:02:03.544512+00:00 E000EDF0 = 01010001 
2026-10-05T07:02:03.544545+00:00 J-Link>sleep 100
2026-10-05T07:02:03.544552+00:00 Sleep(100)
2026-10-05T07:02:03.654591+00:00 J-Link>mem32 0x200009C0, 10
2026-10-05T07:02:03.655916+00:00 200009C0 = 00000000 00000100 00000001 00010001 
2026-10-05T07:02:03.655980+00:00 200009D0 = 00000000 00000000 05D28E08 00000000 
2026-10-05T07:02:03.655993+00:00 200009E0 = 075BD9A0 00000000 00000000 00000000 
2026-10-05T07:02:03.656036+00:00 200009F0 = 00000000 00000000 00000000 00000000 
2026-10-05T07:02:03.656066+00:00 J-Link>mem32 0x2000FC00, 5
2026-10-05T07:02:03.656807+00:00 2000FC00 = 00000000 00000000 00000000 00000000 
2026-10-05T07:02:03.656880+00:00 2000FC10 = 00000000 
2026-10-05T07:02:03.656895+00:00 J-Link>mem32 0xE000ED28, 3
2026-10-05T07:02:03.657448+00:00 E000ED28 = 00000000 00000000 00000000 
2026-10-05T07:02:03.657470+00:00 J-Link>mem32 0xE000EDF0, 1
2026-10-05T07:02:03.657923+00:00 E000EDF0 = 01010001 
2026-10-05T07:02:03.657962+00:00 J-Link>sleep 100
2026-10-05T07:02:03.657974+00:00 Sleep(100)
2026-10-05T07:02:03.767997+00:00 J-Link>mem32 0x200009C0, 10
2026-10-05T07:02:03.769313+00:00 200009C0 = 00000000 00000100 00000001 00010001 
2026-10-05T07:02:03.769391+00:00 200009D0 = 00000000 00000000 05D28E08 00000000 
2026-10-05T07:02:03.769442+00:00 200009E0 = 075D6040 00000000 00000000 00000000 
2026-10-05T07:02:03.769472+00:00 200009F0 = 00000000 00000000 00000000 00000000 
2026-10-05T07:02:03.769485+00:00 J-Link>mem32 0x2000FC00, 5
2026-10-05T07:02:03.770292+00:00 2000FC00 = 00000000 00000000 00000000 00000000 
2026-10-05T07:02:03.770356+00:00 2000FC10 = 00000000 
2026-10-05T07:02:03.770369+00:00 J-Link>mem32 0xE000ED28, 3
2026-10-05T07:02:03.770899+00:00 E000ED28 = 00000000 00000000 00000000 
2026-10-05T07:02:03.770957+00:00 J-Link>mem32 0xE000EDF0, 1
2026-10-05T07:02:03.771398+00:00 E000EDF0 = 01010001 
2026-10-05T07:02:03.771444+00:00 J-Link>sleep 100
2026-10-05T07:02:03.771455+00:00 Sleep(100)
2026-10-05T07:02:03.881476+00:00 J-Link>mem32 0x200009C0, 10
2026-10-05T07:02:03.882805+00:00 200009C0 = 00000000 00000100 00000001 00010001 
2026-10-05T07:02:03.882870+00:00 200009D0 = 00000000 00000000 05D28E08 00000000 
2026-10-05T07:02:03.882896+00:00 200009E0 = 075EE6E0 00000000 00000000 00000000 
2026-10-05T07:02:03.882913+00:00 200009F0 = 00000000 00000000 00000000 00000000 
2026-10-05T07:02:03.882968+00:00 J-Link>mem32 0x2000FC00, 5
2026-10-05T07:02:03.883806+00:00 2000FC00 = 00000000 00000000 00000000 00000000 
2026-10-05T07:02:03.883864+00:00 2000FC10 = 00000000 
2026-10-05T07:02:03.883877+00:00 J-Link>mem32 0xE000ED28, 3
2026-10-05T07:02:03.884439+00:00 E000ED28 = 00000000 00000000 00000000 
2026-10-05T07:02:03.884518+00:00 J-Link>mem32 0xE000EDF0, 1
2026-10-05T07:02:03.884946+00:00 E000EDF0 = 01010001 
2026-10-05T07:02:03.884990+00:00 J-Link>sleep 100
2026-10-05T07:02:03.885001+00:00 Sleep(100)
2026-10-05T07:02:03.995008+00:00 J-Link>mem32 0x200009C0, 10
2026-10-05T07:02:03.996344+00:00 200009C0 = 00000000 00000100 00000001 00010001 
2026-10-05T07:02:03.996413+00:00 200009D0 = 00000000 00000000 05D28E08 00000000 
2026-10-05T07:02:03.996425+00:00 200009E0 = 076130D0 00000000 00000000 00000000 
2026-10-05T07:02:03.996464+00:00 200009F0 = 00000000 00000000 00000000 00000000 
2026-10-05T07:02:03.996503+00:00 J-Link>mem32 0x2000FC00, 5
2026-10-05T07:02:03.997218+00:00 2000FC00 = 00000000 00000000 00000000 00000000 
2026-10-05T07:02:03.997274+00:00 2000FC10 = 00000000 
2026-10-05T07:02:03.997291+00:00 J-Link>mem32 0xE000ED28, 3
2026-10-05T07:02:03.997855+00:00 E000ED28 = 00000000 00000000 00000000 
2026-10-05T07:02:03.997903+00:00 J-Link>mem32 0xE000EDF0, 1
2026-10-05T07:02:03.998327+00:00 E000EDF0 = 01010001 
2026-10-05T07:02:03.998385+00:00 J-Link>sleep 100
2026-10-05T07:02:03.998396+00:00 Sleep(100)
2026-10-05T07:02:04.101881+00:00 J-Link>mem32 0x200009C0, 10
2026-10-05T07:02:04.104171+00:00 200009C0 = 00000000 00000100 00000001 00010001 
2026-10-05T07:02:04.104247+00:00 200009D0 = 00000000 00000000 05D28E08 00000000 
2026-10-05T07:02:04.104261+00:00 200009E0 = 0762BB58 00000000 00000000 00000000 
2026-10-05T07:02:04.104270+00:00 200009F0 = 00000000 00000000 00000000 00000000 
2026-10-05T07:02:04.104278+00:00 J-Link>mem32 0x2000FC00, 5
2026-10-05T07:02:04.106057+00:00 2000FC00 = 00000000 00000000 00000000 00000000 
2026-10-05T07:02:04.106128+00:00 2000FC10 = 00000000 
2026-10-05T07:02:04.106169+00:00 J-Link>mem32 0xE000ED28, 3
2026-10-05T07:02:04.107229+00:00 E000ED28 = 00000000 00000000 00000000 
2026-10-05T07:02:04.107298+00:00 J-Link>mem32 0xE000EDF0, 1
2026-10-05T07:02:04.110216+00:00 E000EDF0 = 01010001 
2026-10-05T07:02:04.110290+00:00 J-Link>sleep 100
2026-10-05T07:02:04.110321+00:00 Sleep(100)
2026-10-05T07:02:04.217961+00:00 J-Link>mem32 0x200009C0, 10
2026-10-05T07:02:04.219313+00:00 200009C0 = 00000000 00000100 00000001 00010001 
2026-10-05T07:02:04.219383+00:00 200009D0 = 00000000 00000000 05D28E08 00000000 
2026-10-05T07:02:04.219406+00:00 200009E0 = 076441F8 00000000 00000000 00000000 
2026-10-05T07:02:04.219421+00:00 200009F0 = 00000000 00000000 00000000 00000000 
2026-10-05T07:02:04.219431+00:00 J-Link>mem32 0x2000FC00, 5
2026-10-05T07:02:04.220018+00:00 2000FC00 = 00000000 00000000 00000000 00000000 
2026-10-05T07:02:04.220059+00:00 2000FC10 = 00000000 
2026-10-05T07:02:04.220069+00:00 J-Link>mem32 0xE000ED28, 3
2026-10-05T07:02:04.220644+00:00 E000ED28 = 00000000 00000000 00000000 
2026-10-05T07:02:04.220687+00:00 J-Link>mem32 0xE000EDF0, 1
2026-10-05T07:02:04.221153+00:00 E000EDF0 = 01010001 
2026-10-05T07:02:04.221210+00:00 J-Link>sleep 100
2026-10-05T07:02:04.221223+00:00 Sleep(100)
2026-10-05T07:02:04.331225+00:00 J-Link>mem32 0x200009C0, 10
2026-10-05T07:02:04.332541+00:00 200009C0 = 00000000 00000100 00000001 00010001 
2026-10-05T07:02:04.332613+00:00 200009D0 = 00000000 00000000 05D28E08 00000000 
2026-10-05T07:02:04.332636+00:00 200009E0 = 0765C898 00000000 00000000 00000000 
2026-10-05T07:02:04.332647+00:00 200009F0 = 00000000 00000000 00000000 00000000 
2026-10-05T07:02:04.332656+00:00 J-Link>mem32 0x2000FC00, 5
2026-10-05T07:02:04.333559+00:00 2000FC00 = 00000000 00000000 00000000 00000000 
2026-10-05T07:02:04.333623+00:00 2000FC10 = 00000000 
2026-10-05T07:02:04.333664+00:00 J-Link>mem32 0xE000ED28, 3
2026-10-05T07:02:04.334382+00:00 E000ED28 = 00000000 00000000 00000000 
2026-10-05T07:02:04.334436+00:00 J-Link>mem32 0xE000EDF0, 1
2026-10-05T07:02:04.334895+00:00 E000EDF0 = 01010001 
2026-10-05T07:02:04.334949+00:00 J-Link>sleep 100
2026-10-05T07:02:04.334961+00:00 Sleep(100)
2026-10-05T07:02:04.446048+00:00 J-Link>mem32 0x200009C0, 10
2026-10-05T07:02:04.450851+00:00 200009C0 = 00000000 00000100 00000001 00010001 
2026-10-05T07:02:04.450938+00:00 200009D0 = 00000000 00000000 05D28E08 00000000 
2026-10-05T07:02:04.450967+00:00 200009E0 = 07681288 00000000 00000000 00000000 
2026-10-05T07:02:04.450987+00:00 200009F0 = 00000000 00000000 00000000 00000000 
2026-10-05T07:02:04.451003+00:00 J-Link>mem32 0x2000FC00, 5
2026-10-05T07:02:04.452116+00:00 2000FC00 = 00000000 00000000 00000000 00000000 
2026-10-05T07:02:04.452172+00:00 2000FC10 = 00000000 
2026-10-05T07:02:04.452183+00:00 J-Link>mem32 0xE000ED28, 3
2026-10-05T07:02:04.452975+00:00 E000ED28 = 00000000 00000000 00000000 
2026-10-05T07:02:04.453015+00:00 J-Link>mem32 0xE000EDF0, 1
2026-10-05T07:02:04.456275+00:00 E000EDF0 = 01010001 
2026-10-05T07:02:04.456347+00:00 J-Link>sleep 100
2026-10-05T07:02:04.456361+00:00 Sleep(100)
2026-10-05T07:02:04.565035+00:00 J-Link>mem32 0x200009C0, 10
2026-10-05T07:02:04.566374+00:00 200009C0 = 00000000 00000100 00000001 00010001 
2026-10-05T07:02:04.566436+00:00 200009D0 = 00000000 00000000 05D28E08 00000000 
2026-10-05T07:02:04.566447+00:00 200009E0 = 07699928 00000000 00000000 00000000 
2026-10-05T07:02:04.566470+00:00 200009F0 = 00000000 00000000 00000000 00000000 
2026-10-05T07:02:04.566481+00:00 J-Link>mem32 0x2000FC00, 5
2026-10-05T07:02:04.567121+00:00 2000FC00 = 00000000 00000000 00000000 00000000 
2026-10-05T07:02:04.567165+00:00 2000FC10 = 00000000 
2026-10-05T07:02:04.567175+00:00 J-Link>mem32 0xE000ED28, 3
2026-10-05T07:02:04.567719+00:00 E000ED28 = 00000000 00000000 00000000 
2026-10-05T07:02:04.567758+00:00 J-Link>mem32 0xE000EDF0, 1
2026-10-05T07:02:04.568280+00:00 E000EDF0 = 01010001 
2026-10-05T07:02:04.568324+00:00 J-Link>sleep 100
2026-10-05T07:02:04.568335+00:00 Sleep(100)
2026-10-05T07:02:04.681759+00:00 J-Link>mem32 0x200009C0, 10
2026-10-05T07:02:04.683290+00:00 200009C0 = 00000000 00000100 00000001 00010001 
2026-10-05T07:02:04.683347+00:00 200009D0 = 00000000 00000000 05D28E08 00000000 
2026-10-05T07:02:04.683382+00:00 200009E0 = 076B1FC8 00000000 00000000 00000000 
2026-10-05T07:02:04.683411+00:00 200009F0 = 00000000 00000000 00000000 00000000 
2026-10-05T07:02:04.683424+00:00 J-Link>mem32 0x2000FC00, 5
2026-10-05T07:02:04.684152+00:00 2000FC00 = 00000000 00000000 00000000 00000000 
2026-10-05T07:02:04.684197+00:00 2000FC10 = 00000000 
2026-10-05T07:02:04.684212+00:00 J-Link>mem32 0xE000ED28, 3
2026-10-05T07:02:04.684849+00:00 E000ED28 = 00000000 00000000 00000000 
2026-10-05T07:02:04.684906+00:00 J-Link>mem32 0xE000EDF0, 1
2026-10-05T07:02:04.685323+00:00 E000EDF0 = 01010001 
2026-10-05T07:02:04.685369+00:00 J-Link>sleep 100
2026-10-05T07:02:04.685379+00:00 Sleep(100)
2026-10-05T07:02:04.795382+00:00 J-Link>mem32 0x200009C0, 10
2026-10-05T07:02:04.796699+00:00 200009C0 = 00000000 00000100 00000001 00010001 
2026-10-05T07:02:04.796750+00:00 200009D0 = 00000000 00000000 05D28E08 00000000 
2026-10-05T07:02:04.796762+00:00 200009E0 = 076D69B8 00000000 00000000 00000000 
2026-10-05T07:02:04.796779+00:00 200009F0 = 00000000 00000000 00000000 00000000 
2026-10-05T07:02:04.796789+00:00 J-Link>mem32 0x2000FC00, 5
2026-10-05T07:02:04.797412+00:00 2000FC00 = 00000000 00000000 00000000 00000000 
2026-10-05T07:02:04.797454+00:00 2000FC10 = 00000000 
2026-10-05T07:02:04.797466+00:00 J-Link>mem32 0xE000ED28, 3
2026-10-05T07:02:04.798009+00:00 E000ED28 = 00000000 00000000 00000000 
2026-10-05T07:02:04.798040+00:00 J-Link>mem32 0xE000EDF0, 1
2026-10-05T07:02:04.798474+00:00 E000EDF0 = 01010001 
2026-10-05T07:02:04.798500+00:00 J-Link>sleep 100
2026-10-05T07:02:04.798509+00:00 Sleep(100)
2026-10-05T07:02:04.908556+00:00 J-Link>mem32 0x200009C0, 10
2026-10-05T07:02:04.909855+00:00 200009C0 = 00000000 00000100 00000001 00010001 
2026-10-05T07:02:04.909905+00:00 200009D0 = 00000000 00000000 05D28E08 00000000 
2026-10-05T07:02:04.909915+00:00 200009E0 = 076EF058 00000000 00000000 00000000 
2026-10-05T07:02:04.909935+00:00 200009F0 = 00000000 00000000 00000000 00000000 
2026-10-05T07:02:04.909947+00:00 J-Link>mem32 0x2000FC00, 5
2026-10-05T07:02:04.910566+00:00 2000FC00 = 00000000 00000000 00000000 00000000 
2026-10-05T07:02:04.910601+00:00 2000FC10 = 00000000 
2026-10-05T07:02:04.910610+00:00 J-Link>mem32 0xE000ED28, 3
2026-10-05T07:02:04.911129+00:00 E000ED28 = 00000000 00000000 00000000 
2026-10-05T07:02:04.911155+00:00 J-Link>mem32 0xE000EDF0, 1
2026-10-05T07:02:04.911580+00:00 E000EDF0 = 01010001 
2026-10-05T07:02:04.911599+00:00 J-Link>sleep 100
2026-10-05T07:02:04.911607+00:00 Sleep(100)
2026-10-05T07:02:05.021643+00:00 J-Link>mem32 0x200009C0, 10
2026-10-05T07:02:05.022990+00:00 200009C0 = 00000000 00000100 00000001 00010001 
2026-10-05T07:02:05.023053+00:00 200009D0 = 00000000 00000000 05D28E08 00000000 
2026-10-05T07:02:05.023066+00:00 200009E0 = 077076F8 00000000 00000000 00000000 
2026-10-05T07:02:05.023093+00:00 200009F0 = 00000000 00000000 00000000 00000000 
2026-10-05T07:02:05.023101+00:00 J-Link>mem32 0x2000FC00, 5
2026-10-05T07:02:05.023733+00:00 2000FC00 = 00000000 00000000 00000000 00000000 
2026-10-05T07:02:05.023794+00:00 2000FC10 = 00000000 
2026-10-05T07:02:05.023817+00:00 J-Link>mem32 0xE000ED28, 3
2026-10-05T07:02:05.024361+00:00 E000ED28 = 00000000 00000000 00000000 
2026-10-05T07:02:05.024409+00:00 J-Link>mem32 0xE000EDF0, 1
2026-10-05T07:02:05.024826+00:00 E000EDF0 = 01010001 
2026-10-05T07:02:05.024840+00:00 J-Link>sleep 100
2026-10-05T07:02:05.024848+00:00 Sleep(100)
2026-10-05T07:02:05.128002+00:00 J-Link>mem32 0x200009C0, 10
2026-10-05T07:02:05.129355+00:00 200009C0 = 00000000 00000100 00000001 00010001 
2026-10-05T07:02:05.129385+00:00 200009D0 = 00000000 00000000 05D28E08 00000000 
2026-10-05T07:02:05.129391+00:00 200009E0 = 0771FD98 00000000 00000000 00000000 
2026-10-05T07:02:05.129396+00:00 200009F0 = 00000000 00000000 00000000 00000000 
2026-10-05T07:02:05.129400+00:00 J-Link>mem32 0x2000FC00, 5
2026-10-05T07:02:05.130002+00:00 2000FC00 = 00000000 00000000 00000000 00000000 
2026-10-05T07:02:05.130050+00:00 2000FC10 = 00000000 
2026-10-05T07:02:05.130088+00:00 J-Link>mem32 0xE000ED28, 3
2026-10-05T07:02:05.130549+00:00 E000ED28 = 00000000 00000000 00000000 
2026-10-05T07:02:05.130574+00:00 J-Link>mem32 0xE000EDF0, 1
2026-10-05T07:02:05.130992+00:00 E000EDF0 = 01010001 
2026-10-05T07:02:05.131001+00:00 J-Link>sleep 100
2026-10-05T07:02:05.131005+00:00 Sleep(100)
2026-10-05T07:02:05.239692+00:00 J-Link>mem32 0x200009C0, 10
2026-10-05T07:02:05.241071+00:00 200009C0 = 00000000 00000100 00000001 00010001 
2026-10-05T07:02:05.241104+00:00 200009D0 = 00000000 00000000 05D28E08 00000000 
2026-10-05T07:02:05.241111+00:00 200009E0 = 07744788 00000000 00000000 00000000 
2026-10-05T07:02:05.241116+00:00 200009F0 = 00000000 00000000 00000000 00000000 
2026-10-05T07:02:05.241119+00:00 J-Link>mem32 0x2000FC00, 5
2026-10-05T07:02:05.241731+00:00 2000FC00 = 00000000 00000000 00000000 00000000 
2026-10-05T07:02:05.241755+00:00 2000FC10 = 00000000 
2026-10-05T07:02:05.241760+00:00 J-Link>mem32 0xE000ED28, 3
2026-10-05T07:02:05.242268+00:00 E000ED28 = 00000000 00000000 00000000 
2026-10-05T07:02:05.242288+00:00 J-Link>mem32 0xE000EDF0, 1
2026-10-05T07:02:05.242773+00:00 E000EDF0 = 01010001 
2026-10-05T07:02:05.242781+00:00 J-Link>sleep 100
2026-10-05T07:02:05.242784+00:00 Sleep(100)
2026-10-05T07:02:05.352884+00:00 J-Link>mem32 0x200009C0, 10
2026-10-05T07:02:05.354133+00:00 200009C0 = 00000000 00000100 00000001 00010001 
2026-10-05T07:02:05.354144+00:00 200009D0 = 00000000 00000000 05D28E08 00000000 
2026-10-05T07:02:05.354149+00:00 200009E0 = 0775CE28 00000000 00000000 00000000 
2026-10-05T07:02:05.354154+00:00 200009F0 = 00000000 00000000 00000000 00000000 
2026-10-05T07:02:05.354157+00:00 J-Link>mem32 0x2000FC00, 5
2026-10-05T07:02:05.354802+00:00 2000FC00 = 00000000 00000000 00000000 00000000 
2026-10-05T07:02:05.354809+00:00 2000FC10 = 00000000 
2026-10-05T07:02:05.354812+00:00 J-Link>mem32 0xE000ED28, 3
2026-10-05T07:02:05.355338+00:00 E000ED28 = 00000000 00000000 00000000 
2026-10-05T07:02:05.355346+00:00 J-Link>mem32 0xE000EDF0, 1
2026-10-05T07:02:05.355774+00:00 E000EDF0 = 01010001 
2026-10-05T07:02:05.355815+00:00 J-Link>sleep 100
2026-10-05T07:02:05.355828+00:00 Sleep(100)
2026-10-05T07:02:05.462718+00:00 J-Link>mem32 0x200009C0, 10
2026-10-05T07:02:05.464162+00:00 200009C0 = 00000000 00000100 00000001 00010001 
2026-10-05T07:02:05.464193+00:00 200009D0 = 00000000 00000000 05D28E08 00000000 
2026-10-05T07:02:05.464200+00:00 200009E0 = 077754C8 00000000 00000000 00000000 
2026-10-05T07:02:05.464205+00:00 200009F0 = 00000000 00000000 00000000 00000000 
2026-10-05T07:02:05.464214+00:00 J-Link>mem32 0x2000FC00, 5
2026-10-05T07:02:05.464832+00:00 2000FC00 = 00000000 00000000 00000000 00000000 
2026-10-05T07:02:05.464843+00:00 2000FC10 = 00000000 
2026-10-05T07:02:05.464847+00:00 J-Link>mem32 0xE000ED28, 3
2026-10-05T07:02:05.465413+00:00 E000ED28 = 00000000 00000000 00000000 
2026-10-05T07:02:05.465429+00:00 J-Link>mem32 0xE000EDF0, 1
2026-10-05T07:02:05.465862+00:00 E000EDF0 = 01010001 
2026-10-05T07:02:05.465868+00:00 J-Link>sleep 100
2026-10-05T07:02:05.465871+00:00 Sleep(100)
2026-10-05T07:02:05.575929+00:00 J-Link>mem32 0x200009C0, 10
2026-10-05T07:02:05.577159+00:00 200009C0 = 00000000 00000100 00000001 00010001 
2026-10-05T07:02:05.577181+00:00 200009D0 = 00000000 00000000 05D28E08 00000000 
2026-10-05T07:02:05.577187+00:00 200009E0 = 0778DB68 00000000 00000000 00000000 
2026-10-05T07:02:05.577195+00:00 200009F0 = 00000000 00000000 00000000 00000000 
2026-10-05T07:02:05.577201+00:00 J-Link>mem32 0x2000FC00, 5
2026-10-05T07:02:05.577881+00:00 2000FC00 = 00000000 00000000 00000000 00000000 
2026-10-05T07:02:05.577891+00:00 2000FC10 = 00000000 
2026-10-05T07:02:05.577895+00:00 J-Link>mem32 0xE000ED28, 3
2026-10-05T07:02:05.578453+00:00 E000ED28 = 00000000 00000000 00000000 
2026-10-05T07:02:05.578462+00:00 J-Link>mem32 0xE000EDF0, 1
2026-10-05T07:02:05.578913+00:00 E000EDF0 = 01010001 
2026-10-05T07:02:05.578926+00:00 J-Link>sleep 100
2026-10-05T07:02:05.578929+00:00 Sleep(100)
2026-10-05T07:02:05.688952+00:00 J-Link>mem32 0x200009C0, 10
2026-10-05T07:02:05.690195+00:00 200009C0 = 00000000 00000100 00000001 00010001 
2026-10-05T07:02:05.690207+00:00 200009D0 = 00000000 00000000 05D28E08 00000000 
2026-10-05T07:02:05.690211+00:00 200009E0 = 077B2940 00000000 00000000 00000000 
2026-10-05T07:02:05.690215+00:00 200009F0 = 00000000 00000000 00000000 00000000 
2026-10-05T07:02:05.690220+00:00 J-Link>mem32 0x2000FC00, 5
2026-10-05T07:02:05.690895+00:00 2000FC00 = 00000000 00000000 00000000 00000000 
2026-10-05T07:02:05.690905+00:00 2000FC10 = 00000000 
2026-10-05T07:02:05.690913+00:00 J-Link>mem32 0xE000ED28, 3
2026-10-05T07:02:05.691491+00:00 E000ED28 = 00000000 00000000 00000000 
2026-10-05T07:02:05.691500+00:00 J-Link>mem32 0xE000EDF0, 1
2026-10-05T07:02:05.691989+00:00 E000EDF0 = 01010001 
2026-10-05T07:02:05.691999+00:00 J-Link>sleep 100
2026-10-05T07:02:05.692002+00:00 Sleep(100)
2026-10-05T07:02:05.794601+00:00 J-Link>mem32 0x200009C0, 10
2026-10-05T07:02:05.795816+00:00 200009C0 = 00000000 00000100 00000001 00010001 
2026-10-05T07:02:05.795839+00:00 200009D0 = 00000000 00000000 05D28E08 00000000 
2026-10-05T07:02:05.795844+00:00 200009E0 = 077CAFE0 00000000 00000000 00000000 
2026-10-05T07:02:05.795852+00:00 200009F0 = 00000000 00000000 00000000 00000000 
2026-10-05T07:02:05.795857+00:00 J-Link>mem32 0x2000FC00, 5
2026-10-05T07:02:05.796510+00:00 2000FC00 = 00000000 00000000 00000000 00000000 
2026-10-05T07:02:05.796519+00:00 2000FC10 = 00000000 
2026-10-05T07:02:05.796522+00:00 J-Link>mem32 0xE000ED28, 3
2026-10-05T07:02:05.797094+00:00 E000ED28 = 00000000 00000000 00000000 
2026-10-05T07:02:05.797103+00:00 J-Link>mem32 0xE000EDF0, 1
2026-10-05T07:02:05.797566+00:00 E000EDF0 = 01010001 
2026-10-05T07:02:05.797575+00:00 J-Link>sleep 100
2026-10-05T07:02:05.797579+00:00 Sleep(100)
2026-10-05T07:02:05.900028+00:00 J-Link>mem32 0x200009C0, 10
2026-10-05T07:02:05.901337+00:00 200009C0 = 00000000 00000100 00000001 00010001 
2026-10-05T07:02:05.901360+00:00 200009D0 = 00000000 00000000 05D28E08 00000000 
2026-10-05T07:02:05.901366+00:00 200009E0 = 077E3680 00000000 00000000 00000000 
2026-10-05T07:02:05.901374+00:00 200009F0 = 00000000 00000000 00000000 00000000 
2026-10-05T07:02:05.901380+00:00 J-Link>mem32 0x2000FC00, 5
2026-10-05T07:02:05.902040+00:00 2000FC00 = 00000000 00000000 00000000 00000000 
2026-10-05T07:02:05.902052+00:00 2000FC10 = 00000000 
2026-10-05T07:02:05.902059+00:00 J-Link>mem32 0xE000ED28, 3
2026-10-05T07:02:05.902616+00:00 E000ED28 = 00000000 00000000 00000000 
2026-10-05T07:02:05.902626+00:00 J-Link>mem32 0xE000EDF0, 1
2026-10-05T07:02:05.903094+00:00 E000EDF0 = 01010001 
2026-10-05T07:02:05.903103+00:00 J-Link>sleep 100
2026-10-05T07:02:05.903107+00:00 Sleep(100)
2026-10-05T07:02:06.003260+00:00 J-Link>mem32 0x200009C0, 10
2026-10-05T07:02:06.004532+00:00 200009C0 = 00000000 00000100 00000001 00010001 
2026-10-05T07:02:06.004543+00:00 200009D0 = 00000000 00000000 05D28E08 00000000 
2026-10-05T07:02:06.004558+00:00 200009E0 = 077FBD20 00000000 00000000 00000000 
2026-10-05T07:02:06.004562+00:00 200009F0 = 00000000 00000000 00000000 00000000 
2026-10-05T07:02:06.004567+00:00 J-Link>mem32 0x2000FC00, 5
2026-10-05T07:02:06.005217+00:00 2000FC00 = 00000000 00000000 00000000 00000000 
2026-10-05T07:02:06.005225+00:00 2000FC10 = 00000000 
2026-10-05T07:02:06.005229+00:00 J-Link>mem32 0xE000ED28, 3
2026-10-05T07:02:06.005793+00:00 E000ED28 = 00000000 00000000 00000000 
2026-10-05T07:02:06.005802+00:00 J-Link>mem32 0xE000EDF0, 1
2026-10-05T07:02:06.006279+00:00 E000EDF0 = 01010001 
2026-10-05T07:02:06.006290+00:00 J-Link>sleep 100
2026-10-05T07:02:06.006294+00:00 Sleep(100)
2026-10-05T07:02:06.110317+00:00 J-Link>mem32 0x200009C0, 10
2026-10-05T07:02:06.111529+00:00 200009C0 = 00000000 00000100 00000001 00010001 
2026-10-05T07:02:06.111544+00:00 200009D0 = 00000000 00000000 05D28E08 00000000 
2026-10-05T07:02:06.111552+00:00 200009E0 = 078143C0 00000000 00000000 00000000 
2026-10-05T07:02:06.111557+00:00 200009F0 = 00000000 00000000 00000000 00000000 
2026-10-05T07:02:06.111562+00:00 J-Link>mem32 0x2000FC00, 5
2026-10-05T07:02:06.112201+00:00 2000FC00 = 00000000 00000000 00000000 00000000 
2026-10-05T07:02:06.112208+00:00 2000FC10 = 00000000 
2026-10-05T07:02:06.112212+00:00 J-Link>mem32 0xE000ED28, 3
2026-10-05T07:02:06.112866+00:00 E000ED28 = 00000000 00000000 00000000 
2026-10-05T07:02:06.112874+00:00 J-Link>mem32 0xE000EDF0, 1
2026-10-05T07:02:06.113363+00:00 E000EDF0 = 01010001 
2026-10-05T07:02:06.113372+00:00 J-Link>sleep 100
2026-10-05T07:02:06.113376+00:00 Sleep(100)
2026-10-05T07:02:06.218401+00:00 J-Link>mem32 0x200009C0, 10
2026-10-05T07:02:06.219616+00:00 200009C0 = 00000000 00000100 00000001 00010001 
2026-10-05T07:02:06.219631+00:00 200009D0 = 00000000 00000000 05D28E08 00000000 
2026-10-05T07:02:06.219640+00:00 200009E0 = 0782CA60 00000000 00000000 00000000 
2026-10-05T07:02:06.219645+00:00 200009F0 = 00000000 00000000 00000000 00000000 
2026-10-05T07:02:06.219649+00:00 J-Link>mem32 0x2000FC00, 5
2026-10-05T07:02:06.220307+00:00 2000FC00 = 00000000 00000000 00000000 00000000 
2026-10-05T07:02:06.220316+00:00 2000FC10 = 00000000 
2026-10-05T07:02:06.220319+00:00 J-Link>mem32 0xE000ED28, 3
2026-10-05T07:02:06.220886+00:00 E000ED28 = 00000000 00000000 00000000 
2026-10-05T07:02:06.220893+00:00 J-Link>mem32 0xE000EDF0, 1
2026-10-05T07:02:06.221385+00:00 E000EDF0 = 01010001 
2026-10-05T07:02:06.221393+00:00 J-Link>sleep 100
2026-10-05T07:02:06.221397+00:00 Sleep(100)
2026-10-05T07:02:06.331437+00:00 J-Link>mem32 0x200009C0, 10
2026-10-05T07:02:06.332635+00:00 200009C0 = 00000000 00000100 00000001 00010001 
2026-10-05T07:02:06.332646+00:00 200009D0 = 00000000 00000000 05D28E08 00000000 
2026-10-05T07:02:06.332657+00:00 200009E0 = 07845100 00000000 00000000 00000000 
2026-10-05T07:02:06.332663+00:00 200009F0 = 00000000 00000000 00000000 00000000 
2026-10-05T07:02:06.332667+00:00 J-Link>mem32 0x2000FC00, 5
2026-10-05T07:02:06.333329+00:00 2000FC00 = 00000000 00000000 00000000 00000000 
2026-10-05T07:02:06.333338+00:00 2000FC10 = 00000000 
2026-10-05T07:02:06.333342+00:00 J-Link>mem32 0xE000ED28, 3
2026-10-05T07:02:06.333909+00:00 E000ED28 = 00000000 00000000 00000000 
2026-10-05T07:02:06.333915+00:00 J-Link>mem32 0xE000EDF0, 1
2026-10-05T07:02:06.334376+00:00 E000EDF0 = 01010001 
2026-10-05T07:02:06.334383+00:00 J-Link>sleep 100
2026-10-05T07:02:06.334386+00:00 Sleep(100)
2026-10-05T07:02:06.444408+00:00 J-Link>mem32 0x200009C0, 10
2026-10-05T07:02:06.445621+00:00 200009C0 = 00000000 00000100 00000001 00010001 
2026-10-05T07:02:06.445629+00:00 200009D0 = 00000000 00000000 05D28E08 00000000 
2026-10-05T07:02:06.445633+00:00 200009E0 = 07869AF0 00000000 00000000 00000000 
2026-10-05T07:02:06.445641+00:00 200009F0 = 00000000 00000000 00000000 00000000 
2026-10-05T07:02:06.445645+00:00 J-Link>mem32 0x2000FC00, 5
2026-10-05T07:02:06.446306+00:00 2000FC00 = 00000000 00000000 00000000 00000000 
2026-10-05T07:02:06.446312+00:00 2000FC10 = 00000000 
2026-10-05T07:02:06.446316+00:00 J-Link>mem32 0xE000ED28, 3
2026-10-05T07:02:06.446874+00:00 E000ED28 = 00000000 00000000 00000000 
2026-10-05T07:02:06.446880+00:00 J-Link>mem32 0xE000EDF0, 1
2026-10-05T07:02:06.447367+00:00 E000EDF0 = 01010001 
2026-10-05T07:02:06.447375+00:00 J-Link>sleep 100
2026-10-05T07:02:06.447380+00:00 Sleep(100)
2026-10-05T07:02:06.557395+00:00 J-Link>mem32 0x200009C0, 10
2026-10-05T07:02:06.558594+00:00 200009C0 = 00000000 00000100 00000001 00010001 
2026-10-05T07:02:06.558601+00:00 200009D0 = 00000000 00000000 05D28E08 00000000 
2026-10-05T07:02:06.558605+00:00 200009E0 = 07882190 00000000 00000000 00000000 
2026-10-05T07:02:06.558612+00:00 200009F0 = 00000000 00000000 00000000 00000000 
2026-10-05T07:02:06.558616+00:00 J-Link>mem32 0x2000FC00, 5
2026-10-05T07:02:06.559272+00:00 2000FC00 = 00000000 00000000 00000000 00000000 
2026-10-05T07:02:06.559278+00:00 2000FC10 = 00000000 
2026-10-05T07:02:06.559281+00:00 J-Link>mem32 0xE000ED28, 3
2026-10-05T07:02:06.559910+00:00 E000ED28 = 00000000 00000000 00000000 
2026-10-05T07:02:06.559916+00:00 J-Link>mem32 0xE000EDF0, 1
2026-10-05T07:02:06.560375+00:00 E000EDF0 = 01010001 
2026-10-05T07:02:06.560385+00:00 J-Link>sleep 100
2026-10-05T07:02:06.560388+00:00 Sleep(100)
2026-10-05T07:02:06.670414+00:00 J-Link>mem32 0x200009C0, 10
2026-10-05T07:02:06.671622+00:00 200009C0 = 00000000 00000100 00000001 00010001 
2026-10-05T07:02:06.671633+00:00 200009D0 = 00000000 00000000 05D28E08 00000000 
2026-10-05T07:02:06.671642+00:00 200009E0 = 0789A830 00000000 00000000 00000000 
2026-10-05T07:02:06.671647+00:00 200009F0 = 00000000 00000000 00000000 00000000 
2026-10-05T07:02:06.671650+00:00 J-Link>mem32 0x2000FC00, 5
2026-10-05T07:02:06.672314+00:00 2000FC00 = 00000000 00000000 00000000 00000000 
2026-10-05T07:02:06.672321+00:00 2000FC10 = 00000000 
2026-10-05T07:02:06.672326+00:00 J-Link>mem32 0xE000ED28, 3
2026-10-05T07:02:06.672879+00:00 E000ED28 = 00000000 00000000 00000000 
2026-10-05T07:02:06.672885+00:00 J-Link>mem32 0xE000EDF0, 1
2026-10-05T07:02:06.673366+00:00 E000EDF0 = 01010001 
2026-10-05T07:02:06.673374+00:00 J-Link>sleep 100
2026-10-05T07:02:06.673377+00:00 Sleep(100)
2026-10-05T07:02:06.783393+00:00 J-Link>q
2026-10-05T07:02:06.783419+00:00 
2026-10-05T07:02:06.783424+00:00 Script processing completed.
2026-10-05T07:02:06.783428+00:00 
