SEGGER J-Link Commander V9.66 (Compiled Aug  5 2026 12:20:09)
DLL version V9.66, compiled Aug  5 2026 12:19:06


J-Link Command File read successfully.
Processing script file...
J-Link>connect
J-Link connection not established yet but required for command.
Connecting to J-Link ...O.K.
Firmware: J-Link OB-SAM3U128-V2-NordicSemi compiled Jul  8 2025 10:14:41
Hardware version: V1.00
J-Link uptime (since boot): 0d 04h 46m 45s
S/N: 683833660
License(s): RDI,FlashBP,FlashDL,JFlash,GDB
USB speed mode: High speed (480 MBit/s)
VTref=3.300V
Device "NRF52840_XXAA" selected.


Connecting to target via SWD
InitTarget() start
InitTarget() end - Took 2.21ms
Found SW-DP with ID 0x2BA01477
DPIDR: 0x2BA01477
CoreSight SoC-400 or earlier
Scanning AP map to find all available APs
AP[2]: Stopped AP scan as end of AP map has been reached
AP[0]: AHB-AP (IDR: 0x24770011, ADDR: 0x00000000)
AP[1]: JTAG-AP (IDR: 0x02880000, ADDR: 0x01000000)
Iterating through AP map to find AHB-AP to use
AP[0]: Core found
AP[0]: AHB-AP ROM base: 0xE00FF000
CPUID register: 0x410FC241. Implementer code: 0x41 (ARM)
Found Cortex-M4 r0p1, Little endian.
FPUnit: 6 code (BP) slots and 2 literal slots
CoreSight components:
ROMTbl[0] @ E00FF000
[0][0]: E000E000 CID B105E00D PID 000BB00C SCS-M7
[0][1]: E0001000 CID B105E00D PID 003BB002 DWT
[0][2]: E0002000 CID B105E00D PID 002BB003 FPB
[0][3]: E0000000 CID B105E00D PID 003BB001 ITM
[0][4]: E0040000 CID B105900D PID 000BB9A1 TPIU
[0][5]: E0041000 CID B105900D PID 000BB925 ETM
Memory zones:
  Zone: "Default" Description: Default access mode
Cortex-M4 identified.
J-Link>mem32 0x10000100,5
10000100 = 00052840 41414330 00002004 00000100 
10000110 = 00000400 
J-Link>mem32 0xE000ED28,3
E000ED28 = 00000000 00000000 00000000 
J-Link>q

Script processing completed.

