2026-10-04T23:48:46.153870+00:00 SEGGER J-Link Commander V9.66 (Compiled Aug  5 2026 12:20:09)
2026-10-04T23:48:46.156006+00:00 DLL version V9.66, compiled Aug  5 2026 12:19:06
2026-10-04T23:48:46.156017+00:00 
2026-10-04T23:48:46.156025+00:00 
2026-10-04T23:48:46.156030+00:00 J-Link Command File read successfully.
2026-10-04T23:48:46.156034+00:00 Processing script file...
2026-10-04T23:48:46.156039+00:00 J-Link>connect
2026-10-04T23:48:46.156043+00:00 J-Link connection not established yet but required for command.
2026-10-04T23:48:46.432975+00:00 Connecting to J-Link ...O.K.
2026-10-04T23:48:46.433021+00:00 Firmware: J-Link OB-SAM3U128-V2-NordicSemi compiled Jul  8 2025 10:14:41
2026-10-04T23:48:46.433029+00:00 Hardware version: V1.00
2026-10-04T23:48:46.434719+00:00 J-Link uptime (since boot): 0d 00h 00m 19s
2026-10-04T23:48:46.434728+00:00 S/N: 683833660
2026-10-04T23:48:46.439048+00:00 License(s): RDI,FlashBP,FlashDL,JFlash,GDB
2026-10-04T23:48:46.439142+00:00 USB speed mode: High speed (480 MBit/s)
2026-10-04T23:48:46.439225+00:00 VTref=3.300V
2026-10-04T23:48:46.446564+00:00 Device "NRF52840_XXAA" selected.
2026-10-04T23:48:46.446904+00:00 
2026-10-04T23:48:46.446921+00:00 
2026-10-04T23:48:46.447325+00:00 Connecting to target via SWD
2026-10-04T23:48:46.447578+00:00 InitTarget() start
2026-10-04T23:48:46.449707+00:00 InitTarget() end - Took 2.08ms
2026-10-04T23:48:46.450230+00:00 Found SW-DP with ID 0x2BA01477
2026-10-04T23:48:46.451897+00:00 DPIDR: 0x2BA01477
2026-10-04T23:48:46.451909+00:00 CoreSight SoC-400 or earlier
2026-10-04T23:48:46.451919+00:00 Scanning AP map to find all available APs
2026-10-04T23:48:46.452714+00:00 AP[2]: Stopped AP scan as end of AP map has been reached
2026-10-04T23:48:46.452727+00:00 AP[0]: AHB-AP (IDR: 0x24770011, ADDR: 0x00000000)
2026-10-04T23:48:46.452734+00:00 AP[1]: JTAG-AP (IDR: 0x02880000, ADDR: 0x01000000)
2026-10-04T23:48:46.452738+00:00 Iterating through AP map to find AHB-AP to use
2026-10-04T23:48:46.453481+00:00 AP[0]: Core found
2026-10-04T23:48:46.453491+00:00 AP[0]: AHB-AP ROM base: 0xE00FF000
2026-10-04T23:48:46.453887+00:00 CPUID register: 0x410FC241. Implementer code: 0x41 (ARM)
2026-10-04T23:48:46.453895+00:00 Found Cortex-M4 r0p1, Little endian.
2026-10-04T23:48:46.455385+00:00 FPUnit: 6 code (BP) slots and 2 literal slots
2026-10-04T23:48:46.458559+00:00 CoreSight components:
2026-10-04T23:48:46.458568+00:00 ROMTbl[0] @ E00FF000
2026-10-04T23:48:46.460694+00:00 [0][0]: E000E000 CID B105E00D PID 000BB00C SCS-M7
2026-10-04T23:48:46.461679+00:00 [0][1]: E0001000 CID B105E00D PID 003BB002 DWT
2026-10-04T23:48:46.462536+00:00 [0][2]: E0002000 CID B105E00D PID 002BB003 FPB
2026-10-04T23:48:46.463403+00:00 [0][3]: E0000000 CID B105E00D PID 003BB001 ITM
2026-10-04T23:48:46.464255+00:00 [0][4]: E0040000 CID B105900D PID 000BB9A1 TPIU
2026-10-04T23:48:46.465091+00:00 [0][5]: E0041000 CID B105900D PID 000BB925 ETM
2026-10-04T23:48:46.465310+00:00 Memory zones:
2026-10-04T23:48:46.465315+00:00   Zone: "Default" Description: Default access mode
2026-10-04T23:48:46.465414+00:00 Cortex-M4 identified.
2026-10-04T23:48:46.465418+00:00 J-Link>go
2026-10-04T23:48:46.465999+00:00 
2026-10-04T23:48:46.466004+00:00 ****** Error: CPU is not halted
2026-10-04T23:48:46.466008+00:00 J-Link>mem32 0x200009C0, 10
2026-10-04T23:48:46.467191+00:00 200009C0 = 00000000 00000000 00000000 00000000 
2026-10-04T23:48:46.467198+00:00 200009D0 = 00000000 00000000 00000000 00000000 
2026-10-04T23:48:46.467202+00:00 200009E0 = 00000000 00000000 00000000 00040000 
2026-10-04T23:48:46.467205+00:00 200009F0 = 60000180 00180000 80000600 00600001 
2026-10-04T23:48:46.467210+00:00 J-Link>mem32 0x20027300, 5
2026-10-04T23:48:46.467892+00:00 20027300 = 00000000 00000000 00000000 00000000 
2026-10-04T23:48:46.467901+00:00 20027310 = 00000000 
2026-10-04T23:48:46.467906+00:00 J-Link>mem32 0xE000ED28, 3
2026-10-04T23:48:46.468482+00:00 E000ED28 = 00000000 00000000 00000000 
2026-10-04T23:48:46.468489+00:00 J-Link>mem32 0xE000EDF0, 1
2026-10-04T23:48:46.468951+00:00 E000EDF0 = 01010001 
2026-10-04T23:48:46.468958+00:00 J-Link>sleep 100
2026-10-04T23:48:46.468968+00:00 Sleep(100)
2026-10-04T23:48:46.577127+00:00 J-Link>mem32 0x200009C0, 10
2026-10-04T23:48:46.578421+00:00 200009C0 = 00000000 00000000 00000000 00000000 
2026-10-04T23:48:46.578435+00:00 200009D0 = 00000000 00000000 00000000 00000000 
2026-10-04T23:48:46.578445+00:00 200009E0 = 00000000 00000000 00000000 00040000 
2026-10-04T23:48:46.578451+00:00 200009F0 = 60000180 00180000 80000600 00600001 
2026-10-04T23:48:46.578457+00:00 J-Link>mem32 0x20027300, 5
2026-10-04T23:48:46.579185+00:00 20027300 = 00000000 00000000 00000000 00000000 
2026-10-04T23:48:46.579202+00:00 20027310 = 00000000 
2026-10-04T23:48:46.579207+00:00 J-Link>mem32 0xE000ED28, 3
2026-10-04T23:48:46.579800+00:00 E000ED28 = 00000000 00000000 00000000 
2026-10-04T23:48:46.579807+00:00 J-Link>mem32 0xE000EDF0, 1
2026-10-04T23:48:46.580311+00:00 E000EDF0 = 01010001 
2026-10-04T23:48:46.580319+00:00 J-Link>sleep 100
2026-10-04T23:48:46.580328+00:00 Sleep(100)
2026-10-04T23:48:46.686450+00:00 J-Link>mem32 0x200009C0, 10
2026-10-04T23:48:46.687791+00:00 200009C0 = 00000000 00000000 00000000 00000000 
2026-10-04T23:48:46.687900+00:00 200009D0 = 00000000 00000000 00000000 00000000 
2026-10-04T23:48:46.687916+00:00 200009E0 = 00000000 00000000 00000000 00040000 
2026-10-04T23:48:46.687929+00:00 200009F0 = 60000180 00180000 80000600 00600001 
2026-10-04T23:48:46.687940+00:00 J-Link>mem32 0x20027300, 5
2026-10-04T23:48:46.688575+00:00 20027300 = 00000000 00000000 00000000 00000000 
2026-10-04T23:48:46.688629+00:00 20027310 = 00000000 
2026-10-04T23:48:46.688651+00:00 J-Link>mem32 0xE000ED28, 3
2026-10-04T23:48:46.689177+00:00 E000ED28 = 00000000 00000000 00000000 
2026-10-04T23:48:46.689205+00:00 J-Link>mem32 0xE000EDF0, 1
2026-10-04T23:48:46.689673+00:00 E000EDF0 = 01010001 
2026-10-04T23:48:46.689710+00:00 J-Link>sleep 100
2026-10-04T23:48:46.689737+00:00 Sleep(100)
2026-10-04T23:48:46.792158+00:00 J-Link>mem32 0x200009C0, 10
2026-10-04T23:48:46.793428+00:00 200009C0 = 00000000 00000000 00000000 00000000 
2026-10-04T23:48:46.793447+00:00 200009D0 = 00000000 00000000 00000000 00000000 
2026-10-04T23:48:46.793463+00:00 200009E0 = 00000000 00000000 00000000 00040000 
2026-10-04T23:48:46.793474+00:00 200009F0 = 60000180 00180000 80000600 00600001 
2026-10-04T23:48:46.793484+00:00 J-Link>mem32 0x20027300, 5
2026-10-04T23:48:46.794112+00:00 20027300 = 00000000 00000000 00000000 00000000 
2026-10-04T23:48:46.794125+00:00 20027310 = 00000000 
2026-10-04T23:48:46.794134+00:00 J-Link>mem32 0xE000ED28, 3
2026-10-04T23:48:46.794679+00:00 E000ED28 = 00000000 00000000 00000000 
2026-10-04T23:48:46.794692+00:00 J-Link>mem32 0xE000EDF0, 1
2026-10-04T23:48:46.795156+00:00 E000EDF0 = 01010001 
2026-10-04T23:48:46.795170+00:00 J-Link>sleep 100
2026-10-04T23:48:46.795179+00:00 Sleep(100)
2026-10-04T23:48:46.905275+00:00 J-Link>mem32 0x200009C0, 10
2026-10-04T23:48:46.906476+00:00 200009C0 = 00000000 00000000 00000000 00000000 
2026-10-04T23:48:46.906502+00:00 200009D0 = 00000000 00000000 00000000 00000000 
2026-10-04T23:48:46.906529+00:00 200009E0 = 00000000 00000000 00000000 00040000 
2026-10-04T23:48:46.906543+00:00 200009F0 = 60000180 00180000 80000600 00600001 
2026-10-04T23:48:46.906553+00:00 J-Link>mem32 0x20027300, 5
2026-10-04T23:48:46.907130+00:00 20027300 = 00000000 00000000 00000000 00000000 
2026-10-04T23:48:46.907145+00:00 20027310 = 00000000 
2026-10-04T23:48:46.907161+00:00 J-Link>mem32 0xE000ED28, 3
2026-10-04T23:48:46.907665+00:00 E000ED28 = 00000000 00000000 00000000 
2026-10-04T23:48:46.907678+00:00 J-Link>mem32 0xE000EDF0, 1
2026-10-04T23:48:46.908192+00:00 E000EDF0 = 01010001 
2026-10-04T23:48:46.908212+00:00 J-Link>sleep 100
2026-10-04T23:48:46.908223+00:00 Sleep(100)
2026-10-04T23:48:47.017102+00:00 J-Link>mem32 0x200009C0, 10
2026-10-04T23:48:47.018305+00:00 200009C0 = 00000000 00000000 00000000 00000000 
2026-10-04T23:48:47.018327+00:00 200009D0 = 00000000 00000000 00000000 00000000 
2026-10-04T23:48:47.018337+00:00 200009E0 = 00000000 00000000 00000000 00040000 
2026-10-04T23:48:47.018346+00:00 200009F0 = 60000180 00180000 80000600 00600001 
2026-10-04T23:48:47.018392+00:00 J-Link>mem32 0x20027300, 5
2026-10-04T23:48:47.018969+00:00 20027300 = 00000000 00000000 00000000 00000000 
2026-10-04T23:48:47.018988+00:00 20027310 = 00000000 
2026-10-04T23:48:47.018999+00:00 J-Link>mem32 0xE000ED28, 3
2026-10-04T23:48:47.019505+00:00 E000ED28 = 00000000 00000000 00000000 
2026-10-04T23:48:47.019521+00:00 J-Link>mem32 0xE000EDF0, 1
2026-10-04T23:48:47.019953+00:00 E000EDF0 = 01010001 
2026-10-04T23:48:47.019963+00:00 J-Link>sleep 100
2026-10-04T23:48:47.019971+00:00 Sleep(100)
2026-10-04T23:48:47.129067+00:00 J-Link>mem32 0x200009C0, 10
2026-10-04T23:48:47.130337+00:00 200009C0 = 00000000 00000000 00000000 00000000 
2026-10-04T23:48:47.130391+00:00 200009D0 = 00000000 00000000 00000000 00000000 
2026-10-04T23:48:47.130403+00:00 200009E0 = 00000000 00000000 00000000 00040000 
2026-10-04T23:48:47.130414+00:00 200009F0 = 60000180 00180000 80000600 00600001 
2026-10-04T23:48:47.130424+00:00 J-Link>mem32 0x20027300, 5
2026-10-04T23:48:47.131023+00:00 20027300 = 00000000 00000000 00000000 00000000 
2026-10-04T23:48:47.131046+00:00 20027310 = 00000000 
2026-10-04T23:48:47.131061+00:00 J-Link>mem32 0xE000ED28, 3
2026-10-04T23:48:47.131589+00:00 E000ED28 = 00000000 00000000 00000000 
2026-10-04T23:48:47.131612+00:00 J-Link>mem32 0xE000EDF0, 1
2026-10-04T23:48:47.132083+00:00 E000EDF0 = 01010001 
2026-10-04T23:48:47.132103+00:00 J-Link>sleep 100
2026-10-04T23:48:47.132118+00:00 Sleep(100)
2026-10-04T23:48:47.235137+00:00 J-Link>mem32 0x200009C0, 10
2026-10-04T23:48:47.236431+00:00 200009C0 = 00000000 00000000 00000000 00000000 
2026-10-04T23:48:47.236502+00:00 200009D0 = 00000000 00000000 00000000 00000000 
2026-10-04T23:48:47.236513+00:00 200009E0 = 00000000 00000000 00000000 00040000 
2026-10-04T23:48:47.236522+00:00 200009F0 = 60000180 00180000 80000600 00600001 
2026-10-04T23:48:47.236539+00:00 J-Link>mem32 0x20027300, 5
2026-10-04T23:48:47.237175+00:00 20027300 = 00000000 00000000 00000000 00000000 
2026-10-04T23:48:47.237226+00:00 20027310 = 00000000 
2026-10-04T23:48:47.237248+00:00 J-Link>mem32 0xE000ED28, 3
2026-10-04T23:48:47.237835+00:00 E000ED28 = 00000000 00000000 00000000 
2026-10-04T23:48:47.237879+00:00 J-Link>mem32 0xE000EDF0, 1
2026-10-04T23:48:47.238384+00:00 E000EDF0 = 01010001 
2026-10-04T23:48:47.238459+00:00 J-Link>sleep 100
2026-10-04T23:48:47.238471+00:00 Sleep(100)
2026-10-04T23:48:47.341611+00:00 J-Link>mem32 0x200009C0, 10
2026-10-04T23:48:47.342775+00:00 200009C0 = 00000000 00000000 00000000 00000000 
2026-10-04T23:48:47.342791+00:00 200009D0 = 00000000 00000000 00000000 00000000 
2026-10-04T23:48:47.342800+00:00 200009E0 = 00000000 00000000 00000000 00040000 
2026-10-04T23:48:47.342805+00:00 200009F0 = 60000180 00180000 80000600 00600001 
2026-10-04T23:48:47.342808+00:00 J-Link>mem32 0x20027300, 5
2026-10-04T23:48:47.343414+00:00 20027300 = 00000000 00000000 00000000 00000000 
2026-10-04T23:48:47.343421+00:00 20027310 = 00000000 
2026-10-04T23:48:47.343425+00:00 J-Link>mem32 0xE000ED28, 3
2026-10-04T23:48:47.343952+00:00 E000ED28 = 00000000 00000000 00000000 
2026-10-04T23:48:47.343960+00:00 J-Link>mem32 0xE000EDF0, 1
2026-10-04T23:48:47.344381+00:00 E000EDF0 = 01010001 
2026-10-04T23:48:47.344395+00:00 J-Link>sleep 100
2026-10-04T23:48:47.344402+00:00 Sleep(100)
2026-10-04T23:48:47.452784+00:00 J-Link>mem32 0x200009C0, 10
2026-10-04T23:48:47.453971+00:00 200009C0 = 00000000 00000000 00000000 00000000 
2026-10-04T23:48:47.453983+00:00 200009D0 = 00000000 00000000 00000000 00000000 
2026-10-04T23:48:47.453993+00:00 200009E0 = 00000000 00000000 00000000 00040000 
2026-10-04T23:48:47.453999+00:00 200009F0 = 00000180 00000000 00000000 00000000 
2026-10-04T23:48:47.454005+00:00 J-Link>mem32 0x20027300, 5
2026-10-04T23:48:47.454665+00:00 20027300 = 00000000 00000000 00000000 00000000 
2026-10-04T23:48:47.454673+00:00 20027310 = 00000000 
2026-10-04T23:48:47.454678+00:00 J-Link>mem32 0xE000ED28, 3
2026-10-04T23:48:47.455229+00:00 E000ED28 = 00000000 00000000 00000000 
2026-10-04T23:48:47.455237+00:00 J-Link>mem32 0xE000EDF0, 1
2026-10-04T23:48:47.455676+00:00 E000EDF0 = 01010001 
2026-10-04T23:48:47.455684+00:00 J-Link>sleep 100
2026-10-04T23:48:47.455688+00:00 Sleep(100)
2026-10-04T23:48:47.565755+00:00 J-Link>mem32 0x200009C0, 10
2026-10-04T23:48:47.567000+00:00 200009C0 = 00000000 00000000 00000000 00000000 
2026-10-04T23:48:47.567056+00:00 200009D0 = 00000000 00000000 00000000 00000000 
2026-10-04T23:48:47.567075+00:00 200009E0 = 00000000 00000000 00000000 00040000 
2026-10-04T23:48:47.567086+00:00 200009F0 = 60000180 00180000 80000600 00600001 
2026-10-04T23:48:47.567095+00:00 J-Link>mem32 0x20027300, 5
2026-10-04T23:48:47.567665+00:00 20027300 = 00000000 00000000 00000000 00000000 
2026-10-04T23:48:47.567681+00:00 20027310 = 00000000 
2026-10-04T23:48:47.567694+00:00 J-Link>mem32 0xE000ED28, 3
2026-10-04T23:48:47.568295+00:00 E000ED28 = 00000000 00000000 00000000 
2026-10-04T23:48:47.568309+00:00 J-Link>mem32 0xE000EDF0, 1
2026-10-04T23:48:47.568729+00:00 E000EDF0 = 01010001 
2026-10-04T23:48:47.568739+00:00 J-Link>sleep 100
2026-10-04T23:48:47.568747+00:00 Sleep(100)
2026-10-04T23:48:47.677221+00:00 J-Link>mem32 0x200009C0, 10
2026-10-04T23:48:47.678409+00:00 200009C0 = 00000000 00000000 00000000 00000000 
2026-10-04T23:48:47.678430+00:00 200009D0 = 00000000 00000000 00000000 00000000 
2026-10-04T23:48:47.678452+00:00 200009E0 = 00000000 00000000 00000000 00040000 
2026-10-04T23:48:47.678463+00:00 200009F0 = 60000180 00180000 80000600 00600001 
2026-10-04T23:48:47.678474+00:00 J-Link>mem32 0x20027300, 5
2026-10-04T23:48:47.679052+00:00 20027300 = 00000000 00000000 00000000 00000000 
2026-10-04T23:48:47.679065+00:00 20027310 = 00000000 
2026-10-04T23:48:47.679074+00:00 J-Link>mem32 0xE000ED28, 3
2026-10-04T23:48:47.679582+00:00 E000ED28 = 00000000 00000000 00000000 
2026-10-04T23:48:47.679594+00:00 J-Link>mem32 0xE000EDF0, 1
2026-10-04T23:48:47.680018+00:00 E000EDF0 = 01010001 
2026-10-04T23:48:47.680029+00:00 J-Link>sleep 100
2026-10-04T23:48:47.680037+00:00 Sleep(100)
2026-10-04T23:48:47.789736+00:00 J-Link>mem32 0x200009C0, 10
2026-10-04T23:48:47.791181+00:00 200009C0 = 00000000 00000000 00000000 00000000 
2026-10-04T23:48:47.791212+00:00 200009D0 = 00000000 00000000 00000000 00000000 
2026-10-04T23:48:47.791226+00:00 200009E0 = 00000000 00000000 00000000 00040000 
2026-10-04T23:48:47.791235+00:00 200009F0 = 60000180 00180000 80000600 00600001 
2026-10-04T23:48:47.791248+00:00 J-Link>mem32 0x20027300, 5
2026-10-04T23:48:47.791832+00:00 20027300 = 00000000 00000000 00000000 00000000 
2026-10-04T23:48:47.791845+00:00 20027310 = 00000000 
2026-10-04T23:48:47.791856+00:00 J-Link>mem32 0xE000ED28, 3
2026-10-04T23:48:47.792367+00:00 E000ED28 = 00000000 00000000 00000000 
2026-10-04T23:48:47.792379+00:00 J-Link>mem32 0xE000EDF0, 1
2026-10-04T23:48:47.792794+00:00 E000EDF0 = 01010001 
2026-10-04T23:48:47.792804+00:00 J-Link>sleep 100
2026-10-04T23:48:47.792812+00:00 Sleep(100)
2026-10-04T23:48:47.901437+00:00 J-Link>mem32 0x200009C0, 10
2026-10-04T23:48:47.902658+00:00 200009C0 = 00000000 00000000 00000000 00000000 
2026-10-04T23:48:47.902678+00:00 200009D0 = 00000000 00000000 00000000 00000000 
2026-10-04T23:48:47.902697+00:00 200009E0 = 00000000 00000000 00000000 00040000 
2026-10-04T23:48:47.902708+00:00 200009F0 = 60000180 00180000 80000600 00600001 
2026-10-04T23:48:47.902716+00:00 J-Link>mem32 0x20027300, 5
2026-10-04T23:48:47.903328+00:00 20027300 = 00000000 00000000 00000000 00000000 
2026-10-04T23:48:47.903340+00:00 20027310 = 00000000 
2026-10-04T23:48:47.903349+00:00 J-Link>mem32 0xE000ED28, 3
2026-10-04T23:48:47.903862+00:00 E000ED28 = 00000000 00000000 00000000 
2026-10-04T23:48:47.903875+00:00 J-Link>mem32 0xE000EDF0, 1
2026-10-04T23:48:47.904296+00:00 E000EDF0 = 01010001 
2026-10-04T23:48:47.904306+00:00 J-Link>sleep 100
2026-10-04T23:48:47.904314+00:00 Sleep(100)
2026-10-04T23:48:48.012766+00:00 J-Link>mem32 0x200009C0, 10
2026-10-04T23:48:48.014013+00:00 200009C0 = 00000000 00000000 00000000 00000000 
2026-10-04T23:48:48.014030+00:00 200009D0 = 00000000 00000000 00000000 00000000 
2026-10-04T23:48:48.014038+00:00 200009E0 = 00000000 00000000 00000000 00040000 
2026-10-04T23:48:48.014059+00:00 200009F0 = 60000180 00180000 80000600 00600001 
2026-10-04T23:48:48.014066+00:00 J-Link>mem32 0x20027300, 5
2026-10-04T23:48:48.014669+00:00 20027300 = 00000000 00000000 00000000 00000000 
2026-10-04T23:48:48.014681+00:00 20027310 = 00000000 
2026-10-04T23:48:48.014688+00:00 J-Link>mem32 0xE000ED28, 3
2026-10-04T23:48:48.015306+00:00 E000ED28 = 00000000 00000000 00000000 
2026-10-04T23:48:48.015315+00:00 J-Link>mem32 0xE000EDF0, 1
2026-10-04T23:48:48.015766+00:00 E000EDF0 = 01010001 
2026-10-04T23:48:48.015774+00:00 J-Link>sleep 100
2026-10-04T23:48:48.015780+00:00 Sleep(100)
2026-10-04T23:48:48.125876+00:00 J-Link>mem32 0x200009C0, 10
2026-10-04T23:48:48.127100+00:00 200009C0 = 00000000 00000000 00000000 00000000 
2026-10-04T23:48:48.127133+00:00 200009D0 = 00000000 00000000 00000000 00000000 
2026-10-04T23:48:48.127144+00:00 200009E0 = 00000000 00000000 00000000 00040000 
2026-10-04T23:48:48.127157+00:00 200009F0 = 60000180 00180000 00000600 00000000 
2026-10-04T23:48:48.127166+00:00 J-Link>mem32 0x20027300, 5
2026-10-04T23:48:48.127747+00:00 20027300 = 00000000 00000000 00000000 00000000 
2026-10-04T23:48:48.127763+00:00 20027310 = 00000000 
2026-10-04T23:48:48.127780+00:00 J-Link>mem32 0xE000ED28, 3
2026-10-04T23:48:48.128294+00:00 E000ED28 = 00000000 00000000 00000000 
2026-10-04T23:48:48.128309+00:00 J-Link>mem32 0xE000EDF0, 1
2026-10-04T23:48:48.128803+00:00 E000EDF0 = 01010001 
2026-10-04T23:48:48.128824+00:00 J-Link>sleep 100
2026-10-04T23:48:48.128835+00:00 Sleep(100)
2026-10-04T23:48:48.232393+00:00 J-Link>mem32 0x200009C0, 10
2026-10-04T23:48:48.233626+00:00 200009C0 = 00000000 00000000 00000000 00000000 
2026-10-04T23:48:48.233645+00:00 200009D0 = 00000000 00000000 00000000 00000000 
2026-10-04T23:48:48.233655+00:00 200009E0 = 00000000 00000000 00000000 00040000 
2026-10-04T23:48:48.233672+00:00 200009F0 = 60000180 00180000 80000600 00600001 
2026-10-04T23:48:48.233683+00:00 J-Link>mem32 0x20027300, 5
2026-10-04T23:48:48.234273+00:00 20027300 = 00000000 00000000 00000000 00000000 
2026-10-04T23:48:48.234285+00:00 20027310 = 00000000 
2026-10-04T23:48:48.234293+00:00 J-Link>mem32 0xE000ED28, 3
2026-10-04T23:48:48.234800+00:00 E000ED28 = 00000000 00000000 00000000 
2026-10-04T23:48:48.234812+00:00 J-Link>mem32 0xE000EDF0, 1
2026-10-04T23:48:48.235234+00:00 E000EDF0 = 01010001 
2026-10-04T23:48:48.235244+00:00 J-Link>sleep 100
2026-10-04T23:48:48.235252+00:00 Sleep(100)
2026-10-04T23:48:48.345283+00:00 J-Link>mem32 0x200009C0, 10
2026-10-04T23:48:48.346475+00:00 200009C0 = 00000000 00000000 00000000 00000000 
2026-10-04T23:48:48.346501+00:00 200009D0 = 00000000 00000000 00000000 00000000 
2026-10-04T23:48:48.346510+00:00 200009E0 = 00000000 00000000 00000000 00040000 
2026-10-04T23:48:48.346518+00:00 200009F0 = 60000180 00180000 80000600 00600001 
2026-10-04T23:48:48.346530+00:00 J-Link>mem32 0x20027300, 5
2026-10-04T23:48:48.347118+00:00 20027300 = 00000000 00000000 00000000 00000000 
2026-10-04T23:48:48.347131+00:00 20027310 = 00000000 
2026-10-04T23:48:48.347139+00:00 J-Link>mem32 0xE000ED28, 3
2026-10-04T23:48:48.347644+00:00 E000ED28 = 00000000 00000000 00000000 
2026-10-04T23:48:48.347656+00:00 J-Link>mem32 0xE000EDF0, 1
2026-10-04T23:48:48.348077+00:00 E000EDF0 = 01010001 
2026-10-04T23:48:48.348087+00:00 J-Link>sleep 100
2026-10-04T23:48:48.348095+00:00 Sleep(100)
2026-10-04T23:48:48.455920+00:00 J-Link>mem32 0x200009C0, 10
2026-10-04T23:48:48.457116+00:00 200009C0 = 00000000 00000000 00000000 00000000 
2026-10-04T23:48:48.457134+00:00 200009D0 = 00000000 00000000 00000000 00000000 
2026-10-04T23:48:48.457149+00:00 200009E0 = 00000000 00000000 00000000 00040000 
2026-10-04T23:48:48.457158+00:00 200009F0 = 60000180 00180000 80000600 00600001 
2026-10-04T23:48:48.457167+00:00 J-Link>mem32 0x20027300, 5
2026-10-04T23:48:48.457759+00:00 20027300 = 00000000 00000000 00000000 00000000 
2026-10-04T23:48:48.457771+00:00 20027310 = 00000000 
2026-10-04T23:48:48.457780+00:00 J-Link>mem32 0xE000ED28, 3
2026-10-04T23:48:48.458290+00:00 E000ED28 = 00000000 00000000 00000000 
2026-10-04T23:48:48.458344+00:00 J-Link>mem32 0xE000EDF0, 1
2026-10-04T23:48:48.458784+00:00 E000EDF0 = 01010001 
2026-10-04T23:48:48.458800+00:00 J-Link>sleep 100
2026-10-04T23:48:48.458809+00:00 Sleep(100)
2026-10-04T23:48:48.566255+00:00 J-Link>mem32 0x200009C0, 10
2026-10-04T23:48:48.567490+00:00 200009C0 = 00000000 00000000 00000000 00000000 
2026-10-04T23:48:48.567521+00:00 200009D0 = 00000000 00000000 00000000 00000000 
2026-10-04T23:48:48.567531+00:00 200009E0 = 00000000 00000000 00000000 00040000 
2026-10-04T23:48:48.567540+00:00 200009F0 = 60000180 00180000 80000600 00600001 
2026-10-04T23:48:48.567548+00:00 J-Link>mem32 0x20027300, 5
2026-10-04T23:48:48.568166+00:00 20027300 = 00000000 00000000 00000000 00000000 
2026-10-04T23:48:48.568202+00:00 20027310 = 00000000 
2026-10-04T23:48:48.568214+00:00 J-Link>mem32 0xE000ED28, 3
2026-10-04T23:48:48.568756+00:00 E000ED28 = 00000000 00000000 00000000 
2026-10-04T23:48:48.568790+00:00 J-Link>mem32 0xE000EDF0, 1
2026-10-04T23:48:48.569222+00:00 E000EDF0 = 01010001 
2026-10-04T23:48:48.569233+00:00 J-Link>sleep 100
2026-10-04T23:48:48.569241+00:00 Sleep(100)
2026-10-04T23:48:48.679275+00:00 J-Link>mem32 0x200009C0, 10
2026-10-04T23:48:48.680475+00:00 200009C0 = 00000000 00000000 00000000 00000000 
2026-10-04T23:48:48.680494+00:00 200009D0 = 00000000 00000000 00000000 00000000 
2026-10-04T23:48:48.680504+00:00 200009E0 = 00000000 00000000 00000000 00040000 
2026-10-04T23:48:48.680513+00:00 200009F0 = 60000180 00180000 80000600 00600001 
2026-10-04T23:48:48.680521+00:00 J-Link>mem32 0x20027300, 5
2026-10-04T23:48:48.681121+00:00 20027300 = 00000000 00000000 00000000 00000000 
2026-10-04T23:48:48.681133+00:00 20027310 = 00000000 
2026-10-04T23:48:48.681141+00:00 J-Link>mem32 0xE000ED28, 3
2026-10-04T23:48:48.681645+00:00 E000ED28 = 00000000 00000000 00000000 
2026-10-04T23:48:48.681657+00:00 J-Link>mem32 0xE000EDF0, 1
2026-10-04T23:48:48.682076+00:00 E000EDF0 = 01010001 
2026-10-04T23:48:48.682086+00:00 J-Link>sleep 100
2026-10-04T23:48:48.682093+00:00 Sleep(100)
2026-10-04T23:48:48.791835+00:00 J-Link>mem32 0x200009C0, 10
2026-10-04T23:48:48.793049+00:00 200009C0 = 00000000 00000000 00000000 00000000 
2026-10-04T23:48:48.793072+00:00 200009D0 = 00000000 00000000 00000000 00000000 
2026-10-04T23:48:48.793082+00:00 200009E0 = 00000000 00000000 00000000 FFFC0000 
2026-10-04T23:48:48.793092+00:00 200009F0 = FFFFFFFF FFFFFFFF FFFFFFFF FFFFFFFF 
2026-10-04T23:48:48.793099+00:00 J-Link>mem32 0x20027300, 5
2026-10-04T23:48:48.793703+00:00 20027300 = 00000000 00000000 00000000 00000000 
2026-10-04T23:48:48.793715+00:00 20027310 = 00000000 
2026-10-04T23:48:48.793723+00:00 J-Link>mem32 0xE000ED28, 3
2026-10-04T23:48:48.794234+00:00 E000ED28 = 00000000 00000000 00000000 
2026-10-04T23:48:48.794246+00:00 J-Link>mem32 0xE000EDF0, 1
2026-10-04T23:48:48.794671+00:00 E000EDF0 = 01010001 
2026-10-04T23:48:48.794681+00:00 J-Link>sleep 100
2026-10-04T23:48:48.794691+00:00 Sleep(100)
2026-10-04T23:48:48.896253+00:00 J-Link>mem32 0x200009C0, 10
2026-10-04T23:48:48.897473+00:00 200009C0 = 00000000 00000000 00000000 00000000 
2026-10-04T23:48:48.897513+00:00 200009D0 = 00000000 00000000 00000000 00000000 
2026-10-04T23:48:48.897524+00:00 200009E0 = 00000000 00000000 00000000 00000000 
2026-10-04T23:48:48.897534+00:00 200009F0 = 00000000 00000000 00000000 00000000 
2026-10-04T23:48:48.897543+00:00 J-Link>mem32 0x20027300, 5
2026-10-04T23:48:48.898162+00:00 20027300 = 00000000 00000000 00000000 00000000 
2026-10-04T23:48:48.898216+00:00 20027310 = 00000000 
2026-10-04T23:48:48.898232+00:00 J-Link>mem32 0xE000ED28, 3
2026-10-04T23:48:48.898746+00:00 E000ED28 = 00000000 00000000 00000000 
2026-10-04T23:48:48.898776+00:00 J-Link>mem32 0xE000EDF0, 1
2026-10-04T23:48:48.899215+00:00 E000EDF0 = 01010001 
2026-10-04T23:48:48.899239+00:00 J-Link>sleep 100
2026-10-04T23:48:48.899248+00:00 Sleep(100)
2026-10-04T23:48:49.002119+00:00 J-Link>mem32 0x200009C0, 10
2026-10-04T23:48:49.003375+00:00 200009C0 = 00000000 00000000 00000000 00000000 
2026-10-04T23:48:49.003438+00:00 200009D0 = 00000000 00000000 00000000 00000000 
2026-10-04T23:48:49.003484+00:00 200009E0 = 00000000 00000000 00000000 00000000 
2026-10-04T23:48:49.003493+00:00 200009F0 = 00000000 00000000 00000000 00000000 
2026-10-04T23:48:49.003502+00:00 J-Link>mem32 0x20027300, 5
2026-10-04T23:48:49.004074+00:00 20027300 = 00000000 00000000 00000000 00000000 
2026-10-04T23:48:49.004098+00:00 20027310 = 00000000 
2026-10-04T23:48:49.004111+00:00 J-Link>mem32 0xE000ED28, 3
2026-10-04T23:48:49.004649+00:00 E000ED28 = 00000000 00000000 00000000 
2026-10-04T23:48:49.004685+00:00 J-Link>mem32 0xE000EDF0, 1
2026-10-04T23:48:49.005117+00:00 E000EDF0 = 01010001 
2026-10-04T23:48:49.005140+00:00 J-Link>sleep 100
2026-10-04T23:48:49.005149+00:00 Sleep(100)
2026-10-04T23:48:49.107173+00:00 J-Link>mem32 0x200009C0, 10
2026-10-04T23:48:49.108383+00:00 200009C0 = 00000000 00000000 00000000 00000000 
2026-10-04T23:48:49.108404+00:00 200009D0 = 00000000 00000000 00000000 00000000 
2026-10-04T23:48:49.108414+00:00 200009E0 = 00000000 00000000 00000000 00000000 
2026-10-04T23:48:49.108423+00:00 200009F0 = 00000000 00000000 00000000 00000000 
2026-10-04T23:48:49.108431+00:00 J-Link>mem32 0x20027300, 5
2026-10-04T23:48:49.109042+00:00 20027300 = 00000000 00000000 00000000 00000000 
2026-10-04T23:48:49.109061+00:00 20027310 = 00000000 
2026-10-04T23:48:49.109073+00:00 J-Link>mem32 0xE000ED28, 3
2026-10-04T23:48:49.109586+00:00 E000ED28 = 00000000 00000000 00000000 
2026-10-04T23:48:49.109598+00:00 J-Link>mem32 0xE000EDF0, 1
2026-10-04T23:48:49.110033+00:00 E000EDF0 = 01010001 
2026-10-04T23:48:49.110059+00:00 J-Link>sleep 100
2026-10-04T23:48:49.110067+00:00 Sleep(100)
2026-10-04T23:48:49.210840+00:00 J-Link>mem32 0x200009C0, 10
2026-10-04T23:48:49.212040+00:00 200009C0 = 00000000 00000000 00000000 00000000 
2026-10-04T23:48:49.212057+00:00 200009D0 = 00000000 00000000 00000000 00000000 
2026-10-04T23:48:49.212074+00:00 200009E0 = 00000000 00000000 00000000 00000000 
2026-10-04T23:48:49.212088+00:00 200009F0 = 00000000 00000000 00000000 00000000 
2026-10-04T23:48:49.212097+00:00 J-Link>mem32 0x20027300, 5
2026-10-04T23:48:49.212676+00:00 20027300 = 00000000 00000000 00000000 00000000 
2026-10-04T23:48:49.212688+00:00 20027310 = 00000000 
2026-10-04T23:48:49.212696+00:00 J-Link>mem32 0xE000ED28, 3
2026-10-04T23:48:49.213206+00:00 E000ED28 = 00000000 00000000 00000000 
2026-10-04T23:48:49.213219+00:00 J-Link>mem32 0xE000EDF0, 1
2026-10-04T23:48:49.213640+00:00 E000EDF0 = 01010001 
2026-10-04T23:48:49.213650+00:00 J-Link>sleep 100
2026-10-04T23:48:49.213658+00:00 Sleep(100)
2026-10-04T23:48:49.317552+00:00 J-Link>mem32 0x200009C0, 10
2026-10-04T23:48:49.318778+00:00 200009C0 = 00000000 00000000 00000000 00000000 
2026-10-04T23:48:49.318816+00:00 200009D0 = 00000000 00000000 00000000 00000000 
2026-10-04T23:48:49.318828+00:00 200009E0 = 00000000 00000000 00000000 FFFC0000 
2026-10-04T23:48:49.318837+00:00 200009F0 = FFFFFFFF FFFFFFFF FFFFFFFF FFFFFFFF 
2026-10-04T23:48:49.318845+00:00 J-Link>mem32 0x20027300, 5
2026-10-04T23:48:49.319451+00:00 20027300 = 00000000 00000000 00000000 00000000 
2026-10-04T23:48:49.319463+00:00 20027310 = 00000000 
2026-10-04T23:48:49.319475+00:00 J-Link>mem32 0xE000ED28, 3
2026-10-04T23:48:49.319993+00:00 E000ED28 = 00000000 00000000 00000000 
2026-10-04T23:48:49.320005+00:00 J-Link>mem32 0xE000EDF0, 1
2026-10-04T23:48:49.320423+00:00 E000EDF0 = 01010001 
2026-10-04T23:48:49.320433+00:00 J-Link>sleep 100
2026-10-04T23:48:49.320440+00:00 Sleep(100)
2026-10-04T23:48:49.430449+00:00 J-Link>mem32 0x200009C0, 10
2026-10-04T23:48:49.431654+00:00 200009C0 = 00000000 00000000 00000000 00000000 
2026-10-04T23:48:49.431680+00:00 200009D0 = 00000000 00000000 00000000 00000000 
2026-10-04T23:48:49.431691+00:00 200009E0 = 00000000 00000000 E0000000 0000001F 
2026-10-04T23:48:49.431704+00:00 200009F0 = 00000000 00000000 00000000 00000000 
2026-10-04T23:48:49.431713+00:00 J-Link>mem32 0x20027300, 5
2026-10-04T23:48:49.432300+00:00 20027300 = 00000000 00000000 00000000 00000000 
2026-10-04T23:48:49.432313+00:00 20027310 = 00000000 
2026-10-04T23:48:49.432322+00:00 J-Link>mem32 0xE000ED28, 3
2026-10-04T23:48:49.432826+00:00 E000ED28 = 00000000 00000000 00000000 
2026-10-04T23:48:49.432838+00:00 J-Link>mem32 0xE000EDF0, 1
2026-10-04T23:48:49.433256+00:00 E000EDF0 = 01010001 
2026-10-04T23:48:49.433265+00:00 J-Link>sleep 100
2026-10-04T23:48:49.433273+00:00 Sleep(100)
2026-10-04T23:48:49.538696+00:00 J-Link>mem32 0x200009C0, 10
2026-10-04T23:48:49.539964+00:00 200009C0 = 00000000 00000000 00000000 00000000 
2026-10-04T23:48:49.539987+00:00 200009D0 = 00000000 00000000 00000000 00000000 
2026-10-04T23:48:49.539997+00:00 200009E0 = 00000000 00000000 00000000 00000000 
2026-10-04T23:48:49.540005+00:00 200009F0 = 00000000 00000000 00000000 00000000 
2026-10-04T23:48:49.540018+00:00 J-Link>mem32 0x20027300, 5
2026-10-04T23:48:49.540604+00:00 20027300 = 00000000 00000000 00000000 00000000 
2026-10-04T23:48:49.540616+00:00 20027310 = 00000000 
2026-10-04T23:48:49.540624+00:00 J-Link>mem32 0xE000ED28, 3
2026-10-04T23:48:49.541133+00:00 E000ED28 = 00000000 00000000 00000000 
2026-10-04T23:48:49.541145+00:00 J-Link>mem32 0xE000EDF0, 1
2026-10-04T23:48:49.541575+00:00 E000EDF0 = 01010001 
2026-10-04T23:48:49.541585+00:00 J-Link>sleep 100
2026-10-04T23:48:49.541592+00:00 Sleep(100)
2026-10-04T23:48:49.646058+00:00 J-Link>mem32 0x200009C0, 10
2026-10-04T23:48:49.647248+00:00 200009C0 = 00000000 00000000 00000000 00000000 
2026-10-04T23:48:49.647265+00:00 200009D0 = 00000000 00000000 00000000 00000000 
2026-10-04T23:48:49.647278+00:00 200009E0 = 00000000 00000000 00000000 00000000 
2026-10-04T23:48:49.647286+00:00 200009F0 = 00000000 00000000 00000000 00000000 
2026-10-04T23:48:49.647292+00:00 J-Link>mem32 0x20027300, 5
2026-10-04T23:48:49.647907+00:00 20027300 = 00000000 00000000 00000000 00000000 
2026-10-04T23:48:49.647919+00:00 20027310 = 00000000 
2026-10-04T23:48:49.647925+00:00 J-Link>mem32 0xE000ED28, 3
2026-10-04T23:48:49.648455+00:00 E000ED28 = 00000000 00000000 00000000 
2026-10-04T23:48:49.648465+00:00 J-Link>mem32 0xE000EDF0, 1
2026-10-04T23:48:49.648888+00:00 E000EDF0 = 01010001 
2026-10-04T23:48:49.648897+00:00 J-Link>sleep 100
2026-10-04T23:48:49.648902+00:00 Sleep(100)
2026-10-04T23:48:49.758953+00:00 J-Link>mem32 0x200009C0, 10
2026-10-04T23:48:49.760196+00:00 200009C0 = 00000000 00000000 00000000 00000000 
2026-10-04T23:48:49.760209+00:00 200009D0 = 00000000 00000000 00000000 00000000 
2026-10-04T23:48:49.760215+00:00 200009E0 = 00000000 00000000 00000000 FFFC0000 
2026-10-04T23:48:49.760220+00:00 200009F0 = FFFFFFFF FFFFFFFF FFFFFFFF FFFFFFFF 
2026-10-04T23:48:49.760224+00:00 J-Link>mem32 0x20027300, 5
2026-10-04T23:48:49.760900+00:00 20027300 = 00000000 00000000 00000000 00000000 
2026-10-04T23:48:49.760907+00:00 20027310 = 00000000 
2026-10-04T23:48:49.760912+00:00 J-Link>mem32 0xE000ED28, 3
2026-10-04T23:48:49.761440+00:00 E000ED28 = 00000000 00000000 00000000 
2026-10-04T23:48:49.761447+00:00 J-Link>mem32 0xE000EDF0, 1
2026-10-04T23:48:49.761881+00:00 E000EDF0 = 01010001 
2026-10-04T23:48:49.761888+00:00 J-Link>sleep 100
2026-10-04T23:48:49.761892+00:00 Sleep(100)
2026-10-04T23:48:49.871946+00:00 J-Link>mem32 0x200009C0, 10
2026-10-04T23:48:49.873154+00:00 200009C0 = 00000000 00000000 00000000 00000000 
2026-10-04T23:48:49.873170+00:00 200009D0 = 00000000 00000000 00000000 00000000 
2026-10-04T23:48:49.873184+00:00 200009E0 = 00000000 00000000 02060000 00000000 
2026-10-04T23:48:49.873194+00:00 200009F0 = 00000000 00000000 00000000 00000000 
2026-10-04T23:48:49.873202+00:00 J-Link>mem32 0x20027300, 5
2026-10-04T23:48:49.873805+00:00 20027300 = 00000000 00000000 00000000 00000000 
2026-10-04T23:48:49.873826+00:00 20027310 = 00000000 
2026-10-04T23:48:49.873840+00:00 J-Link>mem32 0xE000ED28, 3
2026-10-04T23:48:49.874533+00:00 E000ED28 = 00000000 00000000 00000000 
2026-10-04T23:48:49.874547+00:00 J-Link>mem32 0xE000EDF0, 1
2026-10-04T23:48:49.874967+00:00 E000EDF0 = 01010001 
2026-10-04T23:48:49.874977+00:00 J-Link>sleep 100
2026-10-04T23:48:49.874985+00:00 Sleep(100)
2026-10-04T23:48:49.979021+00:00 J-Link>mem32 0x200009C0, 10
2026-10-04T23:48:49.980305+00:00 200009C0 = 00000000 00000000 00000000 00000000 
2026-10-04T23:48:49.980396+00:00 200009D0 = 00000000 00000000 00000000 00000000 
2026-10-04T23:48:49.980408+00:00 200009E0 = 00000000 00000000 00000000 00000000 
2026-10-04T23:48:49.980418+00:00 200009F0 = 00000000 00000000 00000000 00000000 
2026-10-04T23:48:49.980427+00:00 J-Link>mem32 0x20027300, 5
2026-10-04T23:48:49.981017+00:00 20027300 = 00000000 00000000 00000000 00000000 
2026-10-04T23:48:49.981036+00:00 20027310 = 00000000 
2026-10-04T23:48:49.981049+00:00 J-Link>mem32 0xE000ED28, 3
2026-10-04T23:48:49.981590+00:00 E000ED28 = 00000000 00000000 00000000 
2026-10-04T23:48:49.981607+00:00 J-Link>mem32 0xE000EDF0, 1
2026-10-04T23:48:49.982041+00:00 E000EDF0 = 01010001 
2026-10-04T23:48:49.982057+00:00 J-Link>sleep 100
2026-10-04T23:48:49.982067+00:00 Sleep(100)
2026-10-04T23:48:50.084624+00:00 J-Link>mem32 0x200009C0, 10
2026-10-04T23:48:50.085839+00:00 200009C0 = 00000000 00000000 00000000 00000000 
2026-10-04T23:48:50.085873+00:00 200009D0 = 00000000 00000000 00000000 00000000 
2026-10-04T23:48:50.085883+00:00 200009E0 = 00000000 00000000 00000000 00000000 
2026-10-04T23:48:50.085892+00:00 200009F0 = 00000000 00000000 00000000 00000000 
2026-10-04T23:48:50.085901+00:00 J-Link>mem32 0x20027300, 5
2026-10-04T23:48:50.086483+00:00 20027300 = 00000000 00000000 00000000 00000000 
2026-10-04T23:48:50.086495+00:00 20027310 = 00000000 
2026-10-04T23:48:50.086507+00:00 J-Link>mem32 0xE000ED28, 3
2026-10-04T23:48:50.087017+00:00 E000ED28 = 00000000 00000000 00000000 
2026-10-04T23:48:50.087029+00:00 J-Link>mem32 0xE000EDF0, 1
2026-10-04T23:48:50.087465+00:00 E000EDF0 = 01010001 
2026-10-04T23:48:50.087482+00:00 J-Link>sleep 100
2026-10-04T23:48:50.087491+00:00 Sleep(100)
2026-10-04T23:48:50.190955+00:00 J-Link>mem32 0x200009C0, 10
2026-10-04T23:48:50.192156+00:00 200009C0 = 00000000 00000000 00000000 00000000 
2026-10-04T23:48:50.192179+00:00 200009D0 = 00000000 00000000 00000000 00000000 
2026-10-04T23:48:50.192188+00:00 200009E0 = 00000000 00000000 00000000 00000000 
2026-10-04T23:48:50.192198+00:00 200009F0 = 00000000 00000000 00000000 00000000 
2026-10-04T23:48:50.192206+00:00 J-Link>mem32 0x20027300, 5
2026-10-04T23:48:50.192824+00:00 20027300 = 00000000 00000000 00000000 00000000 
2026-10-04T23:48:50.192836+00:00 20027310 = 00000000 
2026-10-04T23:48:50.192850+00:00 J-Link>mem32 0xE000ED28, 3
2026-10-04T23:48:50.193360+00:00 E000ED28 = 00000000 00000000 00000000 
2026-10-04T23:48:50.193372+00:00 J-Link>mem32 0xE000EDF0, 1
2026-10-04T23:48:50.193792+00:00 E000EDF0 = 01010001 
2026-10-04T23:48:50.193802+00:00 J-Link>sleep 100
2026-10-04T23:48:50.193810+00:00 Sleep(100)
2026-10-04T23:48:50.301620+00:00 J-Link>mem32 0x200009C0, 10
2026-10-04T23:48:50.302831+00:00 200009C0 = 00000000 00000000 00000000 00000000 
2026-10-04T23:48:50.302857+00:00 200009D0 = 00000000 00000000 00000000 00000000 
2026-10-04T23:48:50.302868+00:00 200009E0 = 00000000 00000000 00000000 00000000 
2026-10-04T23:48:50.302876+00:00 200009F0 = 00000000 00000000 00000000 00000000 
2026-10-04T23:48:50.302889+00:00 J-Link>mem32 0x20027300, 5
2026-10-04T23:48:50.303492+00:00 20027300 = 00000000 00000000 00000000 00000000 
2026-10-04T23:48:50.303505+00:00 20027310 = 00000000 
2026-10-04T23:48:50.303513+00:00 J-Link>mem32 0xE000ED28, 3
2026-10-04T23:48:50.304028+00:00 E000ED28 = 00000000 00000000 00000000 
2026-10-04T23:48:50.304048+00:00 J-Link>mem32 0xE000EDF0, 1
2026-10-04T23:48:50.304463+00:00 E000EDF0 = 01010001 
2026-10-04T23:48:50.304474+00:00 J-Link>sleep 100
2026-10-04T23:48:50.304481+00:00 Sleep(100)
2026-10-04T23:48:50.413095+00:00 J-Link>mem32 0x200009C0, 10
2026-10-04T23:48:50.414516+00:00 200009C0 = 00000000 00000000 00000000 00000000 
2026-10-04T23:48:50.414620+00:00 200009D0 = 00000000 00000000 00000000 00000000 
2026-10-04T23:48:50.414676+00:00 200009E0 = 00000000 00000000 00000000 00000000 
2026-10-04T23:48:50.414712+00:00 200009F0 = 00000000 00000000 00000000 00000000 
2026-10-04T23:48:50.414751+00:00 J-Link>mem32 0x20027300, 5
2026-10-04T23:48:50.415382+00:00 20027300 = 00000000 00000000 00000000 00000000 
2026-10-04T23:48:50.415522+00:00 20027310 = 00000000 
2026-10-04T23:48:50.415564+00:00 J-Link>mem32 0xE000ED28, 3
2026-10-04T23:48:50.416073+00:00 E000ED28 = 00000000 00000000 00000000 
2026-10-04T23:48:50.416119+00:00 J-Link>mem32 0xE000EDF0, 1
2026-10-04T23:48:50.416639+00:00 E000EDF0 = 01010001 
2026-10-04T23:48:50.416683+00:00 J-Link>sleep 100
2026-10-04T23:48:50.416716+00:00 Sleep(100)
2026-10-04T23:48:50.522065+00:00 J-Link>mem32 0x200009C0, 10
2026-10-04T23:48:50.523438+00:00 200009C0 = 00000000 00000000 00000000 00000000 
2026-10-04T23:48:50.523526+00:00 200009D0 = 00000000 00000000 00000000 00000000 
2026-10-04T23:48:50.523573+00:00 200009E0 = 00000000 00000000 00000000 00000000 
2026-10-04T23:48:50.523610+00:00 200009F0 = 00000000 00000000 00000000 00000000 
2026-10-04T23:48:50.523655+00:00 J-Link>mem32 0x20027300, 5
2026-10-04T23:48:50.524324+00:00 20027300 = 00000000 00000000 00000000 00000000 
2026-10-04T23:48:50.524371+00:00 20027310 = 00000000 
2026-10-04T23:48:50.524418+00:00 J-Link>mem32 0xE000ED28, 3
2026-10-04T23:48:50.525046+00:00 E000ED28 = 00000000 00000000 00000000 
2026-10-04T23:48:50.525092+00:00 J-Link>mem32 0xE000EDF0, 1
2026-10-04T23:48:50.525625+00:00 E000EDF0 = 01010001 
2026-10-04T23:48:50.525674+00:00 J-Link>sleep 100
2026-10-04T23:48:50.525706+00:00 Sleep(100)
2026-10-04T23:48:50.635686+00:00 J-Link>mem32 0x200009C0, 10
2026-10-04T23:48:50.637082+00:00 200009C0 = 00000000 00000000 00000000 00000000 
2026-10-04T23:48:50.637189+00:00 200009D0 = 00000000 00000000 00000000 00000000 
2026-10-04T23:48:50.637237+00:00 200009E0 = 00000000 00000000 00000000 00000000 
2026-10-04T23:48:50.637274+00:00 200009F0 = 00000000 00000000 00000000 00000000 
2026-10-04T23:48:50.637308+00:00 J-Link>mem32 0x20027300, 5
2026-10-04T23:48:50.638486+00:00 20027300 = 00000000 00000000 00000000 00000000 
2026-10-04T23:48:50.638580+00:00 20027310 = 00000000 
2026-10-04T23:48:50.638629+00:00 J-Link>mem32 0xE000ED28, 3
2026-10-04T23:48:50.639345+00:00 E000ED28 = 00000000 00000000 00000000 
2026-10-04T23:48:50.639435+00:00 J-Link>mem32 0xE000EDF0, 1
2026-10-04T23:48:50.640119+00:00 E000EDF0 = 01010001 
2026-10-04T23:48:50.640199+00:00 J-Link>sleep 100
2026-10-04T23:48:50.640245+00:00 Sleep(100)
2026-10-04T23:48:50.750182+00:00 J-Link>mem32 0x200009C0, 10
2026-10-04T23:48:50.751633+00:00 200009C0 = 00000000 00000000 00000000 00000000 
2026-10-04T23:48:50.751767+00:00 200009D0 = 00000000 00000000 00000000 00000000 
2026-10-04T23:48:50.751834+00:00 200009E0 = 00000000 00000000 00000000 00000000 
2026-10-04T23:48:50.751897+00:00 200009F0 = 00000000 00000000 00000000 00000000 
2026-10-04T23:48:50.751941+00:00 J-Link>mem32 0x20027300, 5
2026-10-04T23:48:50.752580+00:00 20027300 = 00000000 00000000 00000000 00000000 
2026-10-04T23:48:50.752652+00:00 20027310 = 00000000 
2026-10-04T23:48:50.752696+00:00 J-Link>mem32 0xE000ED28, 3
2026-10-04T23:48:50.753343+00:00 E000ED28 = 00000000 00000000 00000000 
2026-10-04T23:48:50.753407+00:00 J-Link>mem32 0xE000EDF0, 1
2026-10-04T23:48:50.754010+00:00 E000EDF0 = 01010001 
2026-10-04T23:48:50.754086+00:00 J-Link>sleep 100
2026-10-04T23:48:50.754128+00:00 Sleep(100)
2026-10-04T23:48:50.862328+00:00 J-Link>mem32 0x200009C0, 10
2026-10-04T23:48:50.863706+00:00 200009C0 = 00000000 00000100 00000001 00010001 
2026-10-04T23:48:50.863803+00:00 200009D0 = 00000000 00000000 05F540D8 00000000 
2026-10-04T23:48:50.863858+00:00 200009E0 = 05F23398 00000000 00000000 00000000 
2026-10-04T23:48:50.863912+00:00 200009F0 = 00000000 00000000 00000000 00000000 
2026-10-04T23:48:50.863950+00:00 J-Link>mem32 0x20027300, 5
2026-10-04T23:48:50.864618+00:00 20027300 = 00000000 00000000 00000000 00000000 
2026-10-04T23:48:50.864686+00:00 20027310 = 00000000 
2026-10-04T23:48:50.864739+00:00 J-Link>mem32 0xE000ED28, 3
2026-10-04T23:48:50.865361+00:00 E000ED28 = 00000000 00000000 00000002 
2026-10-04T23:48:50.865418+00:00 J-Link>mem32 0xE000EDF0, 1
2026-10-04T23:48:50.865982+00:00 E000EDF0 = 01030003 
2026-10-04T23:48:50.866036+00:00 J-Link>sleep 100
2026-10-04T23:48:50.866068+00:00 Sleep(100)
2026-10-04T23:48:50.974056+00:00 J-Link>mem32 0x200009C0, 10
2026-10-04T23:48:50.975504+00:00 200009C0 = 00000000 00000100 00000001 00010001 
2026-10-04T23:48:50.975592+00:00 200009D0 = 00000000 00000000 05F540D8 00000000 
2026-10-04T23:48:50.975675+00:00 200009E0 = 05F23398 00000000 00000000 00000000 
2026-10-04T23:48:50.975733+00:00 200009F0 = 00000000 00000000 00000000 00000000 
2026-10-04T23:48:50.975778+00:00 J-Link>mem32 0x20027300, 5
2026-10-04T23:48:50.976425+00:00 20027300 = 00000000 00000000 00000000 00000000 
2026-10-04T23:48:50.976515+00:00 20027310 = 00000000 
2026-10-04T23:48:50.976580+00:00 J-Link>mem32 0xE000ED28, 3
2026-10-04T23:48:50.977204+00:00 E000ED28 = 00000000 00000000 00000002 
2026-10-04T23:48:50.977275+00:00 J-Link>mem32 0xE000EDF0, 1
2026-10-04T23:48:50.977879+00:00 E000EDF0 = 00030003 
2026-10-04T23:48:50.977972+00:00 J-Link>sleep 100
2026-10-04T23:48:50.978023+00:00 Sleep(100)
2026-10-04T23:48:51.086128+00:00 J-Link>mem32 0x200009C0, 10
2026-10-04T23:48:51.087566+00:00 200009C0 = 00000000 00000100 00000001 00010001 
2026-10-04T23:48:51.087665+00:00 200009D0 = 00000000 00000000 05F540D8 00000000 
2026-10-04T23:48:51.087737+00:00 200009E0 = 05F23398 00000000 00000000 00000000 
2026-10-04T23:48:51.087801+00:00 200009F0 = 00000000 00000000 00000000 00000000 
2026-10-04T23:48:51.087842+00:00 J-Link>mem32 0x20027300, 5
2026-10-04T23:48:51.088463+00:00 20027300 = 00000000 00000000 00000000 00000000 
2026-10-04T23:48:51.088527+00:00 20027310 = 00000000 
2026-10-04T23:48:51.088567+00:00 J-Link>mem32 0xE000ED28, 3
2026-10-04T23:48:51.089213+00:00 E000ED28 = 00000000 00000000 00000002 
2026-10-04T23:48:51.089272+00:00 J-Link>mem32 0xE000EDF0, 1
2026-10-04T23:48:51.089990+00:00 E000EDF0 = 00030003 
2026-10-04T23:48:51.090052+00:00 J-Link>sleep 100
2026-10-04T23:48:51.090087+00:00 Sleep(100)
2026-10-04T23:48:51.192512+00:00 J-Link>mem32 0x200009C0, 10
2026-10-04T23:48:51.193915+00:00 200009C0 = 00000000 00000100 00000001 00010001 
2026-10-04T23:48:51.194012+00:00 200009D0 = 00000000 00000000 05F540D8 00000000 
2026-10-04T23:48:51.194063+00:00 200009E0 = 05F23398 00000000 00000000 00000000 
2026-10-04T23:48:51.194116+00:00 200009F0 = 00000000 00000000 00000000 00000000 
2026-10-04T23:48:51.194152+00:00 J-Link>mem32 0x20027300, 5
2026-10-04T23:48:51.194995+00:00 20027300 = 00000000 00000000 00000000 00000000 
2026-10-04T23:48:51.195083+00:00 20027310 = 00000000 
2026-10-04T23:48:51.195155+00:00 J-Link>mem32 0xE000ED28, 3
2026-10-04T23:48:51.195731+00:00 E000ED28 = 00000000 00000000 00000002 
2026-10-04T23:48:51.195791+00:00 J-Link>mem32 0xE000EDF0, 1
2026-10-04T23:48:51.196344+00:00 E000EDF0 = 00030003 
2026-10-04T23:48:51.196403+00:00 J-Link>sleep 100
2026-10-04T23:48:51.196438+00:00 Sleep(100)
2026-10-04T23:48:51.305425+00:00 J-Link>mem32 0x200009C0, 10
2026-10-04T23:48:51.306839+00:00 200009C0 = 00000000 00000100 00000001 00010001 
2026-10-04T23:48:51.306961+00:00 200009D0 = 00000000 00000000 05F540D8 00000000 
2026-10-04T23:48:51.307022+00:00 200009E0 = 05F23398 00000000 00000000 00000000 
2026-10-04T23:48:51.307086+00:00 200009F0 = 00000000 00000000 00000000 00000000 
2026-10-04T23:48:51.307128+00:00 J-Link>mem32 0x20027300, 5
2026-10-04T23:48:51.307764+00:00 20027300 = 00000000 00000000 00000000 00000000 
2026-10-04T23:48:51.307830+00:00 20027310 = 00000000 
2026-10-04T23:48:51.307886+00:00 J-Link>mem32 0xE000ED28, 3
2026-10-04T23:48:51.308529+00:00 E000ED28 = 00000000 00000000 00000002 
2026-10-04T23:48:51.308593+00:00 J-Link>mem32 0xE000EDF0, 1
2026-10-04T23:48:51.309171+00:00 E000EDF0 = 00030003 
2026-10-04T23:48:51.309247+00:00 J-Link>sleep 100
2026-10-04T23:48:51.309287+00:00 Sleep(100)
2026-10-04T23:48:51.418618+00:00 J-Link>mem32 0x200009C0, 10
2026-10-04T23:48:51.420015+00:00 200009C0 = 00000000 00000100 00000001 00010001 
2026-10-04T23:48:51.420115+00:00 200009D0 = 00000000 00000000 05F540D8 00000000 
2026-10-04T23:48:51.420171+00:00 200009E0 = 05F23398 00000000 00000000 00000000 
2026-10-04T23:48:51.420226+00:00 200009F0 = 00000000 00000000 00000000 00000000 
2026-10-04T23:48:51.420265+00:00 J-Link>mem32 0x20027300, 5
2026-10-04T23:48:51.420923+00:00 20027300 = 00000000 00000000 00000000 00000000 
2026-10-04T23:48:51.420998+00:00 20027310 = 00000000 
2026-10-04T23:48:51.421069+00:00 J-Link>mem32 0xE000ED28, 3
2026-10-04T23:48:51.421662+00:00 E000ED28 = 00000000 00000000 00000002 
2026-10-04T23:48:51.421722+00:00 J-Link>mem32 0xE000EDF0, 1
2026-10-04T23:48:51.422307+00:00 E000EDF0 = 00030003 
2026-10-04T23:48:51.422365+00:00 J-Link>sleep 100
2026-10-04T23:48:51.422402+00:00 Sleep(100)
2026-10-04T23:48:51.526956+00:00 J-Link>mem32 0x200009C0, 10
2026-10-04T23:48:51.528389+00:00 200009C0 = 00000000 00000100 00000001 00010001 
2026-10-04T23:48:51.528501+00:00 200009D0 = 00000000 00000000 05F540D8 00000000 
2026-10-04T23:48:51.528560+00:00 200009E0 = 05F23398 00000000 00000000 00000000 
2026-10-04T23:48:51.528620+00:00 200009F0 = 00000000 00000000 00000000 00000000 
2026-10-04T23:48:51.528660+00:00 J-Link>mem32 0x20027300, 5
2026-10-04T23:48:51.529345+00:00 20027300 = 00000000 00000000 00000000 00000000 
2026-10-04T23:48:51.529430+00:00 20027310 = 00000000 
2026-10-04T23:48:51.529493+00:00 J-Link>mem32 0xE000ED28, 3
2026-10-04T23:48:51.530138+00:00 E000ED28 = 00000000 00000000 00000002 
2026-10-04T23:48:51.530208+00:00 J-Link>mem32 0xE000EDF0, 1
2026-10-04T23:48:51.531013+00:00 E000EDF0 = 00030003 
2026-10-04T23:48:51.531104+00:00 J-Link>sleep 100
2026-10-04T23:48:51.531147+00:00 Sleep(100)
2026-10-04T23:48:51.636145+00:00 J-Link>mem32 0x200009C0, 10
2026-10-04T23:48:51.637594+00:00 200009C0 = 00000000 00000100 00000001 00010001 
2026-10-04T23:48:51.637721+00:00 200009D0 = 00000000 00000000 05F540D8 00000000 
2026-10-04T23:48:51.637789+00:00 200009E0 = 05F23398 00000000 00000000 00000000 
2026-10-04T23:48:51.637857+00:00 200009F0 = 00000000 00000000 00000000 00000000 
2026-10-04T23:48:51.637906+00:00 J-Link>mem32 0x20027300, 5
2026-10-04T23:48:51.638570+00:00 20027300 = 00000000 00000000 00000000 00000000 
2026-10-04T23:48:51.638682+00:00 20027310 = 00000000 
2026-10-04T23:48:51.638776+00:00 J-Link>mem32 0xE000ED28, 3
2026-10-04T23:48:51.639447+00:00 E000ED28 = 00000000 00000000 00000002 
2026-10-04T23:48:51.639553+00:00 J-Link>mem32 0xE000EDF0, 1
2026-10-04T23:48:51.640184+00:00 E000EDF0 = 00030003 
2026-10-04T23:48:51.640268+00:00 J-Link>sleep 100
2026-10-04T23:48:51.640314+00:00 Sleep(100)
2026-10-04T23:48:51.750233+00:00 J-Link>mem32 0x200009C0, 10
2026-10-04T23:48:51.751635+00:00 200009C0 = 00000000 00000100 00000001 00010001 
2026-10-04T23:48:51.751736+00:00 200009D0 = 00000000 00000000 05F540D8 00000000 
2026-10-04T23:48:51.751807+00:00 200009E0 = 05F23398 00000000 00000000 00000000 
2026-10-04T23:48:51.751872+00:00 200009F0 = 00000000 00000000 00000000 00000000 
2026-10-04T23:48:51.751912+00:00 J-Link>mem32 0x20027300, 5
2026-10-04T23:48:51.752565+00:00 20027300 = 00000000 00000000 00000000 00000000 
2026-10-04T23:48:51.752642+00:00 20027310 = 00000000 
2026-10-04T23:48:51.752701+00:00 J-Link>mem32 0xE000ED28, 3
2026-10-04T23:48:51.753985+00:00 E000ED28 = 00000000 00000000 00000002 
2026-10-04T23:48:51.754069+00:00 J-Link>mem32 0xE000EDF0, 1
2026-10-04T23:48:51.754621+00:00 E000EDF0 = 00030003 
2026-10-04T23:48:51.754683+00:00 J-Link>sleep 100
2026-10-04T23:48:51.754720+00:00 Sleep(100)
2026-10-04T23:48:51.858498+00:00 J-Link>mem32 0x200009C0, 10
2026-10-04T23:48:51.859940+00:00 200009C0 = 00000000 00000100 00000001 00010001 
2026-10-04T23:48:51.860072+00:00 200009D0 = 00000000 00000000 05F540D8 00000000 
2026-10-04T23:48:51.860152+00:00 200009E0 = 05F23398 00000000 00000000 00000000 
2026-10-04T23:48:51.860207+00:00 200009F0 = 00000000 00000000 00000000 00000000 
2026-10-04T23:48:51.860252+00:00 J-Link>mem32 0x20027300, 5
2026-10-04T23:48:51.861048+00:00 20027300 = 00000000 00000000 00000000 00000000 
2026-10-04T23:48:51.861136+00:00 20027310 = 00000000 
2026-10-04T23:48:51.861183+00:00 J-Link>mem32 0xE000ED28, 3
2026-10-04T23:48:51.861824+00:00 E000ED28 = 00000000 00000000 00000002 
2026-10-04T23:48:51.861899+00:00 J-Link>mem32 0xE000EDF0, 1
2026-10-04T23:48:51.862483+00:00 E000EDF0 = 00030003 
2026-10-04T23:48:51.862550+00:00 J-Link>sleep 100
2026-10-04T23:48:51.862653+00:00 Sleep(100)
2026-10-04T23:48:51.968181+00:00 J-Link>mem32 0x200009C0, 10
2026-10-04T23:48:51.969452+00:00 200009C0 = 00000000 00000100 00000001 00010001 
2026-10-04T23:48:51.969480+00:00 200009D0 = 00000000 00000000 05F540D8 00000000 
2026-10-04T23:48:51.969500+00:00 200009E0 = 05F23398 00000000 00000000 00000000 
2026-10-04T23:48:51.969510+00:00 200009F0 = 00000000 00000000 00000000 00000000 
2026-10-04T23:48:51.969518+00:00 J-Link>mem32 0x20027300, 5
2026-10-04T23:48:51.970185+00:00 20027300 = 00000000 00000000 00000000 00000000 
2026-10-04T23:48:51.970201+00:00 20027310 = 00000000 
2026-10-04T23:48:51.970209+00:00 J-Link>mem32 0xE000ED28, 3
2026-10-04T23:48:51.970800+00:00 E000ED28 = 00000000 00000000 00000002 
2026-10-04T23:48:51.970813+00:00 J-Link>mem32 0xE000EDF0, 1
2026-10-04T23:48:51.971300+00:00 E000EDF0 = 00030003 
2026-10-04T23:48:51.971309+00:00 J-Link>sleep 100
2026-10-04T23:48:51.971315+00:00 Sleep(100)
2026-10-04T23:48:52.078698+00:00 J-Link>mem32 0x200009C0, 10
2026-10-04T23:48:52.080107+00:00 200009C0 = 00000000 00000100 00000001 00010001 
2026-10-04T23:48:52.080129+00:00 200009D0 = 00000000 00000000 05F540D8 00000000 
2026-10-04T23:48:52.080137+00:00 200009E0 = 05F23398 00000000 00000000 00000000 
2026-10-04T23:48:52.080145+00:00 200009F0 = 00000000 00000000 00000000 00000000 
2026-10-04T23:48:52.080152+00:00 J-Link>mem32 0x20027300, 5
2026-10-04T23:48:52.080858+00:00 20027300 = 00000000 00000000 00000000 00000000 
2026-10-04T23:48:52.080872+00:00 20027310 = 00000000 
2026-10-04T23:48:52.080880+00:00 J-Link>mem32 0xE000ED28, 3
2026-10-04T23:48:52.081494+00:00 E000ED28 = 00000000 00000000 00000002 
2026-10-04T23:48:52.081506+00:00 J-Link>mem32 0xE000EDF0, 1
2026-10-04T23:48:52.082030+00:00 E000EDF0 = 00030003 
2026-10-04T23:48:52.082043+00:00 J-Link>sleep 100
2026-10-04T23:48:52.082050+00:00 Sleep(100)
2026-10-04T23:48:52.192152+00:00 J-Link>mem32 0x200009C0, 10
2026-10-04T23:48:52.193591+00:00 200009C0 = 00000000 00000100 00000001 00010001 
2026-10-04T23:48:52.193746+00:00 200009D0 = 00000000 00000000 05F540D8 00000000 
2026-10-04T23:48:52.193817+00:00 200009E0 = 05F23398 00000000 00000000 00000000 
2026-10-04T23:48:52.193884+00:00 200009F0 = 00000000 00000000 00000000 00000000 
2026-10-04T23:48:52.193939+00:00 J-Link>mem32 0x20027300, 5
2026-10-04T23:48:52.194802+00:00 20027300 = 00000000 00000000 00000000 00000000 
2026-10-04T23:48:52.194881+00:00 20027310 = 00000000 
2026-10-04T23:48:52.194931+00:00 J-Link>mem32 0xE000ED28, 3
2026-10-04T23:48:52.195597+00:00 E000ED28 = 00000000 00000000 00000002 
2026-10-04T23:48:52.195672+00:00 J-Link>mem32 0xE000EDF0, 1
2026-10-04T23:48:52.196285+00:00 E000EDF0 = 00030003 
2026-10-04T23:48:52.196348+00:00 J-Link>sleep 100
2026-10-04T23:48:52.196388+00:00 Sleep(100)
2026-10-04T23:48:52.306162+00:00 J-Link>mem32 0x200009C0, 10
2026-10-04T23:48:52.307604+00:00 200009C0 = 00000000 00000100 00000001 00010001 
2026-10-04T23:48:52.307717+00:00 200009D0 = 00000000 00000000 05F540D8 00000000 
2026-10-04T23:48:52.307785+00:00 200009E0 = 05F23398 00000000 00000000 00000000 
2026-10-04T23:48:52.307836+00:00 200009F0 = 00000000 00000000 00000000 00000000 
2026-10-04T23:48:52.307899+00:00 J-Link>mem32 0x20027300, 5
2026-10-04T23:48:52.308795+00:00 20027300 = 00000000 00000000 00000000 00000000 
2026-10-04T23:48:52.308885+00:00 20027310 = 00000000 
2026-10-04T23:48:52.308937+00:00 J-Link>mem32 0xE000ED28, 3
2026-10-04T23:48:52.309596+00:00 E000ED28 = 00000000 00000000 00000002 
2026-10-04T23:48:52.309669+00:00 J-Link>mem32 0xE000EDF0, 1
2026-10-04T23:48:52.310310+00:00 E000EDF0 = 00030003 
2026-10-04T23:48:52.310381+00:00 J-Link>sleep 100
2026-10-04T23:48:52.310419+00:00 Sleep(100)
2026-10-04T23:48:52.419133+00:00 J-Link>mem32 0x200009C0, 10
2026-10-04T23:48:52.420676+00:00 200009C0 = 00000000 00000100 00000001 00010001 
2026-10-04T23:48:52.420799+00:00 200009D0 = 00000000 00000000 05F540D8 00000000 
2026-10-04T23:48:52.420860+00:00 200009E0 = 05F23398 00000000 00000000 00000000 
2026-10-04T23:48:52.420925+00:00 200009F0 = 00000000 00000000 00000000 00000000 
2026-10-04T23:48:52.421022+00:00 J-Link>mem32 0x20027300, 5
2026-10-04T23:48:52.421618+00:00 20027300 = 00000000 00000000 00000000 00000000 
2026-10-04T23:48:52.421715+00:00 20027310 = 00000000 
2026-10-04T23:48:52.421776+00:00 J-Link>mem32 0xE000ED28, 3
2026-10-04T23:48:52.422413+00:00 E000ED28 = 00000000 00000000 00000002 
2026-10-04T23:48:52.422487+00:00 J-Link>mem32 0xE000EDF0, 1
2026-10-04T23:48:52.423053+00:00 E000EDF0 = 00030003 
2026-10-04T23:48:52.423121+00:00 J-Link>sleep 100
2026-10-04T23:48:52.423158+00:00 Sleep(100)
2026-10-04T23:48:52.533117+00:00 J-Link>mem32 0x200009C0, 10
2026-10-04T23:48:52.534568+00:00 200009C0 = 00000000 00000100 00000001 00010001 
2026-10-04T23:48:52.534650+00:00 200009D0 = 00000000 00000000 05F540D8 00000000 
2026-10-04T23:48:52.534722+00:00 200009E0 = 05F23398 00000000 00000000 00000000 
2026-10-04T23:48:52.534788+00:00 200009F0 = 00000000 00000000 00000000 00000000 
2026-10-04T23:48:52.534836+00:00 J-Link>mem32 0x20027300, 5
2026-10-04T23:48:52.535507+00:00 20027300 = 00000000 00000000 00000000 00000000 
2026-10-04T23:48:52.535577+00:00 20027310 = 00000000 
2026-10-04T23:48:52.535627+00:00 J-Link>mem32 0xE000ED28, 3
2026-10-04T23:48:52.536303+00:00 E000ED28 = 00000000 00000000 00000002 
2026-10-04T23:48:52.536386+00:00 J-Link>mem32 0xE000EDF0, 1
2026-10-04T23:48:52.536975+00:00 E000EDF0 = 00030003 
2026-10-04T23:48:52.537043+00:00 J-Link>sleep 100
2026-10-04T23:48:52.537081+00:00 Sleep(100)
2026-10-04T23:48:52.647029+00:00 J-Link>mem32 0x200009C0, 10
2026-10-04T23:48:52.648429+00:00 200009C0 = 00000000 00000100 00000001 00010001 
2026-10-04T23:48:52.648520+00:00 200009D0 = 00000000 00000000 05F540D8 00000000 
2026-10-04T23:48:52.648576+00:00 200009E0 = 05F23398 00000000 00000000 00000000 
2026-10-04T23:48:52.648620+00:00 200009F0 = 00000000 00000000 00000000 00000000 
2026-10-04T23:48:52.648672+00:00 J-Link>mem32 0x20027300, 5
2026-10-04T23:48:52.649374+00:00 20027300 = 00000000 00000000 00000000 00000000 
2026-10-04T23:48:52.649439+00:00 20027310 = 00000000 
2026-10-04T23:48:52.649497+00:00 J-Link>mem32 0xE000ED28, 3
2026-10-04T23:48:52.650127+00:00 E000ED28 = 00000000 00000000 00000002 
2026-10-04T23:48:52.650194+00:00 J-Link>mem32 0xE000EDF0, 1
2026-10-04T23:48:52.650765+00:00 E000EDF0 = 00030003 
2026-10-04T23:48:52.650829+00:00 J-Link>sleep 100
2026-10-04T23:48:52.650863+00:00 Sleep(100)
2026-10-04T23:48:52.757273+00:00 J-Link>mem32 0x200009C0, 10
2026-10-04T23:48:52.758705+00:00 200009C0 = 00000000 00000100 00000001 00010001 
2026-10-04T23:48:52.758809+00:00 200009D0 = 00000000 00000000 05F540D8 00000000 
2026-10-04T23:48:52.758870+00:00 200009E0 = 05F23398 00000000 00000000 00000000 
2026-10-04T23:48:52.758929+00:00 200009F0 = 00000000 00000000 00000000 00000000 
2026-10-04T23:48:52.758972+00:00 J-Link>mem32 0x20027300, 5
2026-10-04T23:48:52.759670+00:00 20027300 = 00000000 00000000 00000000 00000000 
2026-10-04T23:48:52.759741+00:00 20027310 = 00000000 
2026-10-04T23:48:52.759798+00:00 J-Link>mem32 0xE000ED28, 3
2026-10-04T23:48:52.760450+00:00 E000ED28 = 00000000 00000000 00000002 
2026-10-04T23:48:52.760541+00:00 J-Link>mem32 0xE000EDF0, 1
2026-10-04T23:48:52.761125+00:00 E000EDF0 = 00030003 
2026-10-04T23:48:52.761197+00:00 J-Link>sleep 100
2026-10-04T23:48:52.761236+00:00 Sleep(100)
2026-10-04T23:48:52.865618+00:00 J-Link>mem32 0x200009C0, 10
2026-10-04T23:48:52.867272+00:00 200009C0 = 00000000 00000100 00000001 00010001 
2026-10-04T23:48:52.867387+00:00 200009D0 = 00000000 00000000 05F540D8 00000000 
2026-10-04T23:48:52.867450+00:00 200009E0 = 05F23398 00000000 00000000 00000000 
2026-10-04T23:48:52.867512+00:00 200009F0 = 00000000 00000000 00000000 00000000 
2026-10-04T23:48:52.867555+00:00 J-Link>mem32 0x20027300, 5
2026-10-04T23:48:52.868215+00:00 20027300 = 00000000 00000000 00000000 00000000 
2026-10-04T23:48:52.868294+00:00 20027310 = 00000000 
2026-10-04T23:48:52.868356+00:00 J-Link>mem32 0xE000ED28, 3
2026-10-04T23:48:52.869022+00:00 E000ED28 = 00000000 00000000 00000002 
2026-10-04T23:48:52.869097+00:00 J-Link>mem32 0xE000EDF0, 1
2026-10-04T23:48:52.869670+00:00 E000EDF0 = 00030003 
2026-10-04T23:48:52.869736+00:00 J-Link>sleep 100
2026-10-04T23:48:52.869775+00:00 Sleep(100)
2026-10-04T23:48:52.976816+00:00 J-Link>mem32 0x200009C0, 10
2026-10-04T23:48:52.978310+00:00 200009C0 = 00000000 00000100 00000001 00010001 
2026-10-04T23:48:52.978408+00:00 200009D0 = 00000000 00000000 05F540D8 00000000 
2026-10-04T23:48:52.978469+00:00 200009E0 = 05F23398 00000000 00000000 00000000 
2026-10-04T23:48:52.978528+00:00 200009F0 = 00000000 00000000 00000000 00000000 
2026-10-04T23:48:52.978571+00:00 J-Link>mem32 0x20027300, 5
2026-10-04T23:48:52.979247+00:00 20027300 = 00000000 00000000 00000000 00000000 
2026-10-04T23:48:52.979326+00:00 20027310 = 00000000 
2026-10-04T23:48:52.979386+00:00 J-Link>mem32 0xE000ED28, 3
2026-10-04T23:48:52.980047+00:00 E000ED28 = 00000000 00000000 00000002 
2026-10-04T23:48:52.980119+00:00 J-Link>mem32 0xE000EDF0, 1
2026-10-04T23:48:52.980698+00:00 E000EDF0 = 00030003 
2026-10-04T23:48:52.980760+00:00 J-Link>sleep 100
2026-10-04T23:48:52.980798+00:00 Sleep(100)
2026-10-04T23:48:53.085634+00:00 J-Link>mem32 0x200009C0, 10
2026-10-04T23:48:53.087086+00:00 200009C0 = 00000000 00000100 00000001 00010001 
2026-10-04T23:48:53.087184+00:00 200009D0 = 00000000 00000000 05F540D8 00000000 
2026-10-04T23:48:53.087259+00:00 200009E0 = 05F23398 00000000 00000000 00000000 
2026-10-04T23:48:53.087327+00:00 200009F0 = 00000000 00000000 00000000 00000000 
2026-10-04T23:48:53.087368+00:00 J-Link>mem32 0x20027300, 5
2026-10-04T23:48:53.088078+00:00 20027300 = 00000000 00000000 00000000 00000000 
2026-10-04T23:48:53.088150+00:00 20027310 = 00000000 
2026-10-04T23:48:53.088192+00:00 J-Link>mem32 0xE000ED28, 3
2026-10-04T23:48:53.088872+00:00 E000ED28 = 00000000 00000000 00000002 
2026-10-04T23:48:53.088951+00:00 J-Link>mem32 0xE000EDF0, 1
2026-10-04T23:48:53.089550+00:00 E000EDF0 = 00030003 
2026-10-04T23:48:53.089620+00:00 J-Link>sleep 100
2026-10-04T23:48:53.089661+00:00 Sleep(100)
2026-10-04T23:48:53.192546+00:00 J-Link>mem32 0x200009C0, 10
2026-10-04T23:48:53.194065+00:00 200009C0 = 00000000 00000100 00000001 00010001 
2026-10-04T23:48:53.194182+00:00 200009D0 = 00000000 00000000 05F540D8 00000000 
2026-10-04T23:48:53.194245+00:00 200009E0 = 05F23398 00000000 00000000 00000000 
2026-10-04T23:48:53.194330+00:00 200009F0 = 00000000 00000000 00000000 00000000 
2026-10-04T23:48:53.194380+00:00 J-Link>mem32 0x20027300, 5
2026-10-04T23:48:53.195051+00:00 20027300 = 00000000 00000000 00000000 00000000 
2026-10-04T23:48:53.195123+00:00 20027310 = 00000000 
2026-10-04T23:48:53.195169+00:00 J-Link>mem32 0xE000ED28, 3
2026-10-04T23:48:53.196040+00:00 E000ED28 = 00000000 00000000 00000002 
2026-10-04T23:48:53.196115+00:00 J-Link>mem32 0xE000EDF0, 1
2026-10-04T23:48:53.196709+00:00 E000EDF0 = 00030003 
2026-10-04T23:48:53.196780+00:00 J-Link>sleep 100
2026-10-04T23:48:53.196821+00:00 Sleep(100)
2026-10-04T23:48:53.306692+00:00 J-Link>mem32 0x200009C0, 10
2026-10-04T23:48:53.308214+00:00 200009C0 = 00000000 00000100 00000001 00010001 
2026-10-04T23:48:53.308287+00:00 200009D0 = 00000000 00000000 05F540D8 00000000 
2026-10-04T23:48:53.308339+00:00 200009E0 = 05F23398 00000000 00000000 00000000 
2026-10-04T23:48:53.308379+00:00 200009F0 = 00000000 00000000 00000000 00000000 
2026-10-04T23:48:53.308422+00:00 J-Link>mem32 0x20027300, 5
2026-10-04T23:48:53.309150+00:00 20027300 = 00000000 00000000 00000000 00000000 
2026-10-04T23:48:53.309210+00:00 20027310 = 00000000 
2026-10-04T23:48:53.309246+00:00 J-Link>mem32 0xE000ED28, 3
2026-10-04T23:48:53.309943+00:00 E000ED28 = 00000000 00000000 00000002 
2026-10-04T23:48:53.310016+00:00 J-Link>mem32 0xE000EDF0, 1
2026-10-04T23:48:53.310550+00:00 E000EDF0 = 00030003 
2026-10-04T23:48:53.310609+00:00 J-Link>sleep 100
2026-10-04T23:48:53.310636+00:00 Sleep(100)
2026-10-04T23:48:53.420638+00:00 J-Link>mem32 0x200009C0, 10
2026-10-04T23:48:53.422363+00:00 200009C0 = 00000000 00000100 00000001 00010001 
2026-10-04T23:48:53.422482+00:00 200009D0 = 00000000 00000000 05F540D8 00000000 
2026-10-04T23:48:53.422548+00:00 200009E0 = 05F23398 00000000 00000000 00000000 
2026-10-04T23:48:53.422683+00:00 200009F0 = 00000000 00000000 00000000 00000000 
2026-10-04T23:48:53.422739+00:00 J-Link>mem32 0x20027300, 5
2026-10-04T23:48:53.423440+00:00 20027300 = 00000000 00000000 00000000 00000000 
2026-10-04T23:48:53.423551+00:00 20027310 = 00000000 
2026-10-04T23:48:53.423630+00:00 J-Link>mem32 0xE000ED28, 3
2026-10-04T23:48:53.425040+00:00 E000ED28 = 00000000 00000000 00000002 
2026-10-04T23:48:53.425133+00:00 J-Link>mem32 0xE000EDF0, 1
2026-10-04T23:48:53.425746+00:00 E000EDF0 = 00030003 
2026-10-04T23:48:53.425821+00:00 J-Link>sleep 100
2026-10-04T23:48:53.425865+00:00 Sleep(100)
2026-10-04T23:48:53.535738+00:00 J-Link>mem32 0x200009C0, 10
2026-10-04T23:48:53.537262+00:00 200009C0 = 00000000 00000100 00000001 00010001 
2026-10-04T23:48:53.537398+00:00 200009D0 = 00000000 00000000 05F540D8 00000000 
2026-10-04T23:48:53.537467+00:00 200009E0 = 05F23398 00000000 00000000 00000000 
2026-10-04T23:48:53.537538+00:00 200009F0 = 00000000 00000000 00000000 00000000 
2026-10-04T23:48:53.537584+00:00 J-Link>mem32 0x20027300, 5
2026-10-04T23:48:53.538244+00:00 20027300 = 00000000 00000000 00000000 00000000 
2026-10-04T23:48:53.538342+00:00 20027310 = 00000000 
2026-10-04T23:48:53.538394+00:00 J-Link>mem32 0xE000ED28, 3
2026-10-04T23:48:53.539072+00:00 E000ED28 = 00000000 00000000 00000002 
2026-10-04T23:48:53.539156+00:00 J-Link>mem32 0xE000EDF0, 1
2026-10-04T23:48:53.539754+00:00 E000EDF0 = 00030003 
2026-10-04T23:48:53.539828+00:00 J-Link>sleep 100
2026-10-04T23:48:53.539869+00:00 Sleep(100)
2026-10-04T23:48:53.641657+00:00 J-Link>mem32 0x200009C0, 10
2026-10-04T23:48:53.643137+00:00 200009C0 = 00000000 00000100 00000001 00010001 
2026-10-04T23:48:53.643248+00:00 200009D0 = 00000000 00000000 05F540D8 00000000 
2026-10-04T23:48:53.643311+00:00 200009E0 = 05F23398 00000000 00000000 00000000 
2026-10-04T23:48:53.643373+00:00 200009F0 = 00000000 00000000 00000000 00000000 
2026-10-04T23:48:53.643416+00:00 J-Link>mem32 0x20027300, 5
2026-10-04T23:48:53.644097+00:00 20027300 = 00000000 00000000 00000000 00000000 
2026-10-04T23:48:53.644173+00:00 20027310 = 00000000 
2026-10-04T23:48:53.644222+00:00 J-Link>mem32 0xE000ED28, 3
2026-10-04T23:48:53.644875+00:00 E000ED28 = 00000000 00000000 00000002 
2026-10-04T23:48:53.644950+00:00 J-Link>mem32 0xE000EDF0, 1
2026-10-04T23:48:53.645533+00:00 E000EDF0 = 00030003 
2026-10-04T23:48:53.645603+00:00 J-Link>sleep 100
2026-10-04T23:48:53.645644+00:00 Sleep(100)
2026-10-04T23:48:53.752662+00:00 J-Link>mem32 0x200009C0, 10
2026-10-04T23:48:53.754124+00:00 200009C0 = 00000000 00000100 00000001 00010001 
2026-10-04T23:48:53.754245+00:00 200009D0 = 00000000 00000000 05F540D8 00000000 
2026-10-04T23:48:53.754307+00:00 200009E0 = 05F23398 00000000 00000000 00000000 
2026-10-04T23:48:53.754372+00:00 200009F0 = 00000000 00000000 00000000 00000000 
2026-10-04T23:48:53.754415+00:00 J-Link>mem32 0x20027300, 5
2026-10-04T23:48:53.755096+00:00 20027300 = 00000000 00000000 00000000 00000000 
2026-10-04T23:48:53.755174+00:00 20027310 = 00000000 
2026-10-04T23:48:53.755220+00:00 J-Link>mem32 0xE000ED28, 3
2026-10-04T23:48:53.755888+00:00 E000ED28 = 00000000 00000000 00000002 
2026-10-04T23:48:53.755965+00:00 J-Link>mem32 0xE000EDF0, 1
2026-10-04T23:48:53.756551+00:00 E000EDF0 = 00030003 
2026-10-04T23:48:53.756622+00:00 J-Link>sleep 100
2026-10-04T23:48:53.756672+00:00 Sleep(100)
2026-10-04T23:48:53.866612+00:00 J-Link>mem32 0x200009C0, 10
2026-10-04T23:48:53.868061+00:00 200009C0 = 00000000 00000100 00000001 00010001 
2026-10-04T23:48:53.868160+00:00 200009D0 = 00000000 00000000 05F540D8 00000000 
2026-10-04T23:48:53.868231+00:00 200009E0 = 05F23398 00000000 00000000 00000000 
2026-10-04T23:48:53.868299+00:00 200009F0 = 00000000 00000000 00000000 00000000 
2026-10-04T23:48:53.868340+00:00 J-Link>mem32 0x20027300, 5
2026-10-04T23:48:53.868987+00:00 20027300 = 00000000 00000000 00000000 00000000 
2026-10-04T23:48:53.869055+00:00 20027310 = 00000000 
2026-10-04T23:48:53.869098+00:00 J-Link>mem32 0xE000ED28, 3
2026-10-04T23:48:53.869737+00:00 E000ED28 = 00000000 00000000 00000002 
2026-10-04T23:48:53.869872+00:00 J-Link>mem32 0xE000EDF0, 1
2026-10-04T23:48:53.870380+00:00 E000EDF0 = 00030003 
2026-10-04T23:48:53.870444+00:00 J-Link>sleep 100
2026-10-04T23:48:53.870480+00:00 Sleep(100)
2026-10-04T23:48:53.974144+00:00 J-Link>mem32 0x200009C0, 10
2026-10-04T23:48:53.975629+00:00 200009C0 = 00000000 00000100 00000001 00010001 
2026-10-04T23:48:53.975755+00:00 200009D0 = 00000000 00000000 05F540D8 00000000 
2026-10-04T23:48:53.975834+00:00 200009E0 = 05F23398 00000000 00000000 00000000 
2026-10-04T23:48:53.975907+00:00 200009F0 = 00000000 00000000 00000000 00000000 
2026-10-04T23:48:53.975966+00:00 J-Link>mem32 0x20027300, 5
2026-10-04T23:48:53.976835+00:00 20027300 = 00000000 00000000 00000000 00000000 
2026-10-04T23:48:53.976915+00:00 20027310 = 00000000 
2026-10-04T23:48:53.976965+00:00 J-Link>mem32 0xE000ED28, 3
2026-10-04T23:48:53.977631+00:00 E000ED28 = 00000000 00000000 00000002 
2026-10-04T23:48:53.977710+00:00 J-Link>mem32 0xE000EDF0, 1
2026-10-04T23:48:53.978357+00:00 E000EDF0 = 00030003 
2026-10-04T23:48:53.978444+00:00 J-Link>sleep 100
2026-10-04T23:48:53.978487+00:00 Sleep(100)
2026-10-04T23:48:54.081520+00:00 J-Link>mem32 0x200009C0, 10
2026-10-04T23:48:54.083002+00:00 200009C0 = 00000000 00000100 00000001 00010001 
2026-10-04T23:48:54.083106+00:00 200009D0 = 00000000 00000000 05F540D8 00000000 
2026-10-04T23:48:54.083178+00:00 200009E0 = 05F23398 00000000 00000000 00000000 
2026-10-04T23:48:54.083234+00:00 200009F0 = 00000000 00000000 00000000 00000000 
2026-10-04T23:48:54.083300+00:00 J-Link>mem32 0x20027300, 5
2026-10-04T23:48:54.084116+00:00 20027300 = 00000000 00000000 00000000 00000000 
2026-10-04T23:48:54.084217+00:00 20027310 = 00000000 
2026-10-04T23:48:54.084273+00:00 J-Link>mem32 0xE000ED28, 3
2026-10-04T23:48:54.084946+00:00 E000ED28 = 00000000 00000000 00000002 
2026-10-04T23:48:54.085055+00:00 J-Link>mem32 0xE000EDF0, 1
2026-10-04T23:48:54.085636+00:00 E000EDF0 = 00030003 
2026-10-04T23:48:54.085712+00:00 J-Link>sleep 100
2026-10-04T23:48:54.085754+00:00 Sleep(100)
2026-10-04T23:48:54.189713+00:00 J-Link>mem32 0x200009C0, 10
2026-10-04T23:48:54.191229+00:00 200009C0 = 00000000 00000100 00000001 00010001 
2026-10-04T23:48:54.191321+00:00 200009D0 = 00000000 00000000 05F540D8 00000000 
2026-10-04T23:48:54.191393+00:00 200009E0 = 05F23398 00000000 00000000 00000000 
2026-10-04T23:48:54.191463+00:00 200009F0 = 00000000 00000000 00000000 00000000 
2026-10-04T23:48:54.191514+00:00 J-Link>mem32 0x20027300, 5
2026-10-04T23:48:54.192192+00:00 20027300 = 00000000 00000000 00000000 00000000 
2026-10-04T23:48:54.192269+00:00 20027310 = 00000000 
2026-10-04T23:48:54.192320+00:00 J-Link>mem32 0xE000ED28, 3
2026-10-04T23:48:54.193005+00:00 E000ED28 = 00000000 00000000 00000002 
2026-10-04T23:48:54.193107+00:00 J-Link>mem32 0xE000EDF0, 1
2026-10-04T23:48:54.194385+00:00 E000EDF0 = 00030003 
2026-10-04T23:48:54.194474+00:00 J-Link>sleep 100
2026-10-04T23:48:54.194519+00:00 Sleep(100)
2026-10-04T23:48:54.304200+00:00 J-Link>mem32 0x200009C0, 10
2026-10-04T23:48:54.305654+00:00 200009C0 = 00000000 00000100 00000001 00010001 
2026-10-04T23:48:54.305761+00:00 200009D0 = 00000000 00000000 05F540D8 00000000 
2026-10-04T23:48:54.305846+00:00 200009E0 = 05F23398 00000000 00000000 00000000 
2026-10-04T23:48:54.305923+00:00 200009F0 = 00000000 00000000 00000000 00000000 
2026-10-04T23:48:54.305981+00:00 J-Link>mem32 0x20027300, 5
2026-10-04T23:48:54.306839+00:00 20027300 = 00000000 00000000 00000000 00000000 
2026-10-04T23:48:54.306931+00:00 20027310 = 00000000 
2026-10-04T23:48:54.306984+00:00 J-Link>mem32 0xE000ED28, 3
2026-10-04T23:48:54.307643+00:00 E000ED28 = 00000000 00000000 00000002 
2026-10-04T23:48:54.307724+00:00 J-Link>mem32 0xE000EDF0, 1
2026-10-04T23:48:54.308336+00:00 E000EDF0 = 00030003 
2026-10-04T23:48:54.308423+00:00 J-Link>sleep 100
2026-10-04T23:48:54.308467+00:00 Sleep(100)
2026-10-04T23:48:54.418395+00:00 J-Link>mem32 0x200009C0, 10
2026-10-04T23:48:54.420032+00:00 200009C0 = 00000000 00000100 00000001 00010001 
2026-10-04T23:48:54.420122+00:00 200009D0 = 00000000 00000000 05F540D8 00000000 
2026-10-04T23:48:54.420253+00:00 200009E0 = 05F23398 00000000 00000000 00000000 
2026-10-04T23:48:54.420310+00:00 200009F0 = 00000000 00000000 00000000 00000000 
2026-10-04T23:48:54.420352+00:00 J-Link>mem32 0x20027300, 5
2026-10-04T23:48:54.420960+00:00 20027300 = 00000000 00000000 00000000 00000000 
2026-10-04T23:48:54.421039+00:00 20027310 = 00000000 
2026-10-04T23:48:54.421085+00:00 J-Link>mem32 0xE000ED28, 3
2026-10-04T23:48:54.421743+00:00 E000ED28 = 00000000 00000000 00000002 
2026-10-04T23:48:54.421816+00:00 J-Link>mem32 0xE000EDF0, 1
2026-10-04T23:48:54.422407+00:00 E000EDF0 = 00030003 
2026-10-04T23:48:54.422477+00:00 J-Link>sleep 100
2026-10-04T23:48:54.422518+00:00 Sleep(100)
2026-10-04T23:48:54.524122+00:00 J-Link>mem32 0x200009C0, 10
2026-10-04T23:48:54.525628+00:00 200009C0 = 00000000 00000100 00000001 00010001 
2026-10-04T23:48:54.525731+00:00 200009D0 = 00000000 00000000 05F540D8 00000000 
2026-10-04T23:48:54.525802+00:00 200009E0 = 05F23398 00000000 00000000 00000000 
2026-10-04T23:48:54.525875+00:00 200009F0 = 00000000 00000000 00000000 00000000 
2026-10-04T23:48:54.525922+00:00 J-Link>mem32 0x20027300, 5
2026-10-04T23:48:54.526589+00:00 20027300 = 00000000 00000000 00000000 00000000 
2026-10-04T23:48:54.526668+00:00 20027310 = 00000000 
2026-10-04T23:48:54.526719+00:00 J-Link>mem32 0xE000ED28, 3
2026-10-04T23:48:54.527413+00:00 E000ED28 = 00000000 00000000 00000002 
2026-10-04T23:48:54.527492+00:00 J-Link>mem32 0xE000EDF0, 1
2026-10-04T23:48:54.528088+00:00 E000EDF0 = 00030003 
2026-10-04T23:48:54.528163+00:00 J-Link>sleep 100
2026-10-04T23:48:54.528206+00:00 Sleep(100)
2026-10-04T23:48:54.634094+00:00 J-Link>mem32 0x200009C0, 10
2026-10-04T23:48:54.635570+00:00 200009C0 = 00000000 00000100 00000001 00010001 
2026-10-04T23:48:54.635681+00:00 200009D0 = 00000000 00000000 05F540D8 00000000 
2026-10-04T23:48:54.635756+00:00 200009E0 = 05F23398 00000000 00000000 00000000 
2026-10-04T23:48:54.635811+00:00 200009F0 = 00000000 00000000 00000000 00000000 
2026-10-04T23:48:54.635870+00:00 J-Link>mem32 0x20027300, 5
2026-10-04T23:48:54.636807+00:00 20027300 = 00000000 00000000 00000000 00000000 
2026-10-04T23:48:54.636885+00:00 20027310 = 00000000 
2026-10-04T23:48:54.636931+00:00 J-Link>mem32 0xE000ED28, 3
2026-10-04T23:48:54.637576+00:00 E000ED28 = 00000000 00000000 00000002 
2026-10-04T23:48:54.637646+00:00 J-Link>mem32 0xE000EDF0, 1
2026-10-04T23:48:54.638240+00:00 E000EDF0 = 00030003 
2026-10-04T23:48:54.638329+00:00 J-Link>sleep 100
2026-10-04T23:48:54.638375+00:00 Sleep(100)
2026-10-04T23:48:54.744981+00:00 J-Link>mem32 0x200009C0, 10
2026-10-04T23:48:54.746521+00:00 200009C0 = 00000000 00000100 00000001 00010001 
2026-10-04T23:48:54.746647+00:00 200009D0 = 00000000 00000000 05F540D8 00000000 
2026-10-04T23:48:54.746736+00:00 200009E0 = 05F23398 00000000 00000000 00000000 
2026-10-04T23:48:54.746799+00:00 200009F0 = 00000000 00000000 00000000 00000000 
2026-10-04T23:48:54.746852+00:00 J-Link>mem32 0x20027300, 5
2026-10-04T23:48:54.747535+00:00 20027300 = 00000000 00000000 00000000 00000000 
2026-10-04T23:48:54.747622+00:00 20027310 = 00000000 
2026-10-04T23:48:54.747696+00:00 J-Link>mem32 0xE000ED28, 3
2026-10-04T23:48:54.748328+00:00 E000ED28 = 00000000 00000000 00000002 
2026-10-04T23:48:54.748414+00:00 J-Link>mem32 0xE000EDF0, 1
2026-10-04T23:48:54.749011+00:00 E000EDF0 = 00030003 
2026-10-04T23:48:54.749084+00:00 J-Link>sleep 100
2026-10-04T23:48:54.749126+00:00 Sleep(100)
2026-10-04T23:48:54.858509+00:00 J-Link>mem32 0x200009C0, 10
2026-10-04T23:48:54.859950+00:00 200009C0 = 00000000 00000100 00000001 00010001 
2026-10-04T23:48:54.860072+00:00 200009D0 = 00000000 00000000 05F540D8 00000000 
2026-10-04T23:48:54.860135+00:00 200009E0 = 05F23398 00000000 00000000 00000000 
2026-10-04T23:48:54.860202+00:00 200009F0 = 00000000 00000000 00000000 00000000 
2026-10-04T23:48:54.860245+00:00 J-Link>mem32 0x20027300, 5
2026-10-04T23:48:54.861036+00:00 20027300 = 00000000 00000000 00000000 00000000 
2026-10-04T23:48:54.861122+00:00 20027310 = 00000000 
2026-10-04T23:48:54.861170+00:00 J-Link>mem32 0xE000ED28, 3
2026-10-04T23:48:54.861819+00:00 E000ED28 = 00000000 00000000 00000002 
2026-10-04T23:48:54.861895+00:00 J-Link>mem32 0xE000EDF0, 1
2026-10-04T23:48:54.862508+00:00 E000EDF0 = 00030003 
2026-10-04T23:48:54.862578+00:00 J-Link>sleep 100
2026-10-04T23:48:54.862616+00:00 Sleep(100)
2026-10-04T23:48:54.966620+00:00 J-Link>mem32 0x200009C0, 10
2026-10-04T23:48:54.968052+00:00 200009C0 = 00000000 00000100 00000001 00010001 
2026-10-04T23:48:54.968162+00:00 200009D0 = 00000000 00000000 05F540D8 00000000 
2026-10-04T23:48:54.968220+00:00 200009E0 = 05F23398 00000000 00000000 00000000 
2026-10-04T23:48:54.968280+00:00 200009F0 = 00000000 00000000 00000000 00000000 
2026-10-04T23:48:54.968322+00:00 J-Link>mem32 0x20027300, 5
2026-10-04T23:48:54.969066+00:00 20027300 = 00000000 00000000 00000000 00000000 
2026-10-04T23:48:54.969152+00:00 20027310 = 00000000 
2026-10-04T23:48:54.969217+00:00 J-Link>mem32 0xE000ED28, 3
2026-10-04T23:48:54.970518+00:00 E000ED28 = 00000000 00000000 00000002 
2026-10-04T23:48:54.970601+00:00 J-Link>mem32 0xE000EDF0, 1
2026-10-04T23:48:54.971168+00:00 E000EDF0 = 00030003 
2026-10-04T23:48:54.971234+00:00 J-Link>sleep 100
2026-10-04T23:48:54.971273+00:00 Sleep(100)
2026-10-04T23:48:55.081241+00:00 J-Link>mem32 0x200009C0, 10
2026-10-04T23:48:55.082731+00:00 200009C0 = 00000000 00000100 00000001 00010001 
2026-10-04T23:48:55.082859+00:00 200009D0 = 00000000 00000000 05F540D8 00000000 
2026-10-04T23:48:55.082956+00:00 200009E0 = 05F23398 00000000 00000000 00000000 
2026-10-04T23:48:55.083010+00:00 200009F0 = 00000000 00000000 00000000 00000000 
2026-10-04T23:48:55.083057+00:00 J-Link>mem32 0x20027300, 5
2026-10-04T23:48:55.083817+00:00 20027300 = 00000000 00000000 00000000 00000000 
2026-10-04T23:48:55.083903+00:00 20027310 = 00000000 
2026-10-04T23:48:55.083956+00:00 J-Link>mem32 0xE000ED28, 3
2026-10-04T23:48:55.084623+00:00 E000ED28 = 00000000 00000000 00000002 
2026-10-04T23:48:55.084706+00:00 J-Link>mem32 0xE000EDF0, 1
2026-10-04T23:48:55.085311+00:00 E000EDF0 = 00030003 
2026-10-04T23:48:55.085393+00:00 J-Link>sleep 100
2026-10-04T23:48:55.085440+00:00 Sleep(100)
2026-10-04T23:48:55.193969+00:00 J-Link>mem32 0x200009C0, 10
2026-10-04T23:48:55.195438+00:00 200009C0 = 00000000 00000100 00000001 00010001 
2026-10-04T23:48:55.195527+00:00 200009D0 = 00000000 00000000 05F540D8 00000000 
2026-10-04T23:48:55.195596+00:00 200009E0 = 05F23398 00000000 00000000 00000000 
2026-10-04T23:48:55.195680+00:00 200009F0 = 00000000 00000000 00000000 00000000 
2026-10-04T23:48:55.195733+00:00 J-Link>mem32 0x20027300, 5
2026-10-04T23:48:55.196427+00:00 20027300 = 00000000 00000000 00000000 00000000 
2026-10-04T23:48:55.196515+00:00 20027310 = 00000000 
2026-10-04T23:48:55.196570+00:00 J-Link>mem32 0xE000ED28, 3
2026-10-04T23:48:55.197344+00:00 E000ED28 = 00000000 00000000 00000002 
2026-10-04T23:48:55.197465+00:00 J-Link>mem32 0xE000EDF0, 1
2026-10-04T23:48:55.198273+00:00 E000EDF0 = 00030003 
2026-10-04T23:48:55.198391+00:00 J-Link>sleep 100
2026-10-04T23:48:55.198453+00:00 Sleep(100)
2026-10-04T23:48:55.308244+00:00 J-Link>mem32 0x200009C0, 10
2026-10-04T23:48:55.309747+00:00 200009C0 = 00000000 00000100 00000001 00010001 
2026-10-04T23:48:55.309835+00:00 200009D0 = 00000000 00000000 05F540D8 00000000 
2026-10-04T23:48:55.309906+00:00 200009E0 = 05F23398 00000000 00000000 00000000 
2026-10-04T23:48:55.309963+00:00 200009F0 = 00000000 00000000 00000000 00000000 
2026-10-04T23:48:55.310024+00:00 J-Link>mem32 0x20027300, 5
2026-10-04T23:48:55.310732+00:00 20027300 = 00000000 00000000 00000000 00000000 
2026-10-04T23:48:55.310846+00:00 20027310 = 00000000 
2026-10-04T23:48:55.310938+00:00 J-Link>mem32 0xE000ED28, 3
2026-10-04T23:48:55.311725+00:00 E000ED28 = 00000000 00000000 00000002 
2026-10-04T23:48:55.311837+00:00 J-Link>mem32 0xE000EDF0, 1
2026-10-04T23:48:55.312413+00:00 E000EDF0 = 00030003 
2026-10-04T23:48:55.312490+00:00 J-Link>sleep 100
2026-10-04T23:48:55.312530+00:00 Sleep(100)
2026-10-04T23:48:55.417321+00:00 J-Link>mem32 0x200009C0, 10
2026-10-04T23:48:55.419382+00:00 200009C0 = 00000000 00000100 00000001 00010001 
2026-10-04T23:48:55.419480+00:00 200009D0 = 00000000 00000000 05F540D8 00000000 
2026-10-04T23:48:55.419535+00:00 200009E0 = 05F23398 00000000 00000000 00000000 
2026-10-04T23:48:55.419607+00:00 200009F0 = 00000000 00000000 00000000 00000000 
2026-10-04T23:48:55.419658+00:00 J-Link>mem32 0x20027300, 5
2026-10-04T23:48:55.420343+00:00 20027300 = 00000000 00000000 00000000 00000000 
2026-10-04T23:48:55.420433+00:00 20027310 = 00000000 
2026-10-04T23:48:55.420483+00:00 J-Link>mem32 0xE000ED28, 3
2026-10-04T23:48:55.421138+00:00 E000ED28 = 00000000 00000000 00000002 
2026-10-04T23:48:55.421213+00:00 J-Link>mem32 0xE000EDF0, 1
2026-10-04T23:48:55.422000+00:00 E000EDF0 = 00030003 
2026-10-04T23:48:55.422080+00:00 J-Link>sleep 100
2026-10-04T23:48:55.422121+00:00 Sleep(100)
2026-10-04T23:48:55.529976+00:00 J-Link>mem32 0x200009C0, 10
2026-10-04T23:48:55.531435+00:00 200009C0 = 00000000 00000100 00000001 00010001 
2026-10-04T23:48:55.531527+00:00 200009D0 = 00000000 00000000 05F540D8 00000000 
2026-10-04T23:48:55.531600+00:00 200009E0 = 05F23398 00000000 00000000 00000000 
2026-10-04T23:48:55.531676+00:00 200009F0 = 00000000 00000000 00000000 00000000 
2026-10-04T23:48:55.531724+00:00 J-Link>mem32 0x20027300, 5
2026-10-04T23:48:55.532384+00:00 20027300 = 00000000 00000000 00000000 00000000 
2026-10-04T23:48:55.532473+00:00 20027310 = 00000000 
2026-10-04T23:48:55.532526+00:00 J-Link>mem32 0xE000ED28, 3
2026-10-04T23:48:55.533232+00:00 E000ED28 = 00000000 00000000 00000002 
2026-10-04T23:48:55.533348+00:00 J-Link>mem32 0xE000EDF0, 1
2026-10-04T23:48:55.533923+00:00 E000EDF0 = 00030003 
2026-10-04T23:48:55.534004+00:00 J-Link>sleep 100
2026-10-04T23:48:55.534048+00:00 Sleep(100)
2026-10-04T23:48:55.643976+00:00 J-Link>mem32 0x200009C0, 10
2026-10-04T23:48:55.646033+00:00 200009C0 = 00000000 00000100 00000001 00010001 
2026-10-04T23:48:55.646136+00:00 200009D0 = 00000000 00000000 05F540D8 00000000 
2026-10-04T23:48:55.646206+00:00 200009E0 = 05F23398 00000000 00000000 00000000 
2026-10-04T23:48:55.646274+00:00 200009F0 = 00000000 00000000 00000000 00000000 
2026-10-04T23:48:55.646317+00:00 J-Link>mem32 0x20027300, 5
2026-10-04T23:48:55.647070+00:00 20027300 = 00000000 00000000 00000000 00000000 
2026-10-04T23:48:55.647146+00:00 20027310 = 00000000 
2026-10-04T23:48:55.647194+00:00 J-Link>mem32 0xE000ED28, 3
2026-10-04T23:48:55.647837+00:00 E000ED28 = 00000000 00000000 00000002 
2026-10-04T23:48:55.647910+00:00 J-Link>mem32 0xE000EDF0, 1
2026-10-04T23:48:55.648506+00:00 E000EDF0 = 00030003 
2026-10-04T23:48:55.648575+00:00 J-Link>sleep 100
2026-10-04T23:48:55.648613+00:00 Sleep(100)
2026-10-04T23:48:55.758505+00:00 J-Link>mem32 0x200009C0, 10
2026-10-04T23:48:55.760031+00:00 200009C0 = 00000000 00000100 00000001 00010001 
2026-10-04T23:48:55.760137+00:00 200009D0 = 00000000 00000000 05F540D8 00000000 
2026-10-04T23:48:55.760218+00:00 200009E0 = 05F23398 00000000 00000000 00000000 
2026-10-04T23:48:55.760295+00:00 200009F0 = 00000000 00000000 00000000 00000000 
2026-10-04T23:48:55.760345+00:00 J-Link>mem32 0x20027300, 5
2026-10-04T23:48:55.761099+00:00 20027300 = 00000000 00000000 00000000 00000000 
2026-10-04T23:48:55.761180+00:00 20027310 = 00000000 
2026-10-04T23:48:55.761230+00:00 J-Link>mem32 0xE000ED28, 3
2026-10-04T23:48:55.761892+00:00 E000ED28 = 00000000 00000000 00000002 
2026-10-04T23:48:55.761979+00:00 J-Link>mem32 0xE000EDF0, 1
2026-10-04T23:48:55.762599+00:00 E000EDF0 = 00030003 
2026-10-04T23:48:55.762679+00:00 J-Link>sleep 100
2026-10-04T23:48:55.762742+00:00 Sleep(100)
2026-10-04T23:48:55.871660+00:00 J-Link>mem32 0x200009C0, 10
2026-10-04T23:48:55.873353+00:00 200009C0 = 00000000 00000100 00000001 00010001 
2026-10-04T23:48:55.873453+00:00 200009D0 = 00000000 00000000 05F540D8 00000000 
2026-10-04T23:48:55.873522+00:00 200009E0 = 05F23398 00000000 00000000 00000000 
2026-10-04T23:48:55.873591+00:00 200009F0 = 00000000 00000000 00000000 00000000 
2026-10-04T23:48:55.873632+00:00 J-Link>mem32 0x20027300, 5
2026-10-04T23:48:55.874287+00:00 20027300 = 00000000 00000000 00000000 00000000 
2026-10-04T23:48:55.874375+00:00 20027310 = 00000000 
2026-10-04T23:48:55.874424+00:00 J-Link>mem32 0xE000ED28, 3
2026-10-04T23:48:55.875810+00:00 E000ED28 = 00000000 00000000 00000002 
2026-10-04T23:48:55.875912+00:00 J-Link>mem32 0xE000EDF0, 1
2026-10-04T23:48:55.876506+00:00 E000EDF0 = 00030003 
2026-10-04T23:48:55.876583+00:00 J-Link>sleep 100
2026-10-04T23:48:55.876629+00:00 Sleep(100)
2026-10-04T23:48:55.984329+00:00 J-Link>mem32 0x200009C0, 10
2026-10-04T23:48:55.986032+00:00 200009C0 = 00000000 00000100 00000001 00010001 
2026-10-04T23:48:55.986151+00:00 200009D0 = 00000000 00000000 05F540D8 00000000 
2026-10-04T23:48:55.986230+00:00 200009E0 = 05F23398 00000000 00000000 00000000 
2026-10-04T23:48:55.986304+00:00 200009F0 = 00000000 00000000 00000000 00000000 
2026-10-04T23:48:55.986349+00:00 J-Link>mem32 0x20027300, 5
2026-10-04T23:48:55.987019+00:00 20027300 = 00000000 00000000 00000000 00000000 
2026-10-04T23:48:55.987101+00:00 20027310 = 00000000 
2026-10-04T23:48:55.987150+00:00 J-Link>mem32 0xE000ED28, 3
2026-10-04T23:48:55.987847+00:00 E000ED28 = 00000000 00000000 00000002 
2026-10-04T23:48:55.987927+00:00 J-Link>mem32 0xE000EDF0, 1
2026-10-04T23:48:55.988548+00:00 E000EDF0 = 00030003 
2026-10-04T23:48:55.988622+00:00 J-Link>sleep 100
2026-10-04T23:48:55.988677+00:00 Sleep(100)
2026-10-04T23:48:56.093812+00:00 J-Link>mem32 0x200009C0, 10
2026-10-04T23:48:56.095287+00:00 200009C0 = 00000000 00000100 00000001 00010001 
2026-10-04T23:48:56.095373+00:00 200009D0 = 00000000 00000000 05F540D8 00000000 
2026-10-04T23:48:56.095430+00:00 200009E0 = 05F23398 00000000 00000000 00000000 
2026-10-04T23:48:56.095488+00:00 200009F0 = 00000000 00000000 00000000 00000000 
2026-10-04T23:48:56.095523+00:00 J-Link>mem32 0x20027300, 5
2026-10-04T23:48:56.096174+00:00 20027300 = 00000000 00000000 00000000 00000000 
2026-10-04T23:48:56.096231+00:00 20027310 = 00000000 
2026-10-04T23:48:56.096266+00:00 J-Link>mem32 0xE000ED28, 3
2026-10-04T23:48:56.096969+00:00 E000ED28 = 00000000 00000000 00000002 
2026-10-04T23:48:56.097029+00:00 J-Link>mem32 0xE000EDF0, 1
2026-10-04T23:48:56.097586+00:00 E000EDF0 = 00030003 
2026-10-04T23:48:56.097638+00:00 J-Link>sleep 100
2026-10-04T23:48:56.097666+00:00 Sleep(100)
2026-10-04T23:48:56.207673+00:00 J-Link>mem32 0x200009C0, 10
2026-10-04T23:48:56.209963+00:00 200009C0 = 00000000 00000100 00000001 00010001 
2026-10-04T23:48:56.210089+00:00 200009D0 = 00000000 00000000 05F540D8 00000000 
2026-10-04T23:48:56.210167+00:00 200009E0 = 05F23398 00000000 00000000 00000000 
2026-10-04T23:48:56.210240+00:00 200009F0 = 00000000 00000000 00000000 00000000 
2026-10-04T23:48:56.210287+00:00 J-Link>mem32 0x20027300, 5
2026-10-04T23:48:56.211131+00:00 20027300 = 00000000 00000000 00000000 00000000 
2026-10-04T23:48:56.211238+00:00 20027310 = 00000000 
2026-10-04T23:48:56.211297+00:00 J-Link>mem32 0xE000ED28, 3
2026-10-04T23:48:56.211967+00:00 E000ED28 = 00000000 00000000 00000002 
2026-10-04T23:48:56.212049+00:00 J-Link>mem32 0xE000EDF0, 1
2026-10-04T23:48:56.212639+00:00 E000EDF0 = 00030003 
2026-10-04T23:48:56.212709+00:00 J-Link>sleep 100
2026-10-04T23:48:56.212749+00:00 Sleep(100)
2026-10-04T23:48:56.321467+00:00 J-Link>mem32 0x200009C0, 10
2026-10-04T23:48:56.322969+00:00 200009C0 = 00000000 00000100 00000001 00010001 
2026-10-04T23:48:56.323074+00:00 200009D0 = 00000000 00000000 05F540D8 00000000 
2026-10-04T23:48:56.323151+00:00 200009E0 = 05F23398 00000000 00000000 00000000 
2026-10-04T23:48:56.323228+00:00 200009F0 = 00000000 00000000 00000000 00000000 
2026-10-04T23:48:56.323276+00:00 J-Link>mem32 0x20027300, 5
2026-10-04T23:48:56.323952+00:00 20027300 = 00000000 00000000 00000000 00000000 
2026-10-04T23:48:56.324028+00:00 20027310 = 00000000 
2026-10-04T23:48:56.324075+00:00 J-Link>mem32 0xE000ED28, 3
2026-10-04T23:48:56.324753+00:00 E000ED28 = 00000000 00000000 00000002 
2026-10-04T23:48:56.324850+00:00 J-Link>mem32 0xE000EDF0, 1
2026-10-04T23:48:56.325637+00:00 E000EDF0 = 00030003 
2026-10-04T23:48:56.325721+00:00 J-Link>sleep 100
2026-10-04T23:48:56.325761+00:00 Sleep(100)
2026-10-04T23:48:56.429855+00:00 J-Link>mem32 0x200009C0, 10
2026-10-04T23:48:56.431471+00:00 200009C0 = 00000000 00000100 00000001 00010001 
2026-10-04T23:48:56.431576+00:00 200009D0 = 00000000 00000000 05F540D8 00000000 
2026-10-04T23:48:56.431653+00:00 200009E0 = 05F23398 00000000 00000000 00000000 
2026-10-04T23:48:56.431708+00:00 200009F0 = 00000000 00000000 00000000 00000000 
2026-10-04T23:48:56.431771+00:00 J-Link>mem32 0x20027300, 5
2026-10-04T23:48:56.432508+00:00 20027300 = 00000000 00000000 00000000 00000000 
2026-10-04T23:48:56.432585+00:00 20027310 = 00000000 
2026-10-04T23:48:56.432633+00:00 J-Link>mem32 0xE000ED28, 3
2026-10-04T23:48:56.433341+00:00 E000ED28 = 00000000 00000000 00000002 
2026-10-04T23:48:56.433435+00:00 J-Link>mem32 0xE000EDF0, 1
2026-10-04T23:48:56.434048+00:00 E000EDF0 = 00030003 
2026-10-04T23:48:56.434124+00:00 J-Link>sleep 100
2026-10-04T23:48:56.434164+00:00 Sleep(100)
2026-10-04T23:48:56.541621+00:00 J-Link>mem32 0x200009C0, 10
2026-10-04T23:48:56.543126+00:00 200009C0 = 00000000 00000100 00000001 00010001 
2026-10-04T23:48:56.543231+00:00 200009D0 = 00000000 00000000 05F540D8 00000000 
2026-10-04T23:48:56.543307+00:00 200009E0 = 05F23398 00000000 00000000 00000000 
2026-10-04T23:48:56.543384+00:00 200009F0 = 00000000 00000000 00000000 00000000 
2026-10-04T23:48:56.543432+00:00 J-Link>mem32 0x20027300, 5
2026-10-04T23:48:56.544118+00:00 20027300 = 00000000 00000000 00000000 00000000 
2026-10-04T23:48:56.544199+00:00 20027310 = 00000000 
2026-10-04T23:48:56.544251+00:00 J-Link>mem32 0xE000ED28, 3
2026-10-04T23:48:56.544920+00:00 E000ED28 = 00000000 00000000 00000002 
2026-10-04T23:48:56.544998+00:00 J-Link>mem32 0xE000EDF0, 1
2026-10-04T23:48:56.545619+00:00 E000EDF0 = 00030003 
2026-10-04T23:48:56.545691+00:00 J-Link>sleep 100
2026-10-04T23:48:56.545733+00:00 Sleep(100)
2026-10-04T23:48:56.649996+00:00 J-Link>mem32 0x200009C0, 10
2026-10-04T23:48:56.651494+00:00 200009C0 = 00000000 00000100 00000001 00010001 
2026-10-04T23:48:56.651596+00:00 200009D0 = 00000000 00000000 05F540D8 00000000 
2026-10-04T23:48:56.651685+00:00 200009E0 = 05F23398 00000000 00000000 00000000 
2026-10-04T23:48:56.651744+00:00 200009F0 = 00000000 00000000 00000000 00000000 
2026-10-04T23:48:56.651806+00:00 J-Link>mem32 0x20027300, 5
2026-10-04T23:48:56.652532+00:00 20027300 = 00000000 00000000 00000000 00000000 
2026-10-04T23:48:56.652611+00:00 20027310 = 00000000 
2026-10-04T23:48:56.652659+00:00 J-Link>mem32 0xE000ED28, 3
2026-10-04T23:48:56.653335+00:00 E000ED28 = 00000000 00000000 00000002 
2026-10-04T23:48:56.653416+00:00 J-Link>mem32 0xE000EDF0, 1
2026-10-04T23:48:56.654050+00:00 E000EDF0 = 00030003 
2026-10-04T23:48:56.654124+00:00 J-Link>sleep 100
2026-10-04T23:48:56.654165+00:00 Sleep(100)
2026-10-04T23:48:56.758548+00:00 J-Link>mem32 0x200009C0, 10
2026-10-04T23:48:56.760071+00:00 200009C0 = 00000000 00000100 00000001 00010001 
2026-10-04T23:48:56.760215+00:00 200009D0 = 00000000 00000000 05F540D8 00000000 
2026-10-04T23:48:56.760292+00:00 200009E0 = 05F23398 00000000 00000000 00000000 
2026-10-04T23:48:56.760362+00:00 200009F0 = 00000000 00000000 00000000 00000000 
2026-10-04T23:48:56.760413+00:00 J-Link>mem32 0x20027300, 5
2026-10-04T23:48:56.761109+00:00 20027300 = 00000000 00000000 00000000 00000000 
2026-10-04T23:48:56.761196+00:00 20027310 = 00000000 
2026-10-04T23:48:56.761248+00:00 J-Link>mem32 0xE000ED28, 3
2026-10-04T23:48:56.761928+00:00 E000ED28 = 00000000 00000000 00000002 
2026-10-04T23:48:56.762014+00:00 J-Link>mem32 0xE000EDF0, 1
2026-10-04T23:48:56.762686+00:00 E000EDF0 = 00030003 
2026-10-04T23:48:56.762781+00:00 J-Link>sleep 100
2026-10-04T23:48:56.762871+00:00 Sleep(100)
2026-10-04T23:48:56.872763+00:00 J-Link>mem32 0x200009C0, 10
2026-10-04T23:48:56.874261+00:00 200009C0 = 00000000 00000100 00000001 00010001 
2026-10-04T23:48:56.874391+00:00 200009D0 = 00000000 00000000 05F540D8 00000000 
2026-10-04T23:48:56.874475+00:00 200009E0 = 05F23398 00000000 00000000 00000000 
2026-10-04T23:48:56.874557+00:00 200009F0 = 00000000 00000000 00000000 00000000 
2026-10-04T23:48:56.874607+00:00 J-Link>mem32 0x20027300, 5
2026-10-04T23:48:56.875290+00:00 20027300 = 00000000 00000000 00000000 00000000 
2026-10-04T23:48:56.875376+00:00 20027310 = 00000000 
2026-10-04T23:48:56.875430+00:00 J-Link>mem32 0xE000ED28, 3
2026-10-04T23:48:56.876144+00:00 E000ED28 = 00000000 00000000 00000002 
2026-10-04T23:48:56.876225+00:00 J-Link>mem32 0xE000EDF0, 1
2026-10-04T23:48:56.877110+00:00 E000EDF0 = 00030003 
2026-10-04T23:48:56.877210+00:00 J-Link>sleep 100
2026-10-04T23:48:56.877262+00:00 Sleep(100)
2026-10-04T23:48:56.987191+00:00 J-Link>mem32 0x200009C0, 10
2026-10-04T23:48:56.989393+00:00 200009C0 = 00000000 00000100 00000001 00010001 
2026-10-04T23:48:56.989506+00:00 200009D0 = 00000000 00000000 05F540D8 00000000 
2026-10-04T23:48:56.989583+00:00 200009E0 = 05F23398 00000000 00000000 00000000 
2026-10-04T23:48:56.989659+00:00 200009F0 = 00000000 00000000 00000000 00000000 
2026-10-04T23:48:56.989705+00:00 J-Link>mem32 0x20027300, 5
2026-10-04T23:48:56.990345+00:00 20027300 = 00000000 00000000 00000000 00000000 
2026-10-04T23:48:56.990419+00:00 20027310 = 00000000 
2026-10-04T23:48:56.990466+00:00 J-Link>mem32 0xE000ED28, 3
2026-10-04T23:48:56.991136+00:00 E000ED28 = 00000000 00000000 00000002 
2026-10-04T23:48:56.991223+00:00 J-Link>mem32 0xE000EDF0, 1
2026-10-04T23:48:56.991799+00:00 E000EDF0 = 00030003 
2026-10-04T23:48:56.991872+00:00 J-Link>sleep 100
2026-10-04T23:48:56.991912+00:00 Sleep(100)
2026-10-04T23:48:57.094315+00:00 J-Link>mem32 0x200009C0, 10
2026-10-04T23:48:57.095993+00:00 200009C0 = 00000000 00000100 00000001 00010001 
2026-10-04T23:48:57.096136+00:00 200009D0 = 00000000 00000000 05F540D8 00000000 
2026-10-04T23:48:57.096206+00:00 200009E0 = 05F23398 00000000 00000000 00000000 
2026-10-04T23:48:57.096279+00:00 200009F0 = 00000000 00000000 00000000 00000000 
2026-10-04T23:48:57.096330+00:00 J-Link>mem32 0x20027300, 5
2026-10-04T23:48:57.096980+00:00 20027300 = 00000000 00000000 00000000 00000000 
2026-10-04T23:48:57.097067+00:00 20027310 = 00000000 
2026-10-04T23:48:57.097117+00:00 J-Link>mem32 0xE000ED28, 3
2026-10-04T23:48:57.097796+00:00 E000ED28 = 00000000 00000000 00000002 
2026-10-04T23:48:57.097873+00:00 J-Link>mem32 0xE000EDF0, 1
2026-10-04T23:48:57.098484+00:00 E000EDF0 = 00030003 
2026-10-04T23:48:57.098565+00:00 J-Link>sleep 100
2026-10-04T23:48:57.098609+00:00 Sleep(100)
2026-10-04T23:48:57.208547+00:00 J-Link>mem32 0x200009C0, 10
2026-10-04T23:48:57.210079+00:00 200009C0 = 00000000 00000100 00000001 00010001 
2026-10-04T23:48:57.210184+00:00 200009D0 = 00000000 00000000 05F540D8 00000000 
2026-10-04T23:48:57.210258+00:00 200009E0 = 05F23398 00000000 00000000 00000000 
2026-10-04T23:48:57.210329+00:00 200009F0 = 00000000 00000000 00000000 00000000 
2026-10-04T23:48:57.210373+00:00 J-Link>mem32 0x20027300, 5
2026-10-04T23:48:57.211046+00:00 20027300 = 00000000 00000000 00000000 00000000 
2026-10-04T23:48:57.211120+00:00 20027310 = 00000000 
2026-10-04T23:48:57.211180+00:00 J-Link>mem32 0xE000ED28, 3
2026-10-04T23:48:57.211883+00:00 E000ED28 = 00000000 00000000 00000002 
2026-10-04T23:48:57.211956+00:00 J-Link>mem32 0xE000EDF0, 1
2026-10-04T23:48:57.212539+00:00 E000EDF0 = 00030003 
2026-10-04T23:48:57.212610+00:00 J-Link>sleep 100
2026-10-04T23:48:57.212648+00:00 Sleep(100)
2026-10-04T23:48:57.317539+00:00 J-Link>mem32 0x200009C0, 10
2026-10-04T23:48:57.319064+00:00 200009C0 = 00000000 00000100 00000001 00010001 
2026-10-04T23:48:57.319180+00:00 200009D0 = 00000000 00000000 05F540D8 00000000 
2026-10-04T23:48:57.319238+00:00 200009E0 = 05F23398 00000000 00000000 00000000 
2026-10-04T23:48:57.319283+00:00 200009F0 = 00000000 00000000 00000000 00000000 
2026-10-04T23:48:57.319343+00:00 J-Link>mem32 0x20027300, 5
2026-10-04T23:48:57.320029+00:00 20027300 = 00000000 00000000 00000000 00000000 
2026-10-04T23:48:57.320099+00:00 20027310 = 00000000 
2026-10-04T23:48:57.320142+00:00 J-Link>mem32 0xE000ED28, 3
2026-10-04T23:48:57.321010+00:00 E000ED28 = 00000000 00000000 00000002 
2026-10-04T23:48:57.321106+00:00 J-Link>mem32 0xE000EDF0, 1
2026-10-04T23:48:57.321678+00:00 E000EDF0 = 00030003 
2026-10-04T23:48:57.321751+00:00 J-Link>sleep 100
2026-10-04T23:48:57.321789+00:00 Sleep(100)
2026-10-04T23:48:57.426846+00:00 J-Link>mem32 0x200009C0, 10
2026-10-04T23:48:57.428255+00:00 200009C0 = 00000000 00000100 00000001 00010001 
2026-10-04T23:48:57.428354+00:00 200009D0 = 00000000 00000000 05F540D8 00000000 
2026-10-04T23:48:57.428411+00:00 200009E0 = 05F23398 00000000 00000000 00000000 
2026-10-04T23:48:57.428468+00:00 200009F0 = 00000000 00000000 00000000 00000000 
2026-10-04T23:48:57.428510+00:00 J-Link>mem32 0x20027300, 5
2026-10-04T23:48:57.429190+00:00 20027300 = 00000000 00000000 00000000 00000000 
2026-10-04T23:48:57.429264+00:00 20027310 = 00000000 
2026-10-04T23:48:57.429309+00:00 J-Link>mem32 0xE000ED28, 3
2026-10-04T23:48:57.429942+00:00 E000ED28 = 00000000 00000000 00000002 
2026-10-04T23:48:57.430010+00:00 J-Link>mem32 0xE000EDF0, 1
2026-10-04T23:48:57.430598+00:00 E000EDF0 = 00030003 
2026-10-04T23:48:57.430660+00:00 J-Link>sleep 100
2026-10-04T23:48:57.430696+00:00 Sleep(100)
2026-10-04T23:48:57.532163+00:00 J-Link>q
2026-10-04T23:48:57.532266+00:00 
2026-10-04T23:48:57.532309+00:00 Script processing completed.
2026-10-04T23:48:57.532347+00:00 
