2026-10-05T07:05:02.077683+00:00 SEGGER J-Link Commander V9.66 (Compiled Aug  5 2026 12:20:09)
2026-10-05T07:05:02.079745+00:00 DLL version V9.66, compiled Aug  5 2026 12:19:06
2026-10-05T07:05:02.079761+00:00 
2026-10-05T07:05:02.079769+00:00 
2026-10-05T07:05:02.079774+00:00 J-Link Command File read successfully.
2026-10-05T07:05:02.079779+00:00 Processing script file...
2026-10-05T07:05:02.079783+00:00 J-Link>connect
2026-10-05T07:05:02.079787+00:00 J-Link connection not established yet but required for command.
2026-10-05T07:05:02.288066+00:00 Connecting to J-Link ...O.K.
2026-10-05T07:05:02.288112+00:00 Firmware: J-Link OB-SAM3U128-V2-NordicSemi compiled Jul  8 2025 10:14:41
2026-10-05T07:05:02.288121+00:00 Hardware version: V1.00
2026-10-05T07:05:02.289858+00:00 J-Link uptime (since boot): 0d 07h 14m 47s
2026-10-05T07:05:02.289871+00:00 S/N: 683833660
2026-10-05T07:05:02.294403+00:00 License(s): RDI,FlashBP,FlashDL,JFlash,GDB
2026-10-05T07:05:02.294530+00:00 USB speed mode: High speed (480 MBit/s)
2026-10-05T07:05:02.294632+00:00 VTref=3.300V
2026-10-05T07:05:02.302384+00:00 Device "NRF52840_XXAA" selected.
2026-10-05T07:05:02.302762+00:00 
2026-10-05T07:05:02.302770+00:00 
2026-10-05T07:05:02.303335+00:00 Connecting to target via SWD
2026-10-05T07:05:02.303621+00:00 InitTarget() start
2026-10-05T07:05:02.305754+00:00 InitTarget() end - Took 2.09ms
2026-10-05T07:05:02.306224+00:00 Found SW-DP with ID 0x2BA01477
2026-10-05T07:05:02.307930+00:00 DPIDR: 0x2BA01477
2026-10-05T07:05:02.307937+00:00 CoreSight SoC-400 or earlier
2026-10-05T07:05:02.307943+00:00 Scanning AP map to find all available APs
2026-10-05T07:05:02.308878+00:00 AP[2]: Stopped AP scan as end of AP map has been reached
2026-10-05T07:05:02.308885+00:00 AP[0]: AHB-AP (IDR: 0x24770011, ADDR: 0x00000000)
2026-10-05T07:05:02.308890+00:00 AP[1]: JTAG-AP (IDR: 0x02880000, ADDR: 0x01000000)
2026-10-05T07:05:02.308894+00:00 Iterating through AP map to find AHB-AP to use
2026-10-05T07:05:02.309868+00:00 AP[0]: Core found
2026-10-05T07:05:02.309881+00:00 AP[0]: AHB-AP ROM base: 0xE00FF000
2026-10-05T07:05:02.310322+00:00 CPUID register: 0x410FC241. Implementer code: 0x41 (ARM)
2026-10-05T07:05:02.310332+00:00 Found Cortex-M4 r0p1, Little endian.
2026-10-05T07:05:02.311933+00:00 FPUnit: 6 code (BP) slots and 2 literal slots
2026-10-05T07:05:02.315187+00:00 CoreSight components:
2026-10-05T07:05:02.315201+00:00 ROMTbl[0] @ E00FF000
2026-10-05T07:05:02.317196+00:00 [0][0]: E000E000 CID B105E00D PID 000BB00C SCS-M7
2026-10-05T07:05:02.317996+00:00 [0][1]: E0001000 CID B105E00D PID 003BB002 DWT
2026-10-05T07:05:02.318815+00:00 [0][2]: E0002000 CID B105E00D PID 002BB003 FPB
2026-10-05T07:05:02.319621+00:00 [0][3]: E0000000 CID B105E00D PID 003BB001 ITM
2026-10-05T07:05:02.320447+00:00 [0][4]: E0040000 CID B105900D PID 000BB9A1 TPIU
2026-10-05T07:05:02.321331+00:00 [0][5]: E0041000 CID B105900D PID 000BB925 ETM
2026-10-05T07:05:02.321558+00:00 Memory zones:
2026-10-05T07:05:02.321576+00:00   Zone: "Default" Description: Default access mode
2026-10-05T07:05:02.321587+00:00 Cortex-M4 identified.
2026-10-05T07:05:02.321598+00:00 J-Link>go
2026-10-05T07:05:02.322067+00:00 
2026-10-05T07:05:02.322081+00:00 ****** Error: CPU is not halted
2026-10-05T07:05:02.322085+00:00 J-Link>mem32 0x200009C0, 10
2026-10-05T07:05:02.323385+00:00 200009C0 = 00000000 00000100 00000001 00010001 
2026-10-05T07:05:02.323393+00:00 200009D0 = 00000000 00000000 05D28E08 00000000 
2026-10-05T07:05:02.323398+00:00 200009E0 = 1201B9D8 00000000 00000000 00000000 
2026-10-05T07:05:02.323405+00:00 200009F0 = 00000000 00000000 00000000 00000000 
2026-10-05T07:05:02.323409+00:00 J-Link>mem32 0x2000FC00, 5
2026-10-05T07:05:02.324061+00:00 2000FC00 = 00000000 00000000 00000000 00000000 
2026-10-05T07:05:02.324068+00:00 2000FC10 = 00000000 
2026-10-05T07:05:02.324072+00:00 J-Link>mem32 0xE000ED28, 3
2026-10-05T07:05:02.324816+00:00 E000ED28 = 00000000 00000000 00000000 
2026-10-05T07:05:02.324823+00:00 J-Link>mem32 0xE000EDF0, 1
2026-10-05T07:05:02.325282+00:00 E000EDF0 = 01010001 
2026-10-05T07:05:02.325292+00:00 J-Link>sleep 100
2026-10-05T07:05:02.325317+00:00 Sleep(100)
2026-10-05T07:05:02.435318+00:00 J-Link>mem32 0x200009C0, 10
2026-10-05T07:05:02.436516+00:00 200009C0 = 00000000 00000100 00000001 00010001 
2026-10-05T07:05:02.436524+00:00 200009D0 = 00000000 00000000 05D28E08 00000000 
2026-10-05T07:05:02.436532+00:00 200009E0 = 120403C8 00000000 00000000 00000000 
2026-10-05T07:05:02.436536+00:00 200009F0 = 00000000 00000000 00000000 00000000 
2026-10-05T07:05:02.436539+00:00 J-Link>mem32 0x2000FC00, 5
2026-10-05T07:05:02.437198+00:00 2000FC00 = 00000000 00000000 00000000 00000000 
2026-10-05T07:05:02.437204+00:00 2000FC10 = 00000000 
2026-10-05T07:05:02.437209+00:00 J-Link>mem32 0xE000ED28, 3
2026-10-05T07:05:02.437768+00:00 E000ED28 = 00000000 00000000 00000000 
2026-10-05T07:05:02.437775+00:00 J-Link>mem32 0xE000EDF0, 1
2026-10-05T07:05:02.438261+00:00 E000EDF0 = 01010001 
2026-10-05T07:05:02.438273+00:00 J-Link>sleep 100
2026-10-05T07:05:02.438277+00:00 Sleep(100)
2026-10-05T07:05:02.548300+00:00 J-Link>mem32 0x200009C0, 10
2026-10-05T07:05:02.549509+00:00 200009C0 = 00000000 00000100 00000001 00010001 
2026-10-05T07:05:02.549522+00:00 200009D0 = 00000000 00000000 05D28E08 00000000 
2026-10-05T07:05:02.549528+00:00 200009E0 = 12058A68 00000000 00000000 00000000 
2026-10-05T07:05:02.549537+00:00 200009F0 = 00000000 00000000 00000000 00000000 
2026-10-05T07:05:02.549542+00:00 J-Link>mem32 0x2000FC00, 5
2026-10-05T07:05:02.550187+00:00 2000FC00 = 00000000 00000000 00000000 00000000 
2026-10-05T07:05:02.550194+00:00 2000FC10 = 00000000 
2026-10-05T07:05:02.550199+00:00 J-Link>mem32 0xE000ED28, 3
2026-10-05T07:05:02.550756+00:00 E000ED28 = 00000000 00000000 00000000 
2026-10-05T07:05:02.550763+00:00 J-Link>mem32 0xE000EDF0, 1
2026-10-05T07:05:02.551225+00:00 E000EDF0 = 01010001 
2026-10-05T07:05:02.551234+00:00 J-Link>sleep 100
2026-10-05T07:05:02.551238+00:00 Sleep(100)
2026-10-05T07:05:02.661254+00:00 J-Link>mem32 0x200009C0, 10
2026-10-05T07:05:02.662453+00:00 200009C0 = 00000000 00000100 00000001 00010001 
2026-10-05T07:05:02.662464+00:00 200009D0 = 00000000 00000000 05D28E08 00000000 
2026-10-05T07:05:02.662471+00:00 200009E0 = 12071108 00000000 00000000 00000000 
2026-10-05T07:05:02.662475+00:00 200009F0 = 00000000 00000000 00000000 00000000 
2026-10-05T07:05:02.662478+00:00 J-Link>mem32 0x2000FC00, 5
2026-10-05T07:05:02.663252+00:00 2000FC00 = 00000000 00000000 00000000 00000000 
2026-10-05T07:05:02.663258+00:00 2000FC10 = 00000000 
2026-10-05T07:05:02.663263+00:00 J-Link>mem32 0xE000ED28, 3
2026-10-05T07:05:02.663821+00:00 E000ED28 = 00000000 00000000 00000000 
2026-10-05T07:05:02.663829+00:00 J-Link>mem32 0xE000EDF0, 1
2026-10-05T07:05:02.664293+00:00 E000EDF0 = 01010001 
2026-10-05T07:05:02.664302+00:00 J-Link>sleep 100
2026-10-05T07:05:02.664306+00:00 Sleep(100)
2026-10-05T07:05:02.772039+00:00 J-Link>mem32 0x200009C0, 10
2026-10-05T07:05:02.773289+00:00 200009C0 = 00000000 00000100 00000001 00010001 
2026-10-05T07:05:02.773295+00:00 200009D0 = 00000000 00000000 05D28E08 00000000 
2026-10-05T07:05:02.773301+00:00 200009E0 = 120897A8 00000000 00000000 00000000 
2026-10-05T07:05:02.773305+00:00 200009F0 = 00000000 00000000 00000000 00000000 
2026-10-05T07:05:02.773309+00:00 J-Link>mem32 0x2000FC00, 5
2026-10-05T07:05:02.773961+00:00 2000FC00 = 00000000 00000000 00000000 00000000 
2026-10-05T07:05:02.773967+00:00 2000FC10 = 00000000 
2026-10-05T07:05:02.773971+00:00 J-Link>mem32 0xE000ED28, 3
2026-10-05T07:05:02.774529+00:00 E000ED28 = 00000000 00000000 00000000 
2026-10-05T07:05:02.774537+00:00 J-Link>mem32 0xE000EDF0, 1
2026-10-05T07:05:02.774998+00:00 E000EDF0 = 01010001 
2026-10-05T07:05:02.775008+00:00 J-Link>sleep 100
2026-10-05T07:05:02.775012+00:00 Sleep(100)
2026-10-05T07:05:02.885033+00:00 J-Link>mem32 0x200009C0, 10
2026-10-05T07:05:02.886221+00:00 200009C0 = 00000000 00000100 00000001 00010001 
2026-10-05T07:05:02.886236+00:00 200009D0 = 00000000 00000000 05D28E08 00000000 
2026-10-05T07:05:02.886245+00:00 200009E0 = 120AE198 00000000 00000000 00000000 
2026-10-05T07:05:02.886249+00:00 200009F0 = 00000000 00000000 00000000 00000000 
2026-10-05T07:05:02.886263+00:00 J-Link>mem32 0x2000FC00, 5
2026-10-05T07:05:02.886920+00:00 2000FC00 = 00000000 00000000 00000000 00000000 
2026-10-05T07:05:02.886928+00:00 2000FC10 = 00000000 
2026-10-05T07:05:02.886932+00:00 J-Link>mem32 0xE000ED28, 3
2026-10-05T07:05:02.887476+00:00 E000ED28 = 00000000 00000000 00000000 
2026-10-05T07:05:02.887482+00:00 J-Link>mem32 0xE000EDF0, 1
2026-10-05T07:05:02.887957+00:00 E000EDF0 = 01010001 
2026-10-05T07:05:02.887963+00:00 J-Link>sleep 100
2026-10-05T07:05:02.887967+00:00 Sleep(100)
2026-10-05T07:05:02.990067+00:00 J-Link>mem32 0x200009C0, 10
2026-10-05T07:05:02.991286+00:00 200009C0 = 00000000 00000100 00000001 00010001 
2026-10-05T07:05:02.991294+00:00 200009D0 = 00000000 00000000 05D28E08 00000000 
2026-10-05T07:05:02.991301+00:00 200009E0 = 120C6838 00000000 00000000 00000000 
2026-10-05T07:05:02.991305+00:00 200009F0 = 00000000 00000000 00000000 00000000 
2026-10-05T07:05:02.991308+00:00 J-Link>mem32 0x2000FC00, 5
2026-10-05T07:05:02.991971+00:00 2000FC00 = 00000000 00000000 00000000 00000000 
2026-10-05T07:05:02.991977+00:00 2000FC10 = 00000000 
2026-10-05T07:05:02.991982+00:00 J-Link>mem32 0xE000ED28, 3
2026-10-05T07:05:02.992546+00:00 E000ED28 = 00000000 00000000 00000000 
2026-10-05T07:05:02.992551+00:00 J-Link>mem32 0xE000EDF0, 1
2026-10-05T07:05:02.993011+00:00 E000EDF0 = 01010001 
2026-10-05T07:05:02.993020+00:00 J-Link>sleep 100
2026-10-05T07:05:02.993023+00:00 Sleep(100)
2026-10-05T07:05:03.102322+00:00 J-Link>mem32 0x200009C0, 10
2026-10-05T07:05:03.103617+00:00 200009C0 = 00000000 00000100 00000001 00010001 
2026-10-05T07:05:03.103630+00:00 200009D0 = 00000000 00000000 05D28E08 00000000 
2026-10-05T07:05:03.103638+00:00 200009E0 = 120DEED8 00000000 00000000 00000000 
2026-10-05T07:05:03.103643+00:00 200009F0 = 00000000 00000000 00000000 00000000 
2026-10-05T07:05:03.103646+00:00 J-Link>mem32 0x2000FC00, 5
2026-10-05T07:05:03.104299+00:00 2000FC00 = 00000000 00000000 00000000 00000000 
2026-10-05T07:05:03.104321+00:00 2000FC10 = 00000000 
2026-10-05T07:05:03.104331+00:00 J-Link>mem32 0xE000ED28, 3
2026-10-05T07:05:03.104878+00:00 E000ED28 = 00000000 00000000 00000000 
2026-10-05T07:05:03.104888+00:00 J-Link>mem32 0xE000EDF0, 1
2026-10-05T07:05:03.105343+00:00 E000EDF0 = 01010001 
2026-10-05T07:05:03.105351+00:00 J-Link>sleep 100
2026-10-05T07:05:03.105355+00:00 Sleep(100)
2026-10-05T07:05:03.215385+00:00 J-Link>mem32 0x200009C0, 10
2026-10-05T07:05:03.216599+00:00 200009C0 = 00000000 00000100 00000001 00010001 
2026-10-05T07:05:03.216616+00:00 200009D0 = 00000000 00000000 05D28E08 00000000 
2026-10-05T07:05:03.216623+00:00 200009E0 = 120F7578 00000000 00000000 00000000 
2026-10-05T07:05:03.216628+00:00 200009F0 = 00000000 00000000 00000000 00000000 
2026-10-05T07:05:03.216632+00:00 J-Link>mem32 0x2000FC00, 5
2026-10-05T07:05:03.217294+00:00 2000FC00 = 00000000 00000000 00000000 00000000 
2026-10-05T07:05:03.217302+00:00 2000FC10 = 00000000 
2026-10-05T07:05:03.217306+00:00 J-Link>mem32 0xE000ED28, 3
2026-10-05T07:05:03.217877+00:00 E000ED28 = 00000000 00000000 00000000 
2026-10-05T07:05:03.217883+00:00 J-Link>mem32 0xE000EDF0, 1
2026-10-05T07:05:03.218356+00:00 E000EDF0 = 01010001 
2026-10-05T07:05:03.218372+00:00 J-Link>sleep 100
2026-10-05T07:05:03.218378+00:00 Sleep(100)
2026-10-05T07:05:03.328392+00:00 J-Link>mem32 0x200009C0, 10
2026-10-05T07:05:03.329615+00:00 200009C0 = 00000000 00000100 00000001 00010001 
2026-10-05T07:05:03.329629+00:00 200009D0 = 00000000 00000000 05D28E08 00000000 
2026-10-05T07:05:03.329636+00:00 200009E0 = 1210FC18 00000000 00000000 00000000 
2026-10-05T07:05:03.329644+00:00 200009F0 = 00000000 00000000 00000000 00000000 
2026-10-05T07:05:03.329647+00:00 J-Link>mem32 0x2000FC00, 5
2026-10-05T07:05:03.330307+00:00 2000FC00 = 00000000 00000000 00000000 00000000 
2026-10-05T07:05:03.330314+00:00 2000FC10 = 00000000 
2026-10-05T07:05:03.330317+00:00 J-Link>mem32 0xE000ED28, 3
2026-10-05T07:05:03.330878+00:00 E000ED28 = 00000000 00000000 00000000 
2026-10-05T07:05:03.330885+00:00 J-Link>mem32 0xE000EDF0, 1
2026-10-05T07:05:03.331348+00:00 E000EDF0 = 01010001 
2026-10-05T07:05:03.331357+00:00 J-Link>sleep 100
2026-10-05T07:05:03.331360+00:00 Sleep(100)
2026-10-05T07:05:03.441377+00:00 J-Link>mem32 0x200009C0, 10
2026-10-05T07:05:03.442590+00:00 200009C0 = 00000000 00000100 00000001 00010001 
2026-10-05T07:05:03.442597+00:00 200009D0 = 00000000 00000000 05D28E08 00000000 
2026-10-05T07:05:03.442601+00:00 200009E0 = 12134608 00000000 00000000 00000000 
2026-10-05T07:05:03.442607+00:00 200009F0 = 00000000 00000000 00000000 00000000 
2026-10-05T07:05:03.442611+00:00 J-Link>mem32 0x2000FC00, 5
2026-10-05T07:05:03.443274+00:00 2000FC00 = 00000000 00000000 00000000 00000000 
2026-10-05T07:05:03.443280+00:00 2000FC10 = 00000000 
2026-10-05T07:05:03.443284+00:00 J-Link>mem32 0xE000ED28, 3
2026-10-05T07:05:03.443837+00:00 E000ED28 = 00000000 00000000 00000000 
2026-10-05T07:05:03.443842+00:00 J-Link>mem32 0xE000EDF0, 1
2026-10-05T07:05:03.444306+00:00 E000EDF0 = 01010001 
2026-10-05T07:05:03.444319+00:00 J-Link>sleep 100
2026-10-05T07:05:03.444324+00:00 Sleep(100)
2026-10-05T07:05:03.554324+00:00 J-Link>mem32 0x200009C0, 10
2026-10-05T07:05:03.555635+00:00 200009C0 = 00000000 00000100 00000001 00010001 
2026-10-05T07:05:03.555644+00:00 200009D0 = 00000000 00000000 05D28E08 00000000 
2026-10-05T07:05:03.555650+00:00 200009E0 = 1214CCA8 00000000 00000000 00000000 
2026-10-05T07:05:03.555655+00:00 200009F0 = 00000000 00000000 00000000 00000000 
2026-10-05T07:05:03.555658+00:00 J-Link>mem32 0x2000FC00, 5
2026-10-05T07:05:03.556319+00:00 2000FC00 = 00000000 00000000 00000000 00000000 
2026-10-05T07:05:03.556327+00:00 2000FC10 = 00000000 
2026-10-05T07:05:03.556331+00:00 J-Link>mem32 0xE000ED28, 3
2026-10-05T07:05:03.556892+00:00 E000ED28 = 00000000 00000000 00000000 
2026-10-05T07:05:03.556897+00:00 J-Link>mem32 0xE000EDF0, 1
2026-10-05T07:05:03.557383+00:00 E000EDF0 = 01010001 
2026-10-05T07:05:03.557399+00:00 J-Link>sleep 100
2026-10-05T07:05:03.557406+00:00 Sleep(100)
2026-10-05T07:05:03.663591+00:00 J-Link>mem32 0x200009C0, 10
2026-10-05T07:05:03.664812+00:00 200009C0 = 00000000 00000100 00000001 00010001 
2026-10-05T07:05:03.664825+00:00 200009D0 = 00000000 00000000 05D28E08 00000000 
2026-10-05T07:05:03.664830+00:00 200009E0 = 12165730 00000000 00000000 00000000 
2026-10-05T07:05:03.664837+00:00 200009F0 = 00000000 00000000 00000000 00000000 
2026-10-05T07:05:03.664841+00:00 J-Link>mem32 0x2000FC00, 5
2026-10-05T07:05:03.665500+00:00 2000FC00 = 00000000 00000000 00000000 00000000 
2026-10-05T07:05:03.665509+00:00 2000FC10 = 00000000 
2026-10-05T07:05:03.665514+00:00 J-Link>mem32 0xE000ED28, 3
2026-10-05T07:05:03.666086+00:00 E000ED28 = 00000000 00000000 00000000 
2026-10-05T07:05:03.666093+00:00 J-Link>mem32 0xE000EDF0, 1
2026-10-05T07:05:03.666566+00:00 E000EDF0 = 01010001 
2026-10-05T07:05:03.666573+00:00 J-Link>sleep 100
2026-10-05T07:05:03.666577+00:00 Sleep(100)
2026-10-05T07:05:03.774607+00:00 J-Link>mem32 0x200009C0, 10
2026-10-05T07:05:03.775801+00:00 200009C0 = 00000000 00000100 00000001 00010001 
2026-10-05T07:05:03.775809+00:00 200009D0 = 00000000 00000000 05D28E08 00000000 
2026-10-05T07:05:03.775817+00:00 200009E0 = 1217DDD0 00000000 00000000 00000000 
2026-10-05T07:05:03.775821+00:00 200009F0 = 00000000 00000000 00000000 00000000 
2026-10-05T07:05:03.775824+00:00 J-Link>mem32 0x2000FC00, 5
2026-10-05T07:05:03.776504+00:00 2000FC00 = 00000000 00000000 00000000 00000000 
2026-10-05T07:05:03.776510+00:00 2000FC10 = 00000000 
2026-10-05T07:05:03.776514+00:00 J-Link>mem32 0xE000ED28, 3
2026-10-05T07:05:03.777071+00:00 E000ED28 = 00000000 00000000 00000000 
2026-10-05T07:05:03.777078+00:00 J-Link>mem32 0xE000EDF0, 1
2026-10-05T07:05:03.777540+00:00 E000EDF0 = 01010001 
2026-10-05T07:05:03.777551+00:00 J-Link>sleep 100
2026-10-05T07:05:03.777556+00:00 Sleep(100)
2026-10-05T07:05:03.881737+00:00 J-Link>mem32 0x200009C0, 10
2026-10-05T07:05:03.882944+00:00 200009C0 = 00000000 00000100 00000001 00010001 
2026-10-05T07:05:03.882951+00:00 200009D0 = 00000000 00000000 05D28E08 00000000 
2026-10-05T07:05:03.882958+00:00 200009E0 = 12196470 00000000 00000000 00000000 
2026-10-05T07:05:03.882973+00:00 200009F0 = 00000000 00000000 00000000 00000000 
2026-10-05T07:05:03.882977+00:00 J-Link>mem32 0x2000FC00, 5
2026-10-05T07:05:03.883630+00:00 2000FC00 = 00000000 00000000 00000000 00000000 
2026-10-05T07:05:03.883635+00:00 2000FC10 = 00000000 
2026-10-05T07:05:03.883639+00:00 J-Link>mem32 0xE000ED28, 3
2026-10-05T07:05:03.884255+00:00 E000ED28 = 00000000 00000000 00000000 
2026-10-05T07:05:03.884263+00:00 J-Link>mem32 0xE000EDF0, 1
2026-10-05T07:05:03.884753+00:00 E000EDF0 = 01010001 
2026-10-05T07:05:03.884762+00:00 J-Link>sleep 100
2026-10-05T07:05:03.884766+00:00 Sleep(100)
2026-10-05T07:05:03.986000+00:00 J-Link>mem32 0x200009C0, 10
2026-10-05T07:05:03.987218+00:00 200009C0 = 00000000 00000100 00000001 00010001 
2026-10-05T07:05:03.987225+00:00 200009D0 = 00000000 00000000 05D28E08 00000000 
2026-10-05T07:05:03.987235+00:00 200009E0 = 121BAE60 00000000 00000000 00000000 
2026-10-05T07:05:03.987239+00:00 200009F0 = 00000000 00000000 00000000 00000000 
2026-10-05T07:05:03.987242+00:00 J-Link>mem32 0x2000FC00, 5
2026-10-05T07:05:03.987897+00:00 2000FC00 = 00000000 00000000 00000000 00000000 
2026-10-05T07:05:03.987903+00:00 2000FC10 = 00000000 
2026-10-05T07:05:03.987907+00:00 J-Link>mem32 0xE000ED28, 3
2026-10-05T07:05:03.988469+00:00 E000ED28 = 00000000 00000000 00000000 
2026-10-05T07:05:03.988476+00:00 J-Link>mem32 0xE000EDF0, 1
2026-10-05T07:05:03.988942+00:00 E000EDF0 = 01010001 
2026-10-05T07:05:03.988950+00:00 J-Link>sleep 100
2026-10-05T07:05:03.988954+00:00 Sleep(100)
2026-10-05T07:05:04.089555+00:00 J-Link>mem32 0x200009C0, 10
2026-10-05T07:05:04.090832+00:00 200009C0 = 00000000 00000100 00000001 00010001 
2026-10-05T07:05:04.090839+00:00 200009D0 = 00000000 00000000 05D28E08 00000000 
2026-10-05T07:05:04.090846+00:00 200009E0 = 121D3500 00000000 00000000 00000000 
2026-10-05T07:05:04.090850+00:00 200009F0 = 00000000 00000000 00000000 00000000 
2026-10-05T07:05:04.090852+00:00 J-Link>mem32 0x2000FC00, 5
2026-10-05T07:05:04.091517+00:00 2000FC00 = 00000000 00000000 00000000 00000000 
2026-10-05T07:05:04.091523+00:00 2000FC10 = 00000000 
2026-10-05T07:05:04.091527+00:00 J-Link>mem32 0xE000ED28, 3
2026-10-05T07:05:04.092084+00:00 E000ED28 = 00000000 00000000 00000000 
2026-10-05T07:05:04.092093+00:00 J-Link>mem32 0xE000EDF0, 1
2026-10-05T07:05:04.092559+00:00 E000EDF0 = 01010001 
2026-10-05T07:05:04.092569+00:00 J-Link>sleep 100
2026-10-05T07:05:04.092572+00:00 Sleep(100)
2026-10-05T07:05:04.194758+00:00 J-Link>mem32 0x200009C0, 10
2026-10-05T07:05:04.196047+00:00 200009C0 = 00000000 00000100 00000001 00010001 
2026-10-05T07:05:04.196059+00:00 200009D0 = 00000000 00000000 05D28E08 00000000 
2026-10-05T07:05:04.196066+00:00 200009E0 = 121EBBA0 00000000 00000000 00000000 
2026-10-05T07:05:04.196069+00:00 200009F0 = 00000000 00000000 00000000 00000000 
2026-10-05T07:05:04.196073+00:00 J-Link>mem32 0x2000FC00, 5
2026-10-05T07:05:04.196727+00:00 2000FC00 = 00000000 00000000 00000000 00000000 
2026-10-05T07:05:04.196734+00:00 2000FC10 = 00000000 
2026-10-05T07:05:04.196737+00:00 J-Link>mem32 0xE000ED28, 3
2026-10-05T07:05:04.197294+00:00 E000ED28 = 00000000 00000000 00000000 
2026-10-05T07:05:04.197300+00:00 J-Link>mem32 0xE000EDF0, 1
2026-10-05T07:05:04.197760+00:00 E000EDF0 = 01010001 
2026-10-05T07:05:04.197769+00:00 J-Link>sleep 100
2026-10-05T07:05:04.197773+00:00 Sleep(100)
2026-10-05T07:05:04.302005+00:00 J-Link>mem32 0x200009C0, 10
2026-10-05T07:05:04.303205+00:00 200009C0 = 00000000 00000100 00000001 00010001 
2026-10-05T07:05:04.303212+00:00 200009D0 = 00000000 00000000 05D28E08 00000000 
2026-10-05T07:05:04.303218+00:00 200009E0 = 12204240 00000000 00000000 00000000 
2026-10-05T07:05:04.303222+00:00 200009F0 = 00000000 00000000 00000000 00000000 
2026-10-05T07:05:04.303225+00:00 J-Link>mem32 0x2000FC00, 5
2026-10-05T07:05:04.303888+00:00 2000FC00 = 00000000 00000000 00000000 00000000 
2026-10-05T07:05:04.303896+00:00 2000FC10 = 00000000 
2026-10-05T07:05:04.303900+00:00 J-Link>mem32 0xE000ED28, 3
2026-10-05T07:05:04.304465+00:00 E000ED28 = 00000000 00000000 00000000 
2026-10-05T07:05:04.304483+00:00 J-Link>mem32 0xE000EDF0, 1
2026-10-05T07:05:04.304938+00:00 E000EDF0 = 01010001 
2026-10-05T07:05:04.304944+00:00 J-Link>sleep 100
2026-10-05T07:05:04.304949+00:00 Sleep(100)
2026-10-05T07:05:04.410072+00:00 J-Link>mem32 0x200009C0, 10
2026-10-05T07:05:04.411278+00:00 200009C0 = 00000000 00000100 00000001 00010001 
2026-10-05T07:05:04.411284+00:00 200009D0 = 00000000 00000000 05D28E08 00000000 
2026-10-05T07:05:04.411289+00:00 200009E0 = 1221C8E0 00000000 00000000 00000000 
2026-10-05T07:05:04.411294+00:00 200009F0 = 00000000 00000000 00000000 00000000 
2026-10-05T07:05:04.411298+00:00 J-Link>mem32 0x2000FC00, 5
2026-10-05T07:05:04.411955+00:00 2000FC00 = 00000000 00000000 00000000 00000000 
2026-10-05T07:05:04.411961+00:00 2000FC10 = 00000000 
2026-10-05T07:05:04.411965+00:00 J-Link>mem32 0xE000ED28, 3
2026-10-05T07:05:04.412523+00:00 E000ED28 = 00000000 00000000 00000000 
2026-10-05T07:05:04.412531+00:00 J-Link>mem32 0xE000EDF0, 1
2026-10-05T07:05:04.413002+00:00 E000EDF0 = 01010001 
2026-10-05T07:05:04.413010+00:00 J-Link>sleep 100
2026-10-05T07:05:04.413014+00:00 Sleep(100)
2026-10-05T07:05:04.523028+00:00 J-Link>q
2026-10-05T07:05:04.523048+00:00 
2026-10-05T07:05:04.523057+00:00 Script processing completed.
2026-10-05T07:05:04.523060+00:00 
